Archive member included to satisfy reference by file (symbol)

c:/program files (x86)/atollic/truestudio for stm32 9.0.1/armtools/bin/../lib/gcc/arm-atollic-eabi/6.3.1/../../../../arm-atollic-eabi/lib/armv7e-m/fpu\libc.a(lib_a-errno.o)
                              Src\syscalls.o (__errno)
c:/program files (x86)/atollic/truestudio for stm32 9.0.1/armtools/bin/../lib/gcc/arm-atollic-eabi/6.3.1/../../../../arm-atollic-eabi/lib/armv7e-m/fpu\libc.a(lib_a-impure.o)
                              Src\main.o (_impure_ptr)
c:/program files (x86)/atollic/truestudio for stm32 9.0.1/armtools/bin/../lib/gcc/arm-atollic-eabi/6.3.1/../../../../arm-atollic-eabi/lib/armv7e-m/fpu\libc.a(lib_a-init.o)
                              startup\startup_stm32f303x8.o (__libc_init_array)
c:/program files (x86)/atollic/truestudio for stm32 9.0.1/armtools/bin/../lib/gcc/arm-atollic-eabi/6.3.1/../../../../arm-atollic-eabi/lib/armv7e-m/fpu\libc.a(lib_a-memset.o)
                              Src\main.o (memset)
c:/program files (x86)/atollic/truestudio for stm32 9.0.1/armtools/bin/../lib/gcc/arm-atollic-eabi/6.3.1/../../../../arm-atollic-eabi/lib/armv7e-m/fpu\libc.a(lib_a-printf.o)
                              Inc\CAN\CAN.o (printf)
c:/program files (x86)/atollic/truestudio for stm32 9.0.1/armtools/bin/../lib/gcc/arm-atollic-eabi/6.3.1/../../../../arm-atollic-eabi/lib/armv7e-m/fpu\libc.a(lib_a-setbuf.o)
                              Src\main.o (setbuf)
c:/program files (x86)/atollic/truestudio for stm32 9.0.1/armtools/bin/../lib/gcc/arm-atollic-eabi/6.3.1/../../../../arm-atollic-eabi/lib/armv7e-m/fpu\libc.a(lib_a-setvbuf.o)
                              c:/program files (x86)/atollic/truestudio for stm32 9.0.1/armtools/bin/../lib/gcc/arm-atollic-eabi/6.3.1/../../../../arm-atollic-eabi/lib/armv7e-m/fpu\libc.a(lib_a-setbuf.o) (setvbuf)
c:/program files (x86)/atollic/truestudio for stm32 9.0.1/armtools/bin/../lib/gcc/arm-atollic-eabi/6.3.1/../../../../arm-atollic-eabi/lib/armv7e-m/fpu\libc.a(lib_a-vfprintf.o)
                              c:/program files (x86)/atollic/truestudio for stm32 9.0.1/armtools/bin/../lib/gcc/arm-atollic-eabi/6.3.1/../../../../arm-atollic-eabi/lib/armv7e-m/fpu\libc.a(lib_a-printf.o) (_vfprintf_r)
c:/program files (x86)/atollic/truestudio for stm32 9.0.1/armtools/bin/../lib/gcc/arm-atollic-eabi/6.3.1/../../../../arm-atollic-eabi/lib/armv7e-m/fpu\libc.a(lib_a-wsetup.o)
                              c:/program files (x86)/atollic/truestudio for stm32 9.0.1/armtools/bin/../lib/gcc/arm-atollic-eabi/6.3.1/../../../../arm-atollic-eabi/lib/armv7e-m/fpu\libc.a(lib_a-vfprintf.o) (__swsetup_r)
c:/program files (x86)/atollic/truestudio for stm32 9.0.1/armtools/bin/../lib/gcc/arm-atollic-eabi/6.3.1/../../../../arm-atollic-eabi/lib/armv7e-m/fpu\libc.a(lib_a-dtoa.o)
                              c:/program files (x86)/atollic/truestudio for stm32 9.0.1/armtools/bin/../lib/gcc/arm-atollic-eabi/6.3.1/../../../../arm-atollic-eabi/lib/armv7e-m/fpu\libc.a(lib_a-vfprintf.o) (_dtoa_r)
c:/program files (x86)/atollic/truestudio for stm32 9.0.1/armtools/bin/../lib/gcc/arm-atollic-eabi/6.3.1/../../../../arm-atollic-eabi/lib/armv7e-m/fpu\libc.a(lib_a-fflush.o)
                              c:/program files (x86)/atollic/truestudio for stm32 9.0.1/armtools/bin/../lib/gcc/arm-atollic-eabi/6.3.1/../../../../arm-atollic-eabi/lib/armv7e-m/fpu\libc.a(lib_a-setvbuf.o) (_fflush_r)
c:/program files (x86)/atollic/truestudio for stm32 9.0.1/armtools/bin/../lib/gcc/arm-atollic-eabi/6.3.1/../../../../arm-atollic-eabi/lib/armv7e-m/fpu\libc.a(lib_a-findfp.o)
                              c:/program files (x86)/atollic/truestudio for stm32 9.0.1/armtools/bin/../lib/gcc/arm-atollic-eabi/6.3.1/../../../../arm-atollic-eabi/lib/armv7e-m/fpu\libc.a(lib_a-printf.o) (__sinit)
c:/program files (x86)/atollic/truestudio for stm32 9.0.1/armtools/bin/../lib/gcc/arm-atollic-eabi/6.3.1/../../../../arm-atollic-eabi/lib/armv7e-m/fpu\libc.a(lib_a-freer.o)
                              c:/program files (x86)/atollic/truestudio for stm32 9.0.1/armtools/bin/../lib/gcc/arm-atollic-eabi/6.3.1/../../../../arm-atollic-eabi/lib/armv7e-m/fpu\libc.a(lib_a-setvbuf.o) (_free_r)
c:/program files (x86)/atollic/truestudio for stm32 9.0.1/armtools/bin/../lib/gcc/arm-atollic-eabi/6.3.1/../../../../arm-atollic-eabi/lib/armv7e-m/fpu\libc.a(lib_a-fwalk.o)
                              c:/program files (x86)/atollic/truestudio for stm32 9.0.1/armtools/bin/../lib/gcc/arm-atollic-eabi/6.3.1/../../../../arm-atollic-eabi/lib/armv7e-m/fpu\libc.a(lib_a-findfp.o) (_fwalk)
c:/program files (x86)/atollic/truestudio for stm32 9.0.1/armtools/bin/../lib/gcc/arm-atollic-eabi/6.3.1/../../../../arm-atollic-eabi/lib/armv7e-m/fpu\libc.a(lib_a-localeconv.o)
                              c:/program files (x86)/atollic/truestudio for stm32 9.0.1/armtools/bin/../lib/gcc/arm-atollic-eabi/6.3.1/../../../../arm-atollic-eabi/lib/armv7e-m/fpu\libc.a(lib_a-vfprintf.o) (_localeconv_r)
[...]
Memory Configuration

Name             Origin             Length             Attributes
RAM              0x20000000         0x00003000         xrw
CCMRAM           0x10000000         0x00001000         rw
FLASH            0x08000000         0x00010000         xr
*default*        0x00000000         0xffffffff

Linker script and memory map

LOAD c:/program files (x86)/atollic/truestudio for stm32 9.0.1/armtools/bin/../lib/gcc/arm-atollic-eabi/6.3.1/armv7e-m/fpu/crti.o
LOAD c:/program files (x86)/atollic/truestudio for stm32 9.0.1/armtools/bin/../lib/gcc/arm-atollic-eabi/6.3.1/armv7e-m/fpu/crtbegin.o
LOAD Drivers\STM32F3xx_HAL_Driver\Src\stm32f3xx_hal.o
LOAD Drivers\STM32F3xx_HAL_Driver\Src\stm32f3xx_hal_adc.o
LOAD Drivers\STM32F3xx_HAL_Driver\Src\stm32f3xx_hal_adc_ex.o
LOAD Drivers\STM32F3xx_HAL_Driver\Src\stm32f3xx_hal_can.o
LOAD Drivers\STM32F3xx_HAL_Driver\Src\stm32f3xx_hal_cortex.o
LOAD Drivers\STM32F3xx_HAL_Driver\Src\stm32f3xx_hal_dma.o
LOAD Drivers\STM32F3xx_HAL_Driver\Src\stm32f3xx_hal_flash.o
LOAD Drivers\STM32F3xx_HAL_Driver\Src\stm32f3xx_hal_flash_ex.o
LOAD Drivers\STM32F3xx_HAL_Driver\Src\stm32f3xx_hal_gpio.o
LOAD Drivers\STM32F3xx_HAL_Driver\Src\stm32f3xx_hal_i2c.o
LOAD Drivers\STM32F3xx_HAL_Driver\Src\stm32f3xx_hal_i2c_ex.o
LOAD Drivers\STM32F3xx_HAL_Driver\Src\stm32f3xx_hal_pwr.o
LOAD Drivers\STM32F3xx_HAL_Driver\Src\stm32f3xx_hal_pwr_ex.o
LOAD Drivers\STM32F3xx_HAL_Driver\Src\stm32f3xx_hal_rcc.o
LOAD Drivers\STM32F3xx_HAL_Driver\Src\stm32f3xx_hal_rcc_ex.o
LOAD Drivers\STM32F3xx_HAL_Driver\Src\stm32f3xx_hal_tim.o
LOAD Drivers\STM32F3xx_HAL_Driver\Src\stm32f3xx_hal_tim_ex.o
LOAD Drivers\STM32F3xx_HAL_Driver\Src\stm32f3xx_hal_uart.o
LOAD Drivers\STM32F3xx_HAL_Driver\Src\stm32f3xx_hal_uart_ex.o
LOAD Inc\ADC\ADC.o
LOAD Inc\Application\Application.o
LOAD Inc\CAN\CAN.o
LOAD Inc\InterruptIvent\interrupt.o
LOAD Inc\MicroSW\MicroSW.o
LOAD Inc\VL53L0X\VL53L0X.o
LOAD Src\adc.o
LOAD Src\can.o
LOAD Src\dma.o
LOAD Src\gpio.o
LOAD Src\i2c.o
LOAD Src\main.o
LOAD Src\scanf.o
LOAD Src\stm32f3xx_hal_msp.o
LOAD Src\stm32f3xx_it.o
LOAD Src\syscalls.o
LOAD Src\system_stm32f3xx.o
LOAD Src\tim.o
LOAD Src\usart.o
LOAD startup\startup_stm32f303x8.o
                0x00001000                malloc_getpagesize_P = 0x1000
START GROUP
LOAD c:/program files (x86)/atollic/truestudio for stm32 9.0.1/armtools/bin/../lib/gcc/arm-atollic-eabi/6.3.1/../../../../arm-atollic-eabi/lib/armv7e-m/fpu\libstdc++.a
LOAD c:/program files (x86)/atollic/truestudio for stm32 9.0.1/armtools/bin/../lib/gcc/arm-atollic-eabi/6.3.1/../../../../arm-atollic-eabi/lib/armv7e-m/fpu\libsupc++.a
END GROUP
LOAD c:/program files (x86)/atollic/truestudio for stm32 9.0.1/armtools/bin/../lib/gcc/arm-atollic-eabi/6.3.1/../../../../arm-atollic-eabi/lib/armv7e-m/fpu\libstdc++.a
LOAD c:/program files (x86)/atollic/truestudio for stm32 9.0.1/armtools/bin/../lib/gcc/arm-atollic-eabi/6.3.1/../../../../arm-atollic-eabi/lib/armv7e-m/fpu\libm.a
LOAD c:/program files (x86)/atollic/truestudio for stm32 9.0.1/armtools/bin/../lib/gcc/arm-atollic-eabi/6.3.1/../../../../arm-atollic-eabi/lib/armv7e-m/fpu\libc.a
START GROUP
LOAD c:/program files (x86)/atollic/truestudio for stm32 9.0.1/armtools/bin/../lib/gcc/arm-atollic-eabi/6.3.1/armv7e-m/fpu\libgcc.a
LOAD c:/program files (x86)/atollic/truestudio for stm32 9.0.1/armtools/bin/../lib/gcc/arm-atollic-eabi/6.3.1/../../../../arm-atollic-eabi/lib/armv7e-m/fpu\libc.a
END GROUP
START GROUP
LOAD c:/program files (x86)/atollic/truestudio for stm32 9.0.1/armtools/bin/../lib/gcc/arm-atollic-eabi/6.3.1/armv7e-m/fpu\libgcc.a
LOAD c:/program files (x86)/atollic/truestudio for stm32 9.0.1/armtools/bin/../lib/gcc/arm-atollic-eabi/6.3.1/../../../../arm-atollic-eabi/lib/armv7e-m/fpu\libc.a
LOAD c:/program files (x86)/atollic/truestudio for stm32 9.0.1/armtools/bin/../lib/gcc/arm-atollic-eabi/6.3.1/../../../../arm-atollic-eabi/lib/armv7e-m/fpu\libnosys.a
END GROUP
LOAD c:/program files (x86)/atollic/truestudio for stm32 9.0.1/armtools/bin/../lib/gcc/arm-atollic-eabi/6.3.1/armv7e-m/fpu/crtend.o
LOAD c:/program files (x86)/atollic/truestudio for stm32 9.0.1/armtools/bin/../lib/gcc/arm-atollic-eabi/6.3.1/armv7e-m/fpu/crtn.o
                0x20003000                _estack = 0x20003000
                0x00000200                _Min_Heap_Size = 0x200
                0x00000400                _Min_Stack_Size = 0x400

.isr_vector     0x08000000      0x188
                0x08000000                . = ALIGN (0x4)
 *(.isr_vector)
 .isr_vector    0x08000000      0x188 startup\startup_stm32f303x8.o
                0x08000000                g_pfnVectors
                0x08000188                . = ALIGN (0x4)

.text           0x08000190     0xd264
                0x08000190                . = ALIGN (0x4)
 *(.text)
 .text          0x08000190       0x40 c:/program files (x86)/atollic/truestudio for stm32 9.0.1/armtools/bin/../lib/gcc/arm-atollic-eabi/6.3.1/armv7e-m/fpu/crtbegin.o
 .text          0x080001d0       0xa0 c:/program files (x86)/atollic/truestudio for stm32 9.0.1/armtools/bin/../lib/gcc/arm-atollic-eabi/6.3.1/../../../../arm-atollic-eabi/lib/armv7e-m/fpu\libc.a(lib_a-memchr.o)
                0x080001d0                memchr
 .text          0x08000270       0x10 c:/program files (x86)/atollic/truestudio for stm32 9.0.1/armtools/bin/../lib/gcc/arm-atollic-eabi/6.3.1/../../../../arm-atollic-eabi/lib/armv7e-m/fpu\libc.a(lib_a-strlen.o)
                0x08000270                strlen
 .text          0x08000280      0x370 c:/program files (x86)/atollic/truestudio for stm32 9.0.1/armtools/bin/../lib/gcc/arm-atollic-eabi/6.3.1/armv7e-m/fpu\libgcc.a(_arm_addsubdf3.o)
                0x08000280                __aeabi_drsub
                0x08000288                __aeabi_dsub
                0x08000288                __subdf3
                0x0800028c                __aeabi_dadd
                0x0800028c                __adddf3
                0x08000504                __floatunsidf
                0x08000504                __aeabi_ui2d
                0x08000524                __floatsidf
                0x08000524                __aeabi_i2d
                0x08000548                __aeabi_f2d
                0x08000548                __extendsfdf2
                0x08000584                __floatundidf
                0x08000584                __aeabi_ul2d
                0x08000594                __floatdidf
                0x08000594                __aeabi_l2d
 .text          0x080005f0      0x424 c:/program files (x86)/atollic/truestudio for stm32 9.0.1/armtools/bin/../lib/gcc/arm-atollic-eabi/6.3.1/armv7e-m/fpu\libgcc.a(_arm_muldivdf3.o)
                0x080005f0                __aeabi_dmul
                0x080005f0                __muldf3
                0x08000844                __divdf3
                0x08000844                __aeabi_ddiv
 .text          0x08000a14      0x110 c:/program files (x86)/atollic/truestudio for stm32 9.0.1/armtools/bin/../lib/gcc/arm-atollic-eabi/6.3.1/armv7e-m/fpu\libgcc.a(_arm_cmpdf2.o)
                0x08000a14                __gtdf2
                0x08000a14                __gedf2
                0x08000a1c                __ltdf2
                0x08000a1c                __ledf2
                0x08000a24                __nedf2
                0x08000a24                __eqdf2
                0x08000a24                __cmpdf2
                0x08000aa0                __aeabi_cdrcmple
                0x08000ab0                __aeabi_cdcmpeq
                0x08000ab0                __aeabi_cdcmple
                0x08000ac0                __aeabi_dcmpeq
                0x08000ad4                __aeabi_dcmplt
                0x08000ae8                __aeabi_dcmple
                0x08000afc                __aeabi_dcmpge
                0x08000b10                __aeabi_dcmpgt
 .text          0x08000b24       0x2c c:/program files (x86)/atollic/truestudio for stm32 9.0.1/armtools/bin/../lib/gcc/arm-atollic-eabi/6.3.1/armv7e-m/fpu\libgcc.a(_arm_unorddf2.o)
                0x08000b24                __unorddf2
                0x08000b24                __aeabi_dcmpun
 .text          0x08000b50       0x50 c:/program files (x86)/atollic/truestudio for stm32 9.0.1/armtools/bin/../lib/gcc/arm-atollic-eabi/6.3.1/armv7e-m/fpu\libgcc.a(_arm_fixdfsi.o)
                0x08000b50                __aeabi_d2iz
                0x08000b50                __fixdfsi
 .text          0x08000ba0       0x30 c:/program files (x86)/atollic/truestudio for stm32 9.0.1/armtools/bin/../lib/gcc/arm-atollic-eabi/6.3.1/armv7e-m/fpu\libgcc.a(_aeabi_uldivmod.o)
                0x08000ba0                __aeabi_uldivmod
 .text          0x08000bd0      0x2dc c:/program files (x86)/atollic/truestudio for stm32 9.0.1/armtools/bin/../lib/gcc/arm-atollic-eabi/6.3.1/armv7e-m/fpu\libgcc.a(_udivmoddi4.o)
                0x08000bd0                __udivmoddi4
 .text          0x08000eac      0x9cc c:/program files (x86)/atollic/truestudio for stm32 9.0.1/armtools/bin/../lib/gcc/arm-atollic-eabi/6.3.1/armv7e-m/fpu\libgcc.a(unwind-arm.o)
                0x0800116c                _Unwind_GetCFA
                0x08001170                __gnu_Unwind_RaiseException
                0x080011d0                __gnu_Unwind_ForcedUnwind
                0x080011e4                __gnu_Unwind_Resume
                0x08001228                __gnu_Unwind_Resume_or_Rethrow
                0x08001238                _Unwind_Complete
                0x0800123c                _Unwind_DeleteException
                0x08001248                _Unwind_VRS_Get
                0x08001294                _Unwind_VRS_Set
                0x080012e4                __gnu_Unwind_Backtrace
                0x08001624                __aeabi_unwind_cpp_pr0
                0x08001628                __aeabi_unwind_cpp_pr1
                0x0800162c                __aeabi_unwind_cpp_pr2
                0x08001630                _Unwind_VRS_Pop
 .text          0x08001878      0x1ac c:/program files (x86)/atollic/truestudio for stm32 9.0.1/armtools/bin/../lib/gcc/arm-atollic-eabi/6.3.1/armv7e-m/fpu\libgcc.a(libunwind.o)
                0x08001878                __restore_core_regs
                0x08001878                restore_core_regs
                0x08001890                __gnu_Unwind_Restore_VFP
                0x08001898                __gnu_Unwind_Save_VFP
                0x080018a0                __gnu_Unwind_Restore_VFP_D
                0x080018a8                __gnu_Unwind_Save_VFP_D
                0x080018b0                __gnu_Unwind_Restore_VFP_D_16_to_31
                0x080018b8                __gnu_Unwind_Save_VFP_D_16_to_31
                0x080018c0                __gnu_Unwind_Restore_WMMXD
                0x08001904                __gnu_Unwind_Save_WMMXD
                0x08001948                __gnu_Unwind_Restore_WMMXC
                0x0800195c                __gnu_Unwind_Save_WMMXC
                0x08001970                ___Unwind_RaiseException
                0x08001970                _Unwind_RaiseException
                0x08001994                _Unwind_Resume
                0x08001994                ___Unwind_Resume
                0x080019b8                _Unwind_Resume_or_Rethrow
                0x080019b8                ___Unwind_Resume_or_Rethrow
                0x080019dc                _Unwind_ForcedUnwind
                0x080019dc                ___Unwind_ForcedUnwind
                0x08001a00                ___Unwind_Backtrace
                0x08001a00                _Unwind_Backtrace
 .text          0x08001a24      0x380 c:/program files (x86)/atollic/truestudio for stm32 9.0.1/armtools/bin/../lib/gcc/arm-atollic-eabi/6.3.1/armv7e-m/fpu\libgcc.a(pr-support.o)
                0x08001a7c                __gnu_unwind_execute
                0x08001d4c                __gnu_unwind_frame
                0x08001d74                _Unwind_GetRegionStart
                0x08001d80                _Unwind_GetLanguageSpecificData
                0x08001d94                _Unwind_GetTextRelBase
                0x08001d9c                _Unwind_GetDataRelBase
 .text          0x08001da4        0x4 c:/program files (x86)/atollic/truestudio for stm32 9.0.1/armtools/bin/../lib/gcc/arm-atollic-eabi/6.3.1/armv7e-m/fpu\libgcc.a(_dvmd_tls.o)
                0x08001da4                __aeabi_idiv0
                0x08001da4                __aeabi_ldiv0
 *(.text*)
 .text.HAL_Init
                0x08001da8       0x2c Drivers\STM32F3xx_HAL_Driver\Src\stm32f3xx_hal.o
                0x08001da8                HAL_Init
 .text.HAL_InitTick
                0x08001dd4       0x60 Drivers\STM32F3xx_HAL_Driver\Src\stm32f3xx_hal.o
                0x08001dd4                HAL_InitTick
 .text.HAL_IncTick
                0x08001e34       0x28 Drivers\STM32F3xx_HAL_Driver\Src\stm32f3xx_hal.o
                0x08001e34                HAL_IncTick
 .text.HAL_GetTick
                0x08001e5c       0x18 Drivers\STM32F3xx_HAL_Driver\Src\stm32f3xx_hal.o
                0x08001e5c                HAL_GetTick
 .text.HAL_ADC_ConvCpltCallback
                0x08001e74       0x14 Drivers\STM32F3xx_HAL_Driver\Src\stm32f3xx_hal_adc.o
                0x08001e74                HAL_ADC_ConvCpltCallback
 .text.HAL_ADC_ConvHalfCpltCallback
                0x08001e88       0x14 Drivers\STM32F3xx_HAL_Driver\Src\stm32f3xx_hal_adc.o
                0x08001e88                HAL_ADC_ConvHalfCpltCallback
 .text.HAL_ADC_ErrorCallback
                0x08001e9c       0x14 Drivers\STM32F3xx_HAL_Driver\Src\stm32f3xx_hal_adc.o
                0x08001e9c                HAL_ADC_ErrorCallback
 .text.HAL_ADC_Init
                0x08001eb0      0x320 Drivers\STM32F3xx_HAL_Driver\Src\stm32f3xx_hal_adc_ex.o
                0x08001eb0                HAL_ADC_Init
 .text.HAL_ADC_Start_DMA
                0x080021d0      0x1b4 Drivers\STM32F3xx_HAL_Driver\Src\stm32f3xx_hal_adc_ex.o
                0x080021d0                HAL_ADC_Start_DMA
 .text.HAL_ADC_ConfigChannel
                0x08002384      0x57c Drivers\STM32F3xx_HAL_Driver\Src\stm32f3xx_hal_adc_ex.o
                0x08002384                HAL_ADC_ConfigChannel
 .text.HAL_ADCEx_MultiModeConfigChannel
                0x08002900      0x188 Drivers\STM32F3xx_HAL_Driver\Src\stm32f3xx_hal_adc_ex.o
                0x08002900                HAL_ADCEx_MultiModeConfigChannel
 .text.ADC_DMAConvCplt
                0x08002a88       0x7a Drivers\STM32F3xx_HAL_Driver\Src\stm32f3xx_hal_adc_ex.o
 .text.ADC_DMAHalfConvCplt
                0x08002b02       0x1c Drivers\STM32F3xx_HAL_Driver\Src\stm32f3xx_hal_adc_ex.o
 .text.ADC_DMAError
                0x08002b1e       0x34 Drivers\STM32F3xx_HAL_Driver\Src\stm32f3xx_hal_adc_ex.o
 *fill*         0x08002b52        0x2 
 .text.ADC_Enable
                0x08002b54       0xbc Drivers\STM32F3xx_HAL_Driver\Src\stm32f3xx_hal_adc_ex.o
 .text.ADC_Disable
                0x08002c10       0xbe Drivers\STM32F3xx_HAL_Driver\Src\stm32f3xx_hal_adc_ex.o
 .text.HAL_CAN_Init
                0x08002cce      0x1f4 Drivers\STM32F3xx_HAL_Driver\Src\stm32f3xx_hal_can.o
                0x08002cce                HAL_CAN_Init
 .text.HAL_CAN_ConfigFilter
                0x08002ec2      0x194 Drivers\STM32F3xx_HAL_Driver\Src\stm32f3xx_hal_can.o
                0x08002ec2                HAL_CAN_ConfigFilter
 .text.HAL_CAN_Start
                0x08003056       0x88 Drivers\STM32F3xx_HAL_Driver\Src\stm32f3xx_hal_can.o
                0x08003056                HAL_CAN_Start
 .text.HAL_CAN_GetRxMessage
                0x080030de      0x226 Drivers\STM32F3xx_HAL_Driver\Src\stm32f3xx_hal_can.o
                0x080030de                HAL_CAN_GetRxMessage
 .text.HAL_CAN_ActivateNotification
                0x08003304       0x4c Drivers\STM32F3xx_HAL_Driver\Src\stm32f3xx_hal_can.o
                0x08003304                HAL_CAN_ActivateNotification
 .text.HAL_CAN_IRQHandler
                0x08003350      0x362 Drivers\STM32F3xx_HAL_Driver\Src\stm32f3xx_hal_can.o
                0x08003350                HAL_CAN_IRQHandler
 .text.HAL_CAN_TxMailbox0CompleteCallback
                0x080036b2       0x14 Drivers\STM32F3xx_HAL_Driver\Src\stm32f3xx_hal_can.o
                0x080036b2                HAL_CAN_TxMailbox0CompleteCallback
 .text.HAL_CAN_TxMailbox1CompleteCallback
                0x080036c6       0x14 Drivers\STM32F3xx_HAL_Driver\Src\stm32f3xx_hal_can.o
                0x080036c6                HAL_CAN_TxMailbox1CompleteCallback
 .text.HAL_CAN_TxMailbox2CompleteCallback
                0x080036da       0x14 Drivers\STM32F3xx_HAL_Driver\Src\stm32f3xx_hal_can.o
                0x080036da                HAL_CAN_TxMailbox2CompleteCallback
 .text.HAL_CAN_TxMailbox0AbortCallback
                0x080036ee       0x14 Drivers\STM32F3xx_HAL_Driver\Src\stm32f3xx_hal_can.o
                0x080036ee                HAL_CAN_TxMailbox0AbortCallback
 .text.HAL_CAN_TxMailbox1AbortCallback
                0x08003702       0x14 Drivers\STM32F3xx_HAL_Driver\Src\stm32f3xx_hal_can.o
                0x08003702                HAL_CAN_TxMailbox1AbortCallback
 .text.HAL_CAN_TxMailbox2AbortCallback
                0x08003716       0x14 Drivers\STM32F3xx_HAL_Driver\Src\stm32f3xx_hal_can.o
                0x08003716                HAL_CAN_TxMailbox2AbortCallback
 .text.HAL_CAN_RxFifo0FullCallback
                0x0800372a       0x14 Drivers\STM32F3xx_HAL_Driver\Src\stm32f3xx_hal_can.o
                0x0800372a                HAL_CAN_RxFifo0FullCallback
 .text.HAL_CAN_RxFifo1MsgPendingCallback
                0x0800373e       0x14 Drivers\STM32F3xx_HAL_Driver\Src\stm32f3xx_hal_can.o
                0x0800373e                HAL_CAN_RxFifo1MsgPendingCallback
 .text.HAL_CAN_RxFifo1FullCallback
                0x08003752       0x14 Drivers\STM32F3xx_HAL_Driver\Src\stm32f3xx_hal_can.o
                0x08003752                HAL_CAN_RxFifo1FullCallback
 .text.HAL_CAN_SleepCallback
                0x08003766       0x14 Drivers\STM32F3xx_HAL_Driver\Src\stm32f3xx_hal_can.o
                0x08003766                HAL_CAN_SleepCallback
 .text.HAL_CAN_WakeUpFromRxMsgCallback
                0x0800377a       0x14 Drivers\STM32F3xx_HAL_Driver\Src\stm32f3xx_hal_can.o
                0x0800377a                HAL_CAN_WakeUpFromRxMsgCallback
 .text.HAL_CAN_ErrorCallback
                0x0800378e       0x14 Drivers\STM32F3xx_HAL_Driver\Src\stm32f3xx_hal_can.o
                0x0800378e                HAL_CAN_ErrorCallback
 *fill*         0x080037a2        0x2 
 .text.NVIC_SetPriorityGrouping
                0x080037a4       0x48 Drivers\STM32F3xx_HAL_Driver\Src\stm32f3xx_hal_cortex.o
 .text.NVIC_GetPriorityGrouping
                0x080037ec       0x1c Drivers\STM32F3xx_HAL_Driver\Src\stm32f3xx_hal_cortex.o
 .text.NVIC_EnableIRQ
                0x08003808       0x34 Drivers\STM32F3xx_HAL_Driver\Src\stm32f3xx_hal_cortex.o
 .text.NVIC_SetPriority
                0x0800383c       0x54 Drivers\STM32F3xx_HAL_Driver\Src\stm32f3xx_hal_cortex.o
 .text.NVIC_EncodePriority
                0x08003890       0x62 Drivers\STM32F3xx_HAL_Driver\Src\stm32f3xx_hal_cortex.o
 *fill*         0x080038f2        0x2 
 .text.SysTick_Config
                0x080038f4       0x44 Drivers\STM32F3xx_HAL_Driver\Src\stm32f3xx_hal_cortex.o
 .text.HAL_NVIC_SetPriorityGrouping
                0x08003938       0x16 Drivers\STM32F3xx_HAL_Driver\Src\stm32f3xx_hal_cortex.o
                0x08003938                HAL_NVIC_SetPriorityGrouping
 .text.HAL_NVIC_SetPriority
                0x0800394e       0x38 Drivers\STM32F3xx_HAL_Driver\Src\stm32f3xx_hal_cortex.o
                0x0800394e                HAL_NVIC_SetPriority
 .text.HAL_NVIC_EnableIRQ
                0x08003986       0x1c Drivers\STM32F3xx_HAL_Driver\Src\stm32f3xx_hal_cortex.o
                0x08003986                HAL_NVIC_EnableIRQ
 .text.HAL_SYSTICK_Config
                0x080039a2       0x18 Drivers\STM32F3xx_HAL_Driver\Src\stm32f3xx_hal_cortex.o
                0x080039a2                HAL_SYSTICK_Config
 .text.HAL_DMA_Init
                0x080039ba       0x8e Drivers\STM32F3xx_HAL_Driver\Src\stm32f3xx_hal_dma.o
                0x080039ba                HAL_DMA_Init
 .text.HAL_DMA_Start_IT
                0x08003a48       0xbe Drivers\STM32F3xx_HAL_Driver\Src\stm32f3xx_hal_dma.o
                0x08003a48                HAL_DMA_Start_IT
 .text.HAL_DMA_IRQHandler
                0x08003b06      0x146 Drivers\STM32F3xx_HAL_Driver\Src\stm32f3xx_hal_dma.o
                0x08003b06                HAL_DMA_IRQHandler
 .text.DMA_SetConfig
                0x08003c4c       0x5c Drivers\STM32F3xx_HAL_Driver\Src\stm32f3xx_hal_dma.o
 .text.DMA_CalcBaseAndBitshift
                0x08003ca8       0x40 Drivers\STM32F3xx_HAL_Driver\Src\stm32f3xx_hal_dma.o
 .text.HAL_GPIO_Init
                0x08003ce8      0x2ec Drivers\STM32F3xx_HAL_Driver\Src\stm32f3xx_hal_gpio.o
                0x08003ce8                HAL_GPIO_Init
 .text.HAL_GPIO_ReadPin
                0x08003fd4       0x30 Drivers\STM32F3xx_HAL_Driver\Src\stm32f3xx_hal_gpio.o
                0x08003fd4                HAL_GPIO_ReadPin
 .text.HAL_GPIO_WritePin
                0x08004004       0x30 Drivers\STM32F3xx_HAL_Driver\Src\stm32f3xx_hal_gpio.o
                0x08004004                HAL_GPIO_WritePin
 .text.HAL_GPIO_TogglePin
                0x08004034       0x24 Drivers\STM32F3xx_HAL_Driver\Src\stm32f3xx_hal_gpio.o
                0x08004034                HAL_GPIO_TogglePin
 .text.HAL_I2C_Init
                0x08004058      0x11c Drivers\STM32F3xx_HAL_Driver\Src\stm32f3xx_hal_i2c.o
                0x08004058                HAL_I2C_Init
 .text.HAL_I2C_Mem_Write
                0x08004174      0x24c Drivers\STM32F3xx_HAL_Driver\Src\stm32f3xx_hal_i2c.o
                0x08004174                HAL_I2C_Mem_Write
 .text.HAL_I2C_Mem_Read
                0x080043c0      0x24c Drivers\STM32F3xx_HAL_Driver\Src\stm32f3xx_hal_i2c.o
                0x080043c0                HAL_I2C_Mem_Read
 .text.I2C_RequestMemoryWrite
                0x0800460c       0xc0 Drivers\STM32F3xx_HAL_Driver\Src\stm32f3xx_hal_i2c.o
 .text.I2C_RequestMemoryRead
                0x080046cc       0xc0 Drivers\STM32F3xx_HAL_Driver\Src\stm32f3xx_hal_i2c.o
 .text.I2C_Flush_TXDR
                0x0800478c       0x48 Drivers\STM32F3xx_HAL_Driver\Src\stm32f3xx_hal_i2c.o
 .text.I2C_WaitOnFlagUntilTimeout
                0x080047d4       0x74 Drivers\STM32F3xx_HAL_Driver\Src\stm32f3xx_hal_i2c.o
 .text.I2C_WaitOnTXISFlagUntilTimeout
                0x08004848       0x80 Drivers\STM32F3xx_HAL_Driver\Src\stm32f3xx_hal_i2c.o
 .text.I2C_WaitOnSTOPFlagUntilTimeout
                0x080048c8       0x78 Drivers\STM32F3xx_HAL_Driver\Src\stm32f3xx_hal_i2c.o
 .text.I2C_IsAcknowledgeFailed
                0x08004940       0xbc Drivers\STM32F3xx_HAL_Driver\Src\stm32f3xx_hal_i2c.o
 .text.I2C_TransferConfig
                0x080049fc       0x58 Drivers\STM32F3xx_HAL_Driver\Src\stm32f3xx_hal_i2c.o
 .text.HAL_I2CEx_ConfigAnalogFilter
                0x08004a54       0x96 Drivers\STM32F3xx_HAL_Driver\Src\stm32f3xx_hal_i2c_ex.o
                0x08004a54                HAL_I2CEx_ConfigAnalogFilter
 .text.HAL_I2CEx_ConfigDigitalFilter
                0x08004aea       0x9c Drivers\STM32F3xx_HAL_Driver\Src\stm32f3xx_hal_i2c_ex.o
                0x08004aea                HAL_I2CEx_ConfigDigitalFilter
 *fill*         0x08004b86        0x2 
 .text.HAL_RCC_OscConfig
                0x08004b88      0xddc Drivers\STM32F3xx_HAL_Driver\Src\stm32f3xx_hal_rcc.o
                0x08004b88                HAL_RCC_OscConfig
 .text.HAL_RCC_ClockConfig
                0x08005964      0x2f8 Drivers\STM32F3xx_HAL_Driver\Src\stm32f3xx_hal_rcc.o
                0x08005964                HAL_RCC_ClockConfig
 .text.HAL_RCC_GetSysClockFreq
                0x08005c5c       0xd4 Drivers\STM32F3xx_HAL_Driver\Src\stm32f3xx_hal_rcc.o
                0x08005c5c                HAL_RCC_GetSysClockFreq
 .text.HAL_RCC_GetHCLKFreq
                0x08005d30       0x18 Drivers\STM32F3xx_HAL_Driver\Src\stm32f3xx_hal_rcc.o
                0x08005d30                HAL_RCC_GetHCLKFreq
 .text.HAL_RCC_GetPCLK1Freq
                0x08005d48       0x44 Drivers\STM32F3xx_HAL_Driver\Src\stm32f3xx_hal_rcc.o
                0x08005d48                HAL_RCC_GetPCLK1Freq
 .text.HAL_RCC_GetPCLK2Freq
                0x08005d8c       0x44 Drivers\STM32F3xx_HAL_Driver\Src\stm32f3xx_hal_rcc.o
                0x08005d8c                HAL_RCC_GetPCLK2Freq
 .text.HAL_RCCEx_PeriphCLKConfig
                0x08005dd0      0x24c Drivers\STM32F3xx_HAL_Driver\Src\stm32f3xx_hal_rcc_ex.o
                0x08005dd0                HAL_RCCEx_PeriphCLKConfig
 .text.HAL_TIM_Base_Init
                0x0800601c       0x56 Drivers\STM32F3xx_HAL_Driver\Src\stm32f3xx_hal_tim.o
                0x0800601c                HAL_TIM_Base_Init
 .text.HAL_TIM_Base_Start_IT
                0x08006072       0x36 Drivers\STM32F3xx_HAL_Driver\Src\stm32f3xx_hal_tim.o
                0x08006072                HAL_TIM_Base_Start_IT
 .text.HAL_TIM_IRQHandler
                0x080060a8      0x23e Drivers\STM32F3xx_HAL_Driver\Src\stm32f3xx_hal_tim.o
                0x080060a8                HAL_TIM_IRQHandler
 .text.HAL_TIM_OC_DelayElapsedCallback
                0x080062e6       0x14 Drivers\STM32F3xx_HAL_Driver\Src\stm32f3xx_hal_tim.o
                0x080062e6                HAL_TIM_OC_DelayElapsedCallback
 .text.HAL_TIM_IC_CaptureCallback
                0x080062fa       0x14 Drivers\STM32F3xx_HAL_Driver\Src\stm32f3xx_hal_tim.o
                0x080062fa                HAL_TIM_IC_CaptureCallback
 .text.HAL_TIM_PWM_PulseFinishedCallback
                0x0800630e       0x14 Drivers\STM32F3xx_HAL_Driver\Src\stm32f3xx_hal_tim.o
                0x0800630e                HAL_TIM_PWM_PulseFinishedCallback
 .text.HAL_TIM_TriggerCallback
                0x08006322       0x14 Drivers\STM32F3xx_HAL_Driver\Src\stm32f3xx_hal_tim.o
                0x08006322                HAL_TIM_TriggerCallback
 *fill*         0x08006336        0x2 
 .text.TIM_Base_SetConfig
                0x08006338       0xf4 Drivers\STM32F3xx_HAL_Driver\Src\stm32f3xx_hal_tim.o
                0x08006338                TIM_Base_SetConfig
 .text.HAL_TIMEx_MasterConfigSynchronization
                0x0800642c       0x9c Drivers\STM32F3xx_HAL_Driver\Src\stm32f3xx_hal_tim_ex.o
                0x0800642c                HAL_TIMEx_MasterConfigSynchronization
 .text.HAL_TIMEx_CommutationCallback
                0x080064c8       0x14 Drivers\STM32F3xx_HAL_Driver\Src\stm32f3xx_hal_tim_ex.o
                0x080064c8                HAL_TIMEx_CommutationCallback
 .text.HAL_TIMEx_BreakCallback
                0x080064dc       0x14 Drivers\STM32F3xx_HAL_Driver\Src\stm32f3xx_hal_tim_ex.o
                0x080064dc                HAL_TIMEx_BreakCallback
 .text.HAL_TIMEx_Break2Callback
                0x080064f0       0x14 Drivers\STM32F3xx_HAL_Driver\Src\stm32f3xx_hal_tim_ex.o
                0x080064f0                HAL_TIMEx_Break2Callback
 .text.HAL_UART_Init
                0x08006504       0xa2 Drivers\STM32F3xx_HAL_Driver\Src\stm32f3xx_hal_uart.o
                0x08006504                HAL_UART_Init
 .text.HAL_UART_Transmit
                0x080065a6      0x11a Drivers\STM32F3xx_HAL_Driver\Src\stm32f3xx_hal_uart.o
                0x080065a6                HAL_UART_Transmit
 .text.HAL_UART_Receive
                0x080066c0      0x186 Drivers\STM32F3xx_HAL_Driver\Src\stm32f3xx_hal_uart.o
                0x080066c0                HAL_UART_Receive
 *fill*         0x08006846        0x2 
 .text.UART_SetConfig
                0x08006848      0x2cc Drivers\STM32F3xx_HAL_Driver\Src\stm32f3xx_hal_uart.o
                0x08006848                UART_SetConfig
 .text.UART_AdvFeatureConfig
                0x08006b14      0x144 Drivers\STM32F3xx_HAL_Driver\Src\stm32f3xx_hal_uart.o
                0x08006b14                UART_AdvFeatureConfig
 .text.UART_CheckIdleState
                0x08006c58       0x92 Drivers\STM32F3xx_HAL_Driver\Src\stm32f3xx_hal_uart.o
                0x08006c58                UART_CheckIdleState
 .text.UART_WaitOnFlagUntilTimeout
                0x08006cea       0x94 Drivers\STM32F3xx_HAL_Driver\Src\stm32f3xx_hal_uart.o
                0x08006cea                UART_WaitOnFlagUntilTimeout
 *fill*         0x08006d7e        0x2 
 .text._ZN3ADC5StartEv
                0x08006d80       0x2c Inc\ADC\ADC.o
                0x08006d80                ADC::Start()
 .text._ZN3ADC8GetValueEv
                0x08006dac       0x68 Inc\ADC\ADC.o
                0x08006dac                ADC::GetValue()
 .text._ZN3App10DivideDataEv
                0x08006e14      0x24a Inc\Application\Application.o
                0x08006e14                App::DivideData()
 *fill*         0x0800705e        0x2 
 .text._ZN3App9TaskShiftEv
                0x08007060      0x1c0 Inc\Application\Application.o
                0x08007060                App::TaskShift()
 .text._Z12FilterConfigv
                0x08007220       0x74 Inc\CAN\CAN.o
                0x08007220                FilterConfig()
 .text.HAL_CAN_RxFifo0MsgPendingCallback
                0x08007294       0x4c Inc\CAN\CAN.o
                0x08007294                HAL_CAN_RxFifo0MsgPendingCallback
 .text._ZN6CanBus8SetErrorEv
                0x080072e0       0x28 Inc\CAN\CAN.o
                0x080072e0                CanBus::SetError()
 .text._ZN6CanBus4SendEmhPh
                0x08007308      0x1ac Inc\CAN\CAN.o
                0x08007308                CanBus::Send(unsigned long, unsigned char, unsigned char*)
 .text.HAL_TIM_PeriodElapsedCallback
                0x080074b4       0x2c Inc\InterruptIvent\interrupt.o
                0x080074b4                HAL_TIM_PeriodElapsedCallback
 .text._ZN7MicroSw7GetPushEv
                0x080074e0       0x24 Inc\MicroSW\MicroSW.o
                0x080074e0                MicroSw::GetPush()
 .text._ZN7VL53L0XC2Et
                0x08007504       0x2e Inc\VL53L0X\VL53L0X.o
                0x08007504                VL53L0X::VL53L0X(unsigned short)
                0x08007504                VL53L0X::VL53L0X(unsigned short)
 .text._ZN7VL53L0X4initEb
                0x08007532      0x57c Inc\VL53L0X\VL53L0X.o
                0x08007532                VL53L0X::init(bool)
 *fill*         0x08007aae        0x2 
 .text._ZN7VL53L0X8writeRegEhh
                0x08007ab0       0x48 Inc\VL53L0X\VL53L0X.o
                0x08007ab0                VL53L0X::writeReg(unsigned char, unsigned char)
 .text._ZN7VL53L0X13writeReg16BitEht
                0x08007af8       0x5c Inc\VL53L0X\VL53L0X.o
                0x08007af8                VL53L0X::writeReg16Bit(unsigned char, unsigned short)
 .text._ZN7VL53L0X13writeReg32BitEhm
                0x08007b54       0x68 Inc\VL53L0X\VL53L0X.o
                0x08007b54                VL53L0X::writeReg32Bit(unsigned char, unsigned long)
 .text._ZN7VL53L0X7readRegEh
                0x08007bbc       0x40 Inc\VL53L0X\VL53L0X.o
                0x08007bbc                VL53L0X::readReg(unsigned char)
 .text._ZN7VL53L0X12readReg16BitEh
                0x08007bfc       0x54 Inc\VL53L0X\VL53L0X.o
                0x08007bfc                VL53L0X::readReg16Bit(unsigned char)
 .text._ZN7VL53L0X10writeMultiEhPKhh
                0x08007c50       0x50 Inc\VL53L0X\VL53L0X.o
                0x08007c50                VL53L0X::writeMulti(unsigned char, unsigned char const*, unsigned char)
 .text._ZN7VL53L0X9readMultiEhPhh
                0x08007ca0       0x48 Inc\VL53L0X\VL53L0X.o
                0x08007ca0                VL53L0X::readMulti(unsigned char, unsigned char*, unsigned char)
 .text._ZN7VL53L0X18setSignalRateLimitEf
                0x08007ce8       0x6c Inc\VL53L0X\VL53L0X.o
                0x08007ce8                VL53L0X::setSignalRateLimit(float)
 .text._ZN7VL53L0X26setMeasurementTimingBudgetEm
                0x08007d54      0x130 Inc\VL53L0X\VL53L0X.o
                0x08007d54                VL53L0X::setMeasurementTimingBudget(unsigned long)
 .text._ZN7VL53L0X26getMeasurementTimingBudgetEv
                0x08007e84       0xcc Inc\VL53L0X\VL53L0X.o
                0x08007e84                VL53L0X::getMeasurementTimingBudget()
 .text._ZN7VL53L0X19getVcselPulsePeriodENS_15vcselPeriodTypeE
                0x08007f50       0x4a Inc\VL53L0X\VL53L0X.o
                0x08007f50                VL53L0X::getVcselPulsePeriod(VL53L0X::vcselPeriodType)
 .text._ZN7VL53L0X15startContinuousEm
                0x08007f9a       0x9e Inc\VL53L0X\VL53L0X.o
                0x08007f9a                VL53L0X::startContinuous(unsigned long)
 .text._ZN7VL53L0X30readRangeContinuousMillimetersEv
                0x08008038       0x7a Inc\VL53L0X\VL53L0X.o
                0x08008038                VL53L0X::readRangeContinuousMillimeters()
 .text._ZN7VL53L0X11getSpadInfoEPhPb
                0x080080b2      0x156 Inc\VL53L0X\VL53L0X.o
                0x080080b2                VL53L0X::getSpadInfo(unsigned char*, bool*)
 .text._ZN7VL53L0X22getSequenceStepEnablesEPNS_19SequenceStepEnablesE
                0x08008208       0x7c Inc\VL53L0X\VL53L0X.o
                0x08008208                VL53L0X::getSequenceStepEnables(VL53L0X::SequenceStepEnables*)
 .text._ZN7VL53L0X23getSequenceStepTimeoutsEPKNS_19SequenceStepEnablesEPNS_20SequenceStepTimeoutsE
                0x08008284       0xd8 Inc\VL53L0X\VL53L0X.o
                0x08008284                VL53L0X::getSequenceStepTimeouts(VL53L0X::SequenceStepEnables const*, VL53L0X::SequenceStepTimeouts*)
 .text._ZN7VL53L0X13decodeTimeoutEt
                0x0800835c       0x28 Inc\VL53L0X\VL53L0X.o
                0x0800835c                VL53L0X::decodeTimeout(unsigned short)
 .text._ZN7VL53L0X13encodeTimeoutEt
                0x08008384       0x58 Inc\VL53L0X\VL53L0X.o
                0x08008384                VL53L0X::encodeTimeout(unsigned short)
 .text._ZN7VL53L0X26timeoutMclksToMicrosecondsEth
                0x080083dc       0x50 Inc\VL53L0X\VL53L0X.o
                0x080083dc                VL53L0X::timeoutMclksToMicroseconds(unsigned short, unsigned char)
 .text._ZN7VL53L0X26timeoutMicrosecondsToMclksEmh
                0x0800842c       0x4c Inc\VL53L0X\VL53L0X.o
                0x0800842c                VL53L0X::timeoutMicrosecondsToMclks(unsigned long, unsigned char)
 .text._ZN7VL53L0X27performSingleRefCalibrationEh
                0x08008478       0x86 Inc\VL53L0X\VL53L0X.o
                0x08008478                VL53L0X::performSingleRefCalibration(unsigned char)
 *fill*         0x080084fe        0x2 
 .text.MX_ADC1_Init
                0x08008500      0x114 Src\adc.o
                0x08008500                MX_ADC1_Init
 .text.MX_ADC2_Init
                0x08008614       0xf0 Src\adc.o
                0x08008614                MX_ADC2_Init
 .text.HAL_ADC_MspInit
                0x08008704      0x1ac Src\adc.o
                0x08008704                HAL_ADC_MspInit
 .text.MX_CAN_Init
                0x080088b0       0x6c Src\can.o
                0x080088b0                MX_CAN_Init
 .text.HAL_CAN_MspInit
                0x0800891c       0xa8 Src\can.o
                0x0800891c                HAL_CAN_MspInit
 .text.MX_DMA_Init
                0x080089c4       0x4c Src\dma.o
                0x080089c4                MX_DMA_Init
 .text.MX_GPIO_Init
                0x08008a10       0xe0 Src\gpio.o
                0x08008a10                MX_GPIO_Init
 .text.MX_I2C1_Init
                0x08008af0       0x80 Src\i2c.o
                0x08008af0                MX_I2C1_Init
 .text.HAL_I2C_MspInit
                0x08008b70       0x88 Src\i2c.o
                0x08008b70                HAL_I2C_MspInit
 .text._ZN6CanBusC2Emm
                0x08008bf8       0x54 Src\main.o
                0x08008bf8                CanBus::CanBus(unsigned long, unsigned long)
                0x08008bf8                CanBus::CanBus(unsigned long, unsigned long)
 .text._ZN7MicroSwC2EP12GPIO_TypeDeft
                0x08008c4c       0x28 Src\main.o
                0x08008c4c                MicroSw::MicroSw(GPIO_TypeDef*, unsigned short)
                0x08008c4c                MicroSw::MicroSw(GPIO_TypeDef*, unsigned short)
 .text._ZN3ADCC2Ess
                0x08008c74       0x2a Src\main.o
                0x08008c74                ADC::ADC(short, short)
                0x08008c74                ADC::ADC(short, short)
 .text._ZN7VL53L0X10setTimeoutEt
                0x08008c9e       0x1e Src\main.o
                0x08008c9e                VL53L0X::setTimeout(unsigned short)
 .text._ZN21LowlayerHandelTypedefC2Ev
                0x08008cbc       0xfc Src\main.o
                0x08008cbc                LowlayerHandelTypedef::LowlayerHandelTypedef()
                0x08008cbc                LowlayerHandelTypedef::LowlayerHandelTypedef()
 .text._ZN3AppC2EP21LowlayerHandelTypedef
                0x08008db8       0x50 Src\main.o
                0x08008db8                App::App(LowlayerHandelTypedef*)
                0x08008db8                App::App(LowlayerHandelTypedef*)
 .text._ZN6Timer1C2EP17TIM_HandleTypeDef
                0x08008e08       0x3a Src\main.o
                0x08008e08                Timer1::Timer1(TIM_HandleTypeDef*)
                0x08008e08                Timer1::Timer1(TIM_HandleTypeDef*)
 *fill*         0x08008e42        0x2 
 .text._ZN6Timer111SetLoopTimeEf
                0x08008e44       0xe0 Src\main.o
                0x08008e44                Timer1::SetLoopTime(float)
 .text._ZN6Timer15StartEv
                0x08008f24       0x24 Src\main.o
                0x08008f24                Timer1::Start()
 .text.main     0x08008f48      0x118 Src\main.o
                0x08008f48                main
 .text._Z18SystemClock_Configv
                0x08009060       0xda Src\main.o
                0x08009060                SystemClock_Config()
 .text.Error_Handler
                0x0800913a        0xe Src\main.o
                0x0800913a                Error_Handler
 .text.__io_putchar
                0x08009148       0x24 Src\scanf.o
                0x08009148                __io_putchar
 .text.__io_getchar
                0x0800916c       0x44 Src\scanf.o
                0x0800916c                __io_getchar
 .text.HAL_MspInit
                0x080091b0       0x48 Src\stm32f3xx_hal_msp.o
                0x080091b0                HAL_MspInit
 .text.NMI_Handler
                0x080091f8        0xe Src\stm32f3xx_it.o
                0x080091f8                NMI_Handler
 .text.HardFault_Handler
                0x08009206        0x6 Src\stm32f3xx_it.o
                0x08009206                HardFault_Handler
 .text.MemManage_Handler
                0x0800920c        0x6 Src\stm32f3xx_it.o
                0x0800920c                MemManage_Handler
 .text.BusFault_Handler
                0x08009212        0x6 Src\stm32f3xx_it.o
                0x08009212                BusFault_Handler
 .text.UsageFault_Handler
                0x08009218        0x6 Src\stm32f3xx_it.o
                0x08009218                UsageFault_Handler
 .text.SVC_Handler
                0x0800921e        0xe Src\stm32f3xx_it.o
                0x0800921e                SVC_Handler
 .text.DebugMon_Handler
                0x0800922c        0xe Src\stm32f3xx_it.o
                0x0800922c                DebugMon_Handler
 .text.PendSV_Handler
                0x0800923a        0xe Src\stm32f3xx_it.o
                0x0800923a                PendSV_Handler
 .text.SysTick_Handler
                0x08009248        0xc Src\stm32f3xx_it.o
                0x08009248                SysTick_Handler
 .text.DMA1_Channel1_IRQHandler
                0x08009254       0x14 Src\stm32f3xx_it.o
                0x08009254                DMA1_Channel1_IRQHandler
 .text.DMA1_Channel2_IRQHandler
                0x08009268       0x14 Src\stm32f3xx_it.o
                0x08009268                DMA1_Channel2_IRQHandler
 .text.CAN_RX0_IRQHandler
                0x0800927c       0x14 Src\stm32f3xx_it.o
                0x0800927c                CAN_RX0_IRQHandler
 .text.CAN_RX1_IRQHandler
                0x08009290       0x14 Src\stm32f3xx_it.o
                0x08009290                CAN_RX1_IRQHandler
 .text.TIM6_DAC1_IRQHandler
                0x080092a4       0x14 Src\stm32f3xx_it.o
                0x080092a4                TIM6_DAC1_IRQHandler
 .text._getpid  0x080092b8       0x10 Src\syscalls.o
                0x080092b8                _getpid
 .text._kill    0x080092c8       0x20 Src\syscalls.o
                0x080092c8                _kill
 .text._exit    0x080092e8       0x14 Src\syscalls.o
                0x080092e8                _exit
 .text._read    0x080092fc       0x3a Src\syscalls.o
                0x080092fc                _read
 .text._write   0x08009336       0x38 Src\syscalls.o
                0x08009336                _write
 *fill*         0x0800936e        0x2 
 .text._sbrk    0x08009370       0x58 Src\syscalls.o
                0x08009370                _sbrk
 .text._close   0x080093c8       0x18 Src\syscalls.o
                0x080093c8                _close
 .text._fstat   0x080093e0       0x20 Src\syscalls.o
                0x080093e0                _fstat
 .text._isatty  0x08009400       0x16 Src\syscalls.o
                0x08009400                _isatty
 .text._lseek   0x08009416       0x1a Src\syscalls.o
                0x08009416                _lseek
 .text.SystemInit
                0x08009430       0x94 Src\system_stm32f3xx.o
                0x08009430                SystemInit
 .text.MX_TIM6_Init
                0x080094c4       0x6c Src\tim.o
                0x080094c4                MX_TIM6_Init
 .text.HAL_TIM_Base_MspInit
                0x08009530       0x4c Src\tim.o
                0x08009530                HAL_TIM_Base_MspInit
 .text.MX_USART2_UART_Init
                0x0800957c       0x60 Src\usart.o
                0x0800957c                MX_USART2_UART_Init
 .text.HAL_UART_MspInit
                0x080095dc       0x88 Src\usart.o
                0x080095dc                HAL_UART_MspInit
 .text.Reset_Handler
                0x08009664       0x50 startup\startup_stm32f303x8.o
                0x08009664                Reset_Handler
 .text.Default_Handler
                0x080096b4        0x2 startup\startup_stm32f303x8.o
                0x080096b4                RTC_Alarm_IRQHandler
                0x080096b4                TIM1_CC_IRQHandler
                0x080096b4                PVD_IRQHandler
                0x080096b4                TAMP_STAMP_IRQHandler
                0x080096b4                EXTI3_IRQHandler
                0x080096b4                EXTI0_IRQHandler
                0x080096b4                FPU_IRQHandler
                0x080096b4                CAN_TX_IRQHandler
                0x080096b4                TIM1_UP_TIM16_IRQHandler
                0x080096b4                ADC1_2_IRQHandler
                0x080096b4                SPI1_IRQHandler
                0x080096b4                CAN_SCE_IRQHandler
                0x080096b4                DMA1_Channel4_IRQHandler
                0x080096b4                USART3_IRQHandler
                0x080096b4                DMA1_Channel7_IRQHandler
                0x080096b4                TIM7_DAC2_IRQHandler
                0x080096b4                I2C1_EV_IRQHandler
                0x080096b4                DMA1_Channel6_IRQHandler
                0x080096b4                TIM3_IRQHandler
                0x080096b4                RCC_IRQHandler
                0x080096b4                Default_Handler
                0x080096b4                EXTI15_10_IRQHandler
                0x080096b4                COMP2_IRQHandler
                0x080096b4                EXTI9_5_IRQHandler
                0x080096b4                RTC_WKUP_IRQHandler
                0x080096b4                DMA1_Channel5_IRQHandler
                0x080096b4                EXTI4_IRQHandler
                0x080096b4                TIM1_TRG_COM_TIM17_IRQHandler
                0x080096b4                DMA1_Channel3_IRQHandler
                0x080096b4                WWDG_IRQHandler
                0x080096b4                TIM2_IRQHandler
                0x080096b4                EXTI1_IRQHandler
                0x080096b4                COMP4_6_IRQHandler
                0x080096b4                USART2_IRQHandler
                0x080096b4                FLASH_IRQHandler
                0x080096b4                USART1_IRQHandler
                0x080096b4                I2C1_ER_IRQHandler
                0x080096b4                EXTI2_TSC_IRQHandler
                0x080096b4                TIM1_BRK_TIM15_IRQHandler
 *fill*         0x080096b6        0x2 
 .text.__errno  0x080096b8        0xc c:/program files (x86)/atollic/truestudio for stm32 9.0.1/armtools/bin/../lib/gcc/arm-atollic-eabi/6.3.1/../../../../arm-atollic-eabi/lib/armv7e-m/fpu\libc.a(lib_a-errno.o)
                0x080096b8                __errno
 .text.__libc_init_array
                0x080096c4       0x48 c:/program files (x86)/atollic/truestudio for stm32 9.0.1/armtools/bin/../lib/gcc/arm-atollic-eabi/6.3.1/../../../../arm-atollic-eabi/lib/armv7e-m/fpu\libc.a(lib_a-init.o)
                0x080096c4                __libc_init_array
 .text.memset   0x0800970c       0x10 c:/program files (x86)/atollic/truestudio for stm32 9.0.1/armtools/bin/../lib/gcc/arm-atollic-eabi/6.3.1/../../../../arm-atollic-eabi/lib/armv7e-m/fpu\libc.a(lib_a-memset.o)
                0x0800970c                memset
 .text.printf   0x0800971c       0x30 c:/program files (x86)/atollic/truestudio for stm32 9.0.1/armtools/bin/../lib/gcc/arm-atollic-eabi/6.3.1/../../../../arm-atollic-eabi/lib/armv7e-m/fpu\libc.a(lib_a-printf.o)
                0x0800971c                printf
 .text.setbuf   0x0800974c       0x10 c:/program files (x86)/atollic/truestudio for stm32 9.0.1/armtools/bin/../lib/gcc/arm-atollic-eabi/6.3.1/../../../../arm-atollic-eabi/lib/armv7e-m/fpu\libc.a(lib_a-setbuf.o)
                0x0800974c                setbuf
 .text.setvbuf  0x0800975c      0x198 c:/program files (x86)/atollic/truestudio for stm32 9.0.1/armtools/bin/../lib/gcc/arm-atollic-eabi/6.3.1/../../../../arm-atollic-eabi/lib/armv7e-m/fpu\libc.a(lib_a-setvbuf.o)
                0x0800975c                setvbuf
 *fill*         0x080098f4        0x4 
 .text._vfprintf_r
                0x080098f8     0x1078 c:/program files (x86)/atollic/truestudio for stm32 9.0.1/armtools/bin/../lib/gcc/arm-atollic-eabi/6.3.1/../../../../arm-atollic-eabi/lib/armv7e-m/fpu\libc.a(lib_a-vfprintf.o)
                0x080098f8                _vfprintf_r
 .text.__sbprintf
                0x0800a970       0x80 c:/program files (x86)/atollic/truestudio for stm32 9.0.1/armtools/bin/../lib/gcc/arm-atollic-eabi/6.3.1/../../../../arm-atollic-eabi/lib/armv7e-m/fpu\libc.a(lib_a-vfprintf.o)
 .text.__swsetup_r
                0x0800a9f0       0xdc c:/program files (x86)/atollic/truestudio for stm32 9.0.1/armtools/bin/../lib/gcc/arm-atollic-eabi/6.3.1/../../../../arm-atollic-eabi/lib/armv7e-m/fpu\libc.a(lib_a-wsetup.o)
                0x0800a9f0                __swsetup_r
 .text.quorem   0x0800aacc      0x118 c:/program files (x86)/atollic/truestudio for stm32 9.0.1/armtools/bin/../lib/gcc/arm-atollic-eabi/6.3.1/../../../../arm-atollic-eabi/lib/armv7e-m/fpu\libc.a(lib_a-dtoa.o)
 *fill*         0x0800abe4        0x4 
 .text._dtoa_r  0x0800abe8      0xb9c c:/program files (x86)/atollic/truestudio for stm32 9.0.1/armtools/bin/../lib/gcc/arm-atollic-eabi/6.3.1/../../../../arm-atollic-eabi/lib/armv7e-m/fpu\libc.a(lib_a-dtoa.o)
                0x0800abe8                _dtoa_r
 .text.__sflush_r
                0x0800b784      0x124 c:/program files (x86)/atollic/truestudio for stm32 9.0.1/armtools/bin/../lib/gcc/arm-atollic-eabi/6.3.1/../../../../arm-atollic-eabi/lib/armv7e-m/fpu\libc.a(lib_a-fflush.o)
                0x0800b784                __sflush_r
 .text._fflush_r
                0x0800b8a8       0x78 c:/program files (x86)/atollic/truestudio for stm32 9.0.1/armtools/bin/../lib/gcc/arm-atollic-eabi/6.3.1/../../../../arm-atollic-eabi/lib/armv7e-m/fpu\libc.a(lib_a-fflush.o)
                0x0800b8a8                _fflush_r
 .text._cleanup_r
                0x0800b920        0xc c:/program files (x86)/atollic/truestudio for stm32 9.0.1/armtools/bin/../lib/gcc/arm-atollic-eabi/6.3.1/../../../../arm-atollic-eabi/lib/armv7e-m/fpu\libc.a(lib_a-findfp.o)
                0x0800b920                _cleanup_r
 .text.std.isra.0
                0x0800b92c       0x48 c:/program files (x86)/atollic/truestudio for stm32 9.0.1/armtools/bin/../lib/gcc/arm-atollic-eabi/6.3.1/../../../../arm-atollic-eabi/lib/armv7e-m/fpu\libc.a(lib_a-findfp.o)
 .text.__sfmoreglue
                0x0800b974       0x2c c:/program files (x86)/atollic/truestudio for stm32 9.0.1/armtools/bin/../lib/gcc/arm-atollic-eabi/6.3.1/../../../../arm-atollic-eabi/lib/armv7e-m/fpu\libc.a(lib_a-findfp.o)
                0x0800b974                __sfmoreglue
 .text.__sfp_lock_acquire
                0x0800b9a0        0xc c:/program files (x86)/atollic/truestudio for stm32 9.0.1/armtools/bin/../lib/gcc/arm-atollic-eabi/6.3.1/../../../../arm-atollic-eabi/lib/armv7e-m/fpu\libc.a(lib_a-findfp.o)
                0x0800b9a0                __sfp_lock_acquire
 .text.__sfp_lock_release
                0x0800b9ac        0xc c:/program files (x86)/atollic/truestudio for stm32 9.0.1/armtools/bin/../lib/gcc/arm-atollic-eabi/6.3.1/../../../../arm-atollic-eabi/lib/armv7e-m/fpu\libc.a(lib_a-findfp.o)
                0x0800b9ac                __sfp_lock_release
 .text.__sinit_lock_acquire
                0x0800b9b8        0xc c:/program files (x86)/atollic/truestudio for stm32 9.0.1/armtools/bin/../lib/gcc/arm-atollic-eabi/6.3.1/../../../../arm-atollic-eabi/lib/armv7e-m/fpu\libc.a(lib_a-findfp.o)
                0x0800b9b8                __sinit_lock_acquire
 .text.__sinit_lock_release
                0x0800b9c4        0xc c:/program files (x86)/atollic/truestudio for stm32 9.0.1/armtools/bin/../lib/gcc/arm-atollic-eabi/6.3.1/../../../../arm-atollic-eabi/lib/armv7e-m/fpu\libc.a(lib_a-findfp.o)
                0x0800b9c4                __sinit_lock_release
 .text.__sinit  0x0800b9d0       0x74 c:/program files (x86)/atollic/truestudio for stm32 9.0.1/armtools/bin/../lib/gcc/arm-atollic-eabi/6.3.1/../../../../arm-atollic-eabi/lib/armv7e-m/fpu\libc.a(lib_a-findfp.o)
                0x0800b9d0                __sinit
 .text.__sfp    0x0800ba44       0x8c c:/program files (x86)/atollic/truestudio for stm32 9.0.1/armtools/bin/../lib/gcc/arm-atollic-eabi/6.3.1/../../../../arm-atollic-eabi/lib/armv7e-m/fpu\libc.a(lib_a-findfp.o)
                0x0800ba44                __sfp
 .text._malloc_trim_r
                0x0800bad0       0xac c:/program files (x86)/atollic/truestudio for stm32 9.0.1/armtools/bin/../lib/gcc/arm-atollic-eabi/6.3.1/../../../../arm-atollic-eabi/lib/armv7e-m/fpu\libc.a(lib_a-freer.o)
                0x0800bad0                _malloc_trim_r
 .text._free_r  0x0800bb7c      0x178 c:/program files (x86)/atollic/truestudio for stm32 9.0.1/armtools/bin/../lib/gcc/arm-atollic-eabi/6.3.1/../../../../arm-atollic-eabi/lib/armv7e-m/fpu\libc.a(lib_a-freer.o)
                0x0800bb7c                _free_r
 .text._fwalk_reent
                0x0800bcf4       0x3c c:/program files (x86)/atollic/truestudio for stm32 9.0.1/armtools/bin/../lib/gcc/arm-atollic-eabi/6.3.1/../../../../arm-atollic-eabi/lib/armv7e-m/fpu\libc.a(lib_a-fwalk.o)
                0x0800bcf4                _fwalk_reent
 .text._localeconv_r
                0x0800bd30       0x1c c:/program files (x86)/atollic/truestudio for stm32 9.0.1/armtools/bin/../lib/gcc/arm-atollic-eabi/6.3.1/../../../../arm-atollic-eabi/lib/armv7e-m/fpu\libc.a(lib_a-localeconv.o)
                0x0800bd30                _localeconv_r
 .text.__retarget_lock_init_recursive
                0x0800bd4c        0x2 c:/program files (x86)/atollic/truestudio for stm32 9.0.1/armtools/bin/../lib/gcc/arm-atollic-eabi/6.3.1/../../../../arm-atollic-eabi/lib/armv7e-m/fpu\libc.a(lib_a-lock.o)
                0x0800bd4c                __retarget_lock_init_recursive
 .text.__retarget_lock_close_recursive
                0x0800bd4e        0x2 c:/program files (x86)/atollic/truestudio for stm32 9.0.1/armtools/bin/../lib/gcc/arm-atollic-eabi/6.3.1/../../../../arm-atollic-eabi/lib/armv7e-m/fpu\libc.a(lib_a-lock.o)
                0x0800bd4e                __retarget_lock_close_recursive
 .text.__retarget_lock_acquire_recursive
                0x0800bd50        0x2 c:/program files (x86)/atollic/truestudio for stm32 9.0.1/armtools/bin/../lib/gcc/arm-atollic-eabi/6.3.1/../../../../arm-atollic-eabi/lib/armv7e-m/fpu\libc.a(lib_a-lock.o)
                0x0800bd50                __retarget_lock_acquire_recursive
 .text.__retarget_lock_release_recursive
                0x0800bd52        0x2 c:/program files (x86)/atollic/truestudio for stm32 9.0.1/armtools/bin/../lib/gcc/arm-atollic-eabi/6.3.1/../../../../arm-atollic-eabi/lib/armv7e-m/fpu\libc.a(lib_a-lock.o)
                0x0800bd52                __retarget_lock_release_recursive
 .text.__swhatbuf_r
                0x0800bd54       0x56 c:/program files (x86)/atollic/truestudio for stm32 9.0.1/armtools/bin/../lib/gcc/arm-atollic-eabi/6.3.1/../../../../arm-atollic-eabi/lib/armv7e-m/fpu\libc.a(lib_a-makebuf.o)
                0x0800bd54                __swhatbuf_r
 *fill*         0x0800bdaa        0x2 
 .text.__smakebuf_r
                0x0800bdac       0x80 c:/program files (x86)/atollic/truestudio for stm32 9.0.1/armtools/bin/../lib/gcc/arm-atollic-eabi/6.3.1/../../../../arm-atollic-eabi/lib/armv7e-m/fpu\libc.a(lib_a-makebuf.o)
                0x0800bdac                __smakebuf_r
 .text.malloc   0x0800be2c       0x10 c:/program files (x86)/atollic/truestudio for stm32 9.0.1/armtools/bin/../lib/gcc/arm-atollic-eabi/6.3.1/../../../../arm-atollic-eabi/lib/armv7e-m/fpu\libc.a(lib_a-malloc.o)
                0x0800be2c                malloc
 .text._malloc_r
                0x0800be3c      0x41c c:/program files (x86)/atollic/truestudio for stm32 9.0.1/armtools/bin/../lib/gcc/arm-atollic-eabi/6.3.1/../../../../arm-atollic-eabi/lib/armv7e-m/fpu\libc.a(lib_a-mallocr.o)
                0x0800be3c                _malloc_r
 .text.memcpy   0x0800c258       0x16 c:/program files (x86)/atollic/truestudio for stm32 9.0.1/armtools/bin/../lib/gcc/arm-atollic-eabi/6.3.1/../../../../arm-atollic-eabi/lib/armv7e-m/fpu\libc.a(lib_a-memcpy-stub.o)
                0x0800c258                memcpy
 *fill*         0x0800c26e        0x2 
 .text.__malloc_lock
                0x0800c270        0xc c:/program files (x86)/atollic/truestudio for stm32 9.0.1/armtools/bin/../lib/gcc/arm-atollic-eabi/6.3.1/../../../../arm-atollic-eabi/lib/armv7e-m/fpu\libc.a(lib_a-mlock.o)
                0x0800c270                __malloc_lock
 .text.__malloc_unlock
                0x0800c27c        0xc c:/program files (x86)/atollic/truestudio for stm32 9.0.1/armtools/bin/../lib/gcc/arm-atollic-eabi/6.3.1/../../../../arm-atollic-eabi/lib/armv7e-m/fpu\libc.a(lib_a-mlock.o)
                0x0800c27c                __malloc_unlock
 .text._Balloc  0x0800c288       0x68 c:/program files (x86)/atollic/truestudio for stm32 9.0.1/armtools/bin/../lib/gcc/arm-atollic-eabi/6.3.1/../../../../arm-atollic-eabi/lib/armv7e-m/fpu\libc.a(lib_a-mprec.o)
                0x0800c288                _Balloc
 .text._Bfree   0x0800c2f0       0x2e c:/program files (x86)/atollic/truestudio for stm32 9.0.1/armtools/bin/../lib/gcc/arm-atollic-eabi/6.3.1/../../../../arm-atollic-eabi/lib/armv7e-m/fpu\libc.a(lib_a-mprec.o)
                0x0800c2f0                _Bfree
 .text.__multadd
                0x0800c31e       0x76 c:/program files (x86)/atollic/truestudio for stm32 9.0.1/armtools/bin/../lib/gcc/arm-atollic-eabi/6.3.1/../../../../arm-atollic-eabi/lib/armv7e-m/fpu\libc.a(lib_a-mprec.o)
                0x0800c31e                __multadd
 .text.__hi0bits
                0x0800c394       0x3e c:/program files (x86)/atollic/truestudio for stm32 9.0.1/armtools/bin/../lib/gcc/arm-atollic-eabi/6.3.1/../../../../arm-atollic-eabi/lib/armv7e-m/fpu\libc.a(lib_a-mprec.o)
                0x0800c394                __hi0bits
 .text.__lo0bits
                0x0800c3d2       0x5e c:/program files (x86)/atollic/truestudio for stm32 9.0.1/armtools/bin/../lib/gcc/arm-atollic-eabi/6.3.1/../../../../arm-atollic-eabi/lib/armv7e-m/fpu\libc.a(lib_a-mprec.o)
                0x0800c3d2                __lo0bits
 .text.__i2b    0x0800c430       0x12 c:/program files (x86)/atollic/truestudio for stm32 9.0.1/armtools/bin/../lib/gcc/arm-atollic-eabi/6.3.1/../../../../arm-atollic-eabi/lib/armv7e-m/fpu\libc.a(lib_a-mprec.o)
                0x0800c430                __i2b
 .text.__multiply
                0x0800c442      0x11a c:/program files (x86)/atollic/truestudio for stm32 9.0.1/armtools/bin/../lib/gcc/arm-atollic-eabi/6.3.1/../../../../arm-atollic-eabi/lib/armv7e-m/fpu\libc.a(lib_a-mprec.o)
                0x0800c442                __multiply
 .text.__pow5mult
                0x0800c55c       0x9c c:/program files (x86)/atollic/truestudio for stm32 9.0.1/armtools/bin/../lib/gcc/arm-atollic-eabi/6.3.1/../../../../arm-atollic-eabi/lib/armv7e-m/fpu\libc.a(lib_a-mprec.o)
                0x0800c55c                __pow5mult
 .text.__lshift
                0x0800c5f8       0xa2 c:/program files (x86)/atollic/truestudio for stm32 9.0.1/armtools/bin/../lib/gcc/arm-atollic-eabi/6.3.1/../../../../arm-atollic-eabi/lib/armv7e-m/fpu\libc.a(lib_a-mprec.o)
                0x0800c5f8                __lshift
 .text.__mcmp   0x0800c69a       0x34 c:/program files (x86)/atollic/truestudio for stm32 9.0.1/armtools/bin/../lib/gcc/arm-atollic-eabi/6.3.1/../../../../arm-atollic-eabi/lib/armv7e-m/fpu\libc.a(lib_a-mprec.o)
                0x0800c69a                __mcmp
 .text.__mdiff  0x0800c6ce       0xbc c:/program files (x86)/atollic/truestudio for stm32 9.0.1/armtools/bin/../lib/gcc/arm-atollic-eabi/6.3.1/../../../../arm-atollic-eabi/lib/armv7e-m/fpu\libc.a(lib_a-mprec.o)
                0x0800c6ce                __mdiff
 .text.__d2b    0x0800c78a       0x9e c:/program files (x86)/atollic/truestudio for stm32 9.0.1/armtools/bin/../lib/gcc/arm-atollic-eabi/6.3.1/../../../../arm-atollic-eabi/lib/armv7e-m/fpu\libc.a(lib_a-mprec.o)
                0x0800c78a                __d2b
 .text._sbrk_r  0x0800c828       0x20 c:/program files (x86)/atollic/truestudio for stm32 9.0.1/armtools/bin/../lib/gcc/arm-atollic-eabi/6.3.1/../../../../arm-atollic-eabi/lib/armv7e-m/fpu\libc.a(lib_a-sbrkr.o)
                0x0800c828                _sbrk_r
 .text.__sread  0x0800c848       0x22 c:/program files (x86)/atollic/truestudio for stm32 9.0.1/armtools/bin/../lib/gcc/arm-atollic-eabi/6.3.1/../../../../arm-atollic-eabi/lib/armv7e-m/fpu\libc.a(lib_a-stdio.o)
                0x0800c848                __sread
 .text.__swrite
                0x0800c86a       0x38 c:/program files (x86)/atollic/truestudio for stm32 9.0.1/armtools/bin/../lib/gcc/arm-atollic-eabi/6.3.1/../../../../arm-atollic-eabi/lib/armv7e-m/fpu\libc.a(lib_a-stdio.o)
                0x0800c86a                __swrite
 .text.__sseek  0x0800c8a2       0x24 c:/program files (x86)/atollic/truestudio for stm32 9.0.1/armtools/bin/../lib/gcc/arm-atollic-eabi/6.3.1/../../../../arm-atollic-eabi/lib/armv7e-m/fpu\libc.a(lib_a-stdio.o)
                0x0800c8a2                __sseek
 .text.__sclose
                0x0800c8c6        0x8 c:/program files (x86)/atollic/truestudio for stm32 9.0.1/armtools/bin/../lib/gcc/arm-atollic-eabi/6.3.1/../../../../arm-atollic-eabi/lib/armv7e-m/fpu\libc.a(lib_a-stdio.o)
                0x0800c8c6                __sclose
 .text.__sprint_r
                0x0800c8ce       0x6a c:/program files (x86)/atollic/truestudio for stm32 9.0.1/armtools/bin/../lib/gcc/arm-atollic-eabi/6.3.1/../../../../arm-atollic-eabi/lib/armv7e-m/fpu\libc.a(lib_a-vfiprintf.o)
                0x0800c8ce                __sprint_r
 .text._write_r
                0x0800c938       0x24 c:/program files (x86)/atollic/truestudio for stm32 9.0.1/armtools/bin/../lib/gcc/arm-atollic-eabi/6.3.1/../../../../arm-atollic-eabi/lib/armv7e-m/fpu\libc.a(lib_a-writer.o)
                0x0800c938                _write_r
 .text._calloc_r
                0x0800c95c       0x5a c:/program files (x86)/atollic/truestudio for stm32 9.0.1/armtools/bin/../lib/gcc/arm-atollic-eabi/6.3.1/../../../../arm-atollic-eabi/lib/armv7e-m/fpu\libc.a(lib_a-callocr.o)
                0x0800c95c                _calloc_r
 *fill*         0x0800c9b6        0x2 
 .text._close_r
                0x0800c9b8       0x20 c:/program files (x86)/atollic/truestudio for stm32 9.0.1/armtools/bin/../lib/gcc/arm-atollic-eabi/6.3.1/../../../../arm-atollic-eabi/lib/armv7e-m/fpu\libc.a(lib_a-closer.o)
                0x0800c9b8                _close_r
 .text._fclose_r
                0x0800c9d8       0xd8 c:/program files (x86)/atollic/truestudio for stm32 9.0.1/armtools/bin/../lib/gcc/arm-atollic-eabi/6.3.1/../../../../arm-atollic-eabi/lib/armv7e-m/fpu\libc.a(lib_a-fclose.o)
                0x0800c9d8                _fclose_r
 .text.__fputwc
                0x0800cab0       0x82 c:/program files (x86)/atollic/truestudio for stm32 9.0.1/armtools/bin/../lib/gcc/arm-atollic-eabi/6.3.1/../../../../arm-atollic-eabi/lib/armv7e-m/fpu\libc.a(lib_a-fputwc.o)
                0x0800cab0                __fputwc
 .text._fputwc_r
                0x0800cb32       0x52 c:/program files (x86)/atollic/truestudio for stm32 9.0.1/armtools/bin/../lib/gcc/arm-atollic-eabi/6.3.1/../../../../arm-atollic-eabi/lib/armv7e-m/fpu\libc.a(lib_a-fputwc.o)
                0x0800cb32                _fputwc_r
 .text._fstat_r
                0x0800cb84       0x24 c:/program files (x86)/atollic/truestudio for stm32 9.0.1/armtools/bin/../lib/gcc/arm-atollic-eabi/6.3.1/../../../../arm-atollic-eabi/lib/armv7e-m/fpu\libc.a(lib_a-fstatr.o)
                0x0800cb84                _fstat_r
 .text.__sfvwrite_r
                0x0800cba8      0x29c c:/program files (x86)/atollic/truestudio for stm32 9.0.1/armtools/bin/../lib/gcc/arm-atollic-eabi/6.3.1/../../../../arm-atollic-eabi/lib/armv7e-m/fpu\libc.a(lib_a-fvwrite.o)
                0x0800cba8                __sfvwrite_r
 .text._isatty_r
                0x0800ce44       0x20 c:/program files (x86)/atollic/truestudio for stm32 9.0.1/armtools/bin/../lib/gcc/arm-atollic-eabi/6.3.1/../../../../arm-atollic-eabi/lib/armv7e-m/fpu\libc.a(lib_a-isattyr.o)
                0x0800ce44                _isatty_r
 .text.__locale_mb_cur_max
                0x0800ce64       0x1c c:/program files (x86)/atollic/truestudio for stm32 9.0.1/armtools/bin/../lib/gcc/arm-atollic-eabi/6.3.1/../../../../arm-atollic-eabi/lib/armv7e-m/fpu\libc.a(lib_a-locale.o)
                0x0800ce64                __locale_mb_cur_max
 .text._lseek_r
                0x0800ce80       0x24 c:/program files (x86)/atollic/truestudio for stm32 9.0.1/armtools/bin/../lib/gcc/arm-atollic-eabi/6.3.1/../../../../arm-atollic-eabi/lib/armv7e-m/fpu\libc.a(lib_a-lseekr.o)
                0x0800ce80                _lseek_r
 .text.__ascii_mbtowc
                0x0800cea4       0x24 c:/program files (x86)/atollic/truestudio for stm32 9.0.1/armtools/bin/../lib/gcc/arm-atollic-eabi/6.3.1/../../../../arm-atollic-eabi/lib/armv7e-m/fpu\libc.a(lib_a-mbtowc_r.o)
                0x0800cea4                __ascii_mbtowc
 .text.memmove  0x0800cec8       0x34 c:/program files (x86)/atollic/truestudio for stm32 9.0.1/armtools/bin/../lib/gcc/arm-atollic-eabi/6.3.1/../../../../arm-atollic-eabi/lib/armv7e-m/fpu\libc.a(lib_a-memmove.o)
                0x0800cec8                memmove
 .text._read_r  0x0800cefc       0x24 c:/program files (x86)/atollic/truestudio for stm32 9.0.1/armtools/bin/../lib/gcc/arm-atollic-eabi/6.3.1/../../../../arm-atollic-eabi/lib/armv7e-m/fpu\libc.a(lib_a-readr.o)
                0x0800cefc                _read_r
 .text._realloc_r
                0x0800cf20      0x300 c:/program files (x86)/atollic/truestudio for stm32 9.0.1/armtools/bin/../lib/gcc/arm-atollic-eabi/6.3.1/../../../../arm-atollic-eabi/lib/armv7e-m/fpu\libc.a(lib_a-reallocr.o)
                0x0800cf20                _realloc_r
 .text.__swbuf_r
                0x0800d220       0xbc c:/program files (x86)/atollic/truestudio for stm32 9.0.1/armtools/bin/../lib/gcc/arm-atollic-eabi/6.3.1/../../../../arm-atollic-eabi/lib/armv7e-m/fpu\libc.a(lib_a-wbuf.o)
                0x0800d220                __swbuf_r
 .text._wcrtomb_r
                0x0800d2dc       0x50 c:/program files (x86)/atollic/truestudio for stm32 9.0.1/armtools/bin/../lib/gcc/arm-atollic-eabi/6.3.1/../../../../arm-atollic-eabi/lib/armv7e-m/fpu\libc.a(lib_a-wcrtomb.o)
                0x0800d2dc                _wcrtomb_r
 .text.__ascii_wctomb
                0x0800d32c       0x1a c:/program files (x86)/atollic/truestudio for stm32 9.0.1/armtools/bin/../lib/gcc/arm-atollic-eabi/6.3.1/../../../../arm-atollic-eabi/lib/armv7e-m/fpu\libc.a(lib_a-wctomb_r.o)
                0x0800d32c                __ascii_wctomb
 .text.abort    0x0800d346        0xe c:/program files (x86)/atollic/truestudio for stm32 9.0.1/armtools/bin/../lib/gcc/arm-atollic-eabi/6.3.1/../../../../arm-atollic-eabi/lib/armv7e-m/fpu\libc.a(lib_a-abort.o)
                0x0800d346                abort
 .text._raise_r
                0x0800d354       0x50 c:/program files (x86)/atollic/truestudio for stm32 9.0.1/armtools/bin/../lib/gcc/arm-atollic-eabi/6.3.1/../../../../arm-atollic-eabi/lib/armv7e-m/fpu\libc.a(lib_a-signal.o)
                0x0800d354                _raise_r
 .text.raise    0x0800d3a4       0x10 c:/program files (x86)/atollic/truestudio for stm32 9.0.1/armtools/bin/../lib/gcc/arm-atollic-eabi/6.3.1/../../../../arm-atollic-eabi/lib/armv7e-m/fpu\libc.a(lib_a-signal.o)
                0x0800d3a4                raise
 .text._kill_r  0x0800d3b4       0x24 c:/program files (x86)/atollic/truestudio for stm32 9.0.1/armtools/bin/../lib/gcc/arm-atollic-eabi/6.3.1/../../../../arm-atollic-eabi/lib/armv7e-m/fpu\libc.a(lib_a-signalr.o)
                0x0800d3b4                _kill_r
 .text._getpid_r
                0x0800d3d8        0x4 c:/program files (x86)/atollic/truestudio for stm32 9.0.1/armtools/bin/../lib/gcc/arm-atollic-eabi/6.3.1/../../../../arm-atollic-eabi/lib/armv7e-m/fpu\libc.a(lib_a-signalr.o)
                0x0800d3d8                _getpid_r
 *(.glue_7)
 .glue_7        0x0800d3dc        0x0 linker stubs
 *(.glue_7t)
 .glue_7t       0x0800d3dc        0x0 linker stubs
 *(.eh_frame)
 .eh_frame      0x0800d3dc        0x0 c:/program files (x86)/atollic/truestudio for stm32 9.0.1/armtools/bin/../lib/gcc/arm-atollic-eabi/6.3.1/armv7e-m/fpu/crtbegin.o
 *(.init)
 .init          0x0800d3dc        0x4 c:/program files (x86)/atollic/truestudio for stm32 9.0.1/armtools/bin/../lib/gcc/arm-atollic-eabi/6.3.1/armv7e-m/fpu/crti.o
                0x0800d3dc                _init
 .init          0x0800d3e0        0x8 c:/program files (x86)/atollic/truestudio for stm32 9.0.1/armtools/bin/../lib/gcc/arm-atollic-eabi/6.3.1/armv7e-m/fpu/crtn.o
 *(.fini)
 .fini          0x0800d3e8        0x4 c:/program files (x86)/atollic/truestudio for stm32 9.0.1/armtools/bin/../lib/gcc/arm-atollic-eabi/6.3.1/armv7e-m/fpu/crti.o
                0x0800d3e8                _fini
 .fini          0x0800d3ec        0x8 c:/program files (x86)/atollic/truestudio for stm32 9.0.1/armtools/bin/../lib/gcc/arm-atollic-eabi/6.3.1/armv7e-m/fpu/crtn.o
                0x0800d3f4                . = ALIGN (0x4)
                0x0800d3f4                _etext = .

.vfp11_veneer   0x0800d3f4        0x0
 .vfp11_veneer  0x0800d3f4        0x0 linker stubs

.v4_bx          0x0800d3f4        0x0
 .v4_bx         0x0800d3f4        0x0 linker stubs

.iplt           0x0800d3f4        0x0
 .iplt          0x0800d3f4        0x0 c:/program files (x86)/atollic/truestudio for stm32 9.0.1/armtools/bin/../lib/gcc/arm-atollic-eabi/6.3.1/armv7e-m/fpu/crtbegin.o

.rodata         0x0800d3f8      0x320
                0x0800d3f8                . = ALIGN (0x4)
 *(.rodata)
 .rodata        0x0800d3f8       0x15 Inc\CAN\CAN.o
 *(.rodata*)
 *fill*         0x0800d40d        0x3 
 .rodata.aPLLMULFactorTable
                0x0800d410       0x10 Drivers\STM32F3xx_HAL_Driver\Src\stm32f3xx_hal_rcc.o
                0x0800d410                aPLLMULFactorTable
 .rodata.aPredivFactorTable
                0x0800d420       0x10 Drivers\STM32F3xx_HAL_Driver\Src\stm32f3xx_hal_rcc.o
                0x0800d420                aPredivFactorTable
 .rodata.AHBPrescTable
                0x0800d430       0x10 Src\system_stm32f3xx.o
                0x0800d430                AHBPrescTable
 .rodata.APBPrescTable
                0x0800d440        0x8 Src\system_stm32f3xx.o
                0x0800d440                APBPrescTable
 .rodata._global_impure_ptr
                0x0800d448        0x4 c:/program files (x86)/atollic/truestudio for stm32 9.0.1/armtools/bin/../lib/gcc/arm-atollic-eabi/6.3.1/../../../../arm-atollic-eabi/lib/armv7e-m/fpu\libc.a(lib_a-impure.o)
                0x0800d448                _global_impure_ptr
 .rodata._vfprintf_r.str1.1
                0x0800d44c       0x34 c:/program files (x86)/atollic/truestudio for stm32 9.0.1/armtools/bin/../lib/gcc/arm-atollic-eabi/6.3.1/../../../../arm-atollic-eabi/lib/armv7e-m/fpu\libc.a(lib_a-vfprintf.o)
 .rodata.blanks.8374
                0x0800d480       0x10 c:/program files (x86)/atollic/truestudio for stm32 9.0.1/armtools/bin/../lib/gcc/arm-atollic-eabi/6.3.1/../../../../arm-atollic-eabi/lib/armv7e-m/fpu\libc.a(lib_a-vfprintf.o)
 .rodata.zeroes.8375
                0x0800d490       0x10 c:/program files (x86)/atollic/truestudio for stm32 9.0.1/armtools/bin/../lib/gcc/arm-atollic-eabi/6.3.1/../../../../arm-atollic-eabi/lib/armv7e-m/fpu\libc.a(lib_a-vfprintf.o)
 .rodata._dtoa_r.str1.1
                0x0800d4a0        0xd c:/program files (x86)/atollic/truestudio for stm32 9.0.1/armtools/bin/../lib/gcc/arm-atollic-eabi/6.3.1/../../../../arm-atollic-eabi/lib/armv7e-m/fpu\libc.a(lib_a-dtoa.o)
                                  0xf (size before relaxing)
 *fill*         0x0800d4ad        0x3 
 .rodata.__sf_fake_stderr
                0x0800d4b0       0x20 c:/program files (x86)/atollic/truestudio for stm32 9.0.1/armtools/bin/../lib/gcc/arm-atollic-eabi/6.3.1/../../../../arm-atollic-eabi/lib/armv7e-m/fpu\libc.a(lib_a-findfp.o)
                0x0800d4b0                __sf_fake_stderr
 .rodata.__sf_fake_stdin
                0x0800d4d0       0x20 c:/program files (x86)/atollic/truestudio for stm32 9.0.1/armtools/bin/../lib/gcc/arm-atollic-eabi/6.3.1/../../../../arm-atollic-eabi/lib/armv7e-m/fpu\libc.a(lib_a-findfp.o)
                0x0800d4d0                __sf_fake_stdin
 .rodata.__sf_fake_stdout
                0x0800d4f0       0x20 c:/program files (x86)/atollic/truestudio for stm32 9.0.1/armtools/bin/../lib/gcc/arm-atollic-eabi/6.3.1/../../../../arm-atollic-eabi/lib/armv7e-m/fpu\libc.a(lib_a-findfp.o)
                0x0800d4f0                __sf_fake_stdout
 .rodata.__mprec_bigtens
                0x0800d510       0x28 c:/program files (x86)/atollic/truestudio for stm32 9.0.1/armtools/bin/../lib/gcc/arm-atollic-eabi/6.3.1/../../../../arm-atollic-eabi/lib/armv7e-m/fpu\libc.a(lib_a-mprec.o)
                0x0800d510                __mprec_bigtens
 .rodata.__mprec_tens
                0x0800d538       0xc8 c:/program files (x86)/atollic/truestudio for stm32 9.0.1/armtools/bin/../lib/gcc/arm-atollic-eabi/6.3.1/../../../../arm-atollic-eabi/lib/armv7e-m/fpu\libc.a(lib_a-mprec.o)
                0x0800d538                __mprec_tens
 .rodata.p05.7196
                0x0800d600        0xc c:/program files (x86)/atollic/truestudio for stm32 9.0.1/armtools/bin/../lib/gcc/arm-atollic-eabi/6.3.1/../../../../arm-atollic-eabi/lib/armv7e-m/fpu\libc.a(lib_a-mprec.o)
 .rodata._setlocale_r.str1.1
                0x0800d60c        0x8 c:/program files (x86)/atollic/truestudio for stm32 9.0.1/armtools/bin/../lib/gcc/arm-atollic-eabi/6.3.1/../../../../arm-atollic-eabi/lib/armv7e-m/fpu\libc.a(lib_a-locale.o)
                                  0x9 (size before relaxing)
 .rodata.str1.1
                0x0800d614        0x2 c:/program files (x86)/atollic/truestudio for stm32 9.0.1/armtools/bin/../lib/gcc/arm-atollic-eabi/6.3.1/../../../../arm-atollic-eabi/lib/armv7e-m/fpu\libc.a(lib_a-locale.o)
 .rodata._ctype_
                0x0800d616      0x101 c:/program files (x86)/atollic/truestudio for stm32 9.0.1/armtools/bin/../lib/gcc/arm-atollic-eabi/6.3.1/../../../../arm-atollic-eabi/lib/armv7e-m/fpu\libc.a(lib_a-ctype_.o)
                0x0800d616                _ctype_
                0x0800d718                . = ALIGN (0x4)
 *fill*         0x0800d717        0x1 

.ARM.extab      0x0800d718      0x168
 *(.ARM.extab* .gnu.linkonce.armextab.*)
 .ARM.extab.text._ZN3App10DivideDataEv
                0x0800d718        0xc Inc\Application\Application.o
 .ARM.extab.text._ZN3App9TaskShiftEv
                0x0800d724        0xc Inc\Application\Application.o
 .ARM.extab.text._Z12FilterConfigv
                0x0800d730        0xc Inc\CAN\CAN.o
 .ARM.extab.text.HAL_CAN_RxFifo0MsgPendingCallback
                0x0800d73c        0xc Inc\CAN\CAN.o
 .ARM.extab.text._ZN7MicroSw7GetPushEv
                0x0800d748        0xc Inc\MicroSW\MicroSW.o
 .ARM.extab.text._ZN7VL53L0X4initEb
                0x0800d754        0xc Inc\VL53L0X\VL53L0X.o
 .ARM.extab.text._ZN7VL53L0X8writeRegEhh
                0x0800d760        0xc Inc\VL53L0X\VL53L0X.o
 .ARM.extab.text._ZN7VL53L0X13writeReg16BitEht
                0x0800d76c        0xc Inc\VL53L0X\VL53L0X.o
 .ARM.extab.text._ZN7VL53L0X13writeReg32BitEhm
                0x0800d778        0xc Inc\VL53L0X\VL53L0X.o
 .ARM.extab.text._ZN7VL53L0X7readRegEh
                0x0800d784        0xc Inc\VL53L0X\VL53L0X.o
 .ARM.extab.text._ZN7VL53L0X12readReg16BitEh
                0x0800d790        0xc Inc\VL53L0X\VL53L0X.o
 .ARM.extab.text._ZN7VL53L0X10writeMultiEhPKhh
                0x0800d79c        0xc Inc\VL53L0X\VL53L0X.o
 .ARM.extab.text._ZN7VL53L0X9readMultiEhPhh
                0x0800d7a8        0xc Inc\VL53L0X\VL53L0X.o
 .ARM.extab.text._ZN7VL53L0X18setSignalRateLimitEf
                0x0800d7b4        0xc Inc\VL53L0X\VL53L0X.o
 .ARM.extab.text._ZN7VL53L0X26setMeasurementTimingBudgetEm
                0x0800d7c0        0xc Inc\VL53L0X\VL53L0X.o
 .ARM.extab.text._ZN7VL53L0X26getMeasurementTimingBudgetEv
                0x0800d7cc        0xc Inc\VL53L0X\VL53L0X.o
 .ARM.extab.text._ZN7VL53L0X19getVcselPulsePeriodENS_15vcselPeriodTypeE
                0x0800d7d8        0xc Inc\VL53L0X\VL53L0X.o
 .ARM.extab.text._ZN7VL53L0X15startContinuousEm
                0x0800d7e4        0xc Inc\VL53L0X\VL53L0X.o
 .ARM.extab.text._ZN7VL53L0X30readRangeContinuousMillimetersEv
                0x0800d7f0        0xc Inc\VL53L0X\VL53L0X.o
 .ARM.extab.text._ZN7VL53L0X11getSpadInfoEPhPb
                0x0800d7fc        0xc Inc\VL53L0X\VL53L0X.o
 .ARM.extab.text._ZN7VL53L0X22getSequenceStepEnablesEPNS_19SequenceStepEnablesE
                0x0800d808        0xc Inc\VL53L0X\VL53L0X.o
 .ARM.extab.text._ZN7VL53L0X23getSequenceStepTimeoutsEPKNS_19SequenceStepEnablesEPNS_20SequenceStepTimeoutsE
                0x0800d814        0xc Inc\VL53L0X\VL53L0X.o
 .ARM.extab.text._ZN7VL53L0X27performSingleRefCalibrationEh
                0x0800d820        0xc Inc\VL53L0X\VL53L0X.o
 .ARM.extab.text._ZN6CanBusC2Emm
                0x0800d82c        0x0 Src\main.o
 .ARM.extab.text._ZN7MicroSwC2EP12GPIO_TypeDeft
                0x0800d82c        0x0 Src\main.o
 .ARM.extab.text._ZN3ADCC2Ess
                0x0800d82c        0x0 Src\main.o
 .ARM.extab.text._ZN7VL53L0X10setTimeoutEt
                0x0800d82c        0x0 Src\main.o
 .ARM.extab.text._ZN21LowlayerHandelTypedefC2Ev
                0x0800d82c        0xc Src\main.o
 .ARM.extab.text._ZN3AppC2EP21LowlayerHandelTypedef
                0x0800d838        0x0 Src\main.o
 .ARM.extab.text._ZN6Timer1C2EP17TIM_HandleTypeDef
                0x0800d838        0x0 Src\main.o
 .ARM.extab.text._ZN6Timer111SetLoopTimeEf
                0x0800d838        0xc Src\main.o
 .ARM.extab.text._ZN6Timer15StartEv
                0x0800d844        0xc Src\main.o
 .ARM.extab.text.main
                0x0800d850        0xc Src\main.o
 .ARM.extab.text._Z18SystemClock_Configv
                0x0800d85c        0xc Src\main.o
 .ARM.extab     0x0800d868       0x18 c:/program files (x86)/atollic/truestudio for stm32 9.0.1/armtools/bin/../lib/gcc/arm-atollic-eabi/6.3.1/armv7e-m/fpu\libgcc.a(pr-support.o)

.ARM            0x0800d880      0x1d8
                0x0800d880                __exidx_start = .
 *(.ARM.exidx*)
 .ARM.exidx.text._ZN3ADC5StartEv
                0x0800d938        0x8 Inc\ADC\ADC.o
 .ARM.exidx.text._ZN3ADC8GetValueEv
                0x0800d940        0x8 Inc\ADC\ADC.o
 .ARM.exidx.text._ZN3App10DivideDataEv
                0x0800d948        0x8 Inc\Application\Application.o
 .ARM.exidx.text._ZN3App9TaskShiftEv
                0x0800d950        0x8 Inc\Application\Application.o
 .ARM.exidx.text._Z12FilterConfigv
                0x0800d958        0x8 Inc\CAN\CAN.o
 .ARM.exidx.text.HAL_CAN_RxFifo0MsgPendingCallback
                0x0800d960        0x8 Inc\CAN\CAN.o
 .ARM.exidx.text._ZN6CanBus8SetErrorEv
                0x0800d968        0x8 Inc\CAN\CAN.o
 .ARM.exidx.text._ZN6CanBus4SendEmhPh
                0x0800d970        0x0 Inc\CAN\CAN.o
                                  0x8 (size before relaxing)
 .ARM.exidx.text.HAL_TIM_PeriodElapsedCallback
                0x0800d970        0x0 Inc\InterruptIvent\interrupt.o
                                  0x8 (size before relaxing)
 .ARM.exidx.text._ZN7MicroSw7GetPushEv
                0x0800d970        0x8 Inc\MicroSW\MicroSW.o
 .ARM.exidx.text._ZN7VL53L0XC2Et
                0x0800d978        0x8 Inc\VL53L0X\VL53L0X.o
 .ARM.exidx.text._ZN7VL53L0X4initEb
                0x0800d980        0x8 Inc\VL53L0X\VL53L0X.o
 .ARM.exidx.text._ZN7VL53L0X8writeRegEhh
                0x0800d988        0x8 Inc\VL53L0X\VL53L0X.o
 .ARM.exidx.text._ZN7VL53L0X13writeReg16BitEht
                0x0800d990        0x8 Inc\VL53L0X\VL53L0X.o
 .ARM.exidx.text._ZN7VL53L0X13writeReg32BitEhm
                0x0800d998        0x8 Inc\VL53L0X\VL53L0X.o
 .ARM.exidx.text._ZN7VL53L0X7readRegEh
                0x0800d9a0        0x8 Inc\VL53L0X\VL53L0X.o
 .ARM.exidx.text._ZN7VL53L0X12readReg16BitEh
                0x0800d9a8        0x8 Inc\VL53L0X\VL53L0X.o
 .ARM.exidx.text._ZN7VL53L0X10writeMultiEhPKhh
                0x0800d9b0        0x8 Inc\VL53L0X\VL53L0X.o
 .ARM.exidx.text._ZN7VL53L0X9readMultiEhPhh
                0x0800d9b8        0x8 Inc\VL53L0X\VL53L0X.o
 .ARM.exidx.text._ZN7VL53L0X18setSignalRateLimitEf
                0x0800d9c0        0x8 Inc\VL53L0X\VL53L0X.o
 .ARM.exidx.text._ZN7VL53L0X26setMeasurementTimingBudgetEm
                0x0800d9c8        0x8 Inc\VL53L0X\VL53L0X.o
 .ARM.exidx.text._ZN7VL53L0X26getMeasurementTimingBudgetEv
                0x0800d9d0        0x8 Inc\VL53L0X\VL53L0X.o
 .ARM.exidx.text._ZN7VL53L0X19getVcselPulsePeriodENS_15vcselPeriodTypeE
                0x0800d9d8        0x8 Inc\VL53L0X\VL53L0X.o
 .ARM.exidx.text._ZN7VL53L0X15startContinuousEm
                0x0800d9e0        0x8 Inc\VL53L0X\VL53L0X.o
 .ARM.exidx.text._ZN7VL53L0X30readRangeContinuousMillimetersEv
                0x0800d9e8        0x8 Inc\VL53L0X\VL53L0X.o
 .ARM.exidx.text._ZN7VL53L0X11getSpadInfoEPhPb
                0x0800d9f0        0x8 Inc\VL53L0X\VL53L0X.o
 .ARM.exidx.text._ZN7VL53L0X22getSequenceStepEnablesEPNS_19SequenceStepEnablesE
                0x0800d9f8        0x8 Inc\VL53L0X\VL53L0X.o
 .ARM.exidx.text._ZN7VL53L0X23getSequenceStepTimeoutsEPKNS_19SequenceStepEnablesEPNS_20SequenceStepTimeoutsE
                0x0800da00        0x8 Inc\VL53L0X\VL53L0X.o
 .ARM.exidx.text._ZN7VL53L0X13decodeTimeoutEt
                0x0800da08        0x8 Inc\VL53L0X\VL53L0X.o
 .ARM.exidx.text._ZN7VL53L0X13encodeTimeoutEt
                0x0800da10        0x0 Inc\VL53L0X\VL53L0X.o
                                  0x8 (size before relaxing)
 .ARM.exidx.text._ZN7VL53L0X26timeoutMclksToMicrosecondsEth
                0x0800da10        0x0 Inc\VL53L0X\VL53L0X.o
                                  0x8 (size before relaxing)
 .ARM.exidx.text._ZN7VL53L0X26timeoutMicrosecondsToMclksEmh
                0x0800da10        0x0 Inc\VL53L0X\VL53L0X.o
                                  0x8 (size before relaxing)
 .ARM.exidx.text._ZN7VL53L0X27performSingleRefCalibrationEh
                0x0800da10       0x10 Inc\VL53L0X\VL53L0X.o
                                  0x8 (size before relaxing)
 .ARM.exidx.text._ZN6CanBusC2Emm
                0x0800da20        0x0 Src\main.o
                                  0x8 (size before relaxing)
 .ARM.exidx.text._ZN7MicroSwC2EP12GPIO_TypeDeft
                0x0800da20        0x0 Src\main.o
                                  0x8 (size before relaxing)
 .ARM.exidx.text._ZN3ADCC2Ess
                0x0800da20        0x0 Src\main.o
                                  0x8 (size before relaxing)
 .ARM.exidx.text._ZN7VL53L0X10setTimeoutEt
                0x0800da20        0x0 Src\main.o
                                  0x8 (size before relaxing)
 .ARM.exidx.text._ZN21LowlayerHandelTypedefC2Ev
                0x0800da20        0x8 Src\main.o
 .ARM.exidx.text._ZN3AppC2EP21LowlayerHandelTypedef
                0x0800da28        0x8 Src\main.o
 .ARM.exidx.text._ZN6Timer1C2EP17TIM_HandleTypeDef
                0x0800da30        0x0 Src\main.o
                                  0x8 (size before relaxing)
 .ARM.exidx.text._ZN6Timer111SetLoopTimeEf
                0x0800da30        0x8 Src\main.o
 .ARM.exidx.text._ZN6Timer15StartEv
                0x0800da38        0x8 Src\main.o
 .ARM.exidx.text.main
                0x0800da40        0x8 Src\main.o
 .ARM.exidx.text._Z18SystemClock_Configv
                0x0800da48        0x8 Src\main.o
 .ARM.exidx.text.Error_Handler
                0x0800da50        0x8 Src\main.o
 .ARM.exidx     0x0800d880        0x8 c:/program files (x86)/atollic/truestudio for stm32 9.0.1/armtools/bin/../lib/gcc/arm-atollic-eabi/6.3.1/armv7e-m/fpu\libgcc.a(_udivmoddi4.o)
 .ARM.exidx     0x0800d888       0x78 c:/program files (x86)/atollic/truestudio for stm32 9.0.1/armtools/bin/../lib/gcc/arm-atollic-eabi/6.3.1/armv7e-m/fpu\libgcc.a(unwind-arm.o)
                                 0xd8 (size before relaxing)
 .ARM.exidx     0x0800d900       0x38 c:/program files (x86)/atollic/truestudio for stm32 9.0.1/armtools/bin/../lib/gcc/arm-atollic-eabi/6.3.1/armv7e-m/fpu\libgcc.a(pr-support.o)
                                 0x48 (size before relaxing)
                0x0800da58                __exidx_end = .

.rel.dyn        0x0800da58        0x0
 .rel.iplt      0x0800da58        0x0 c:/program files (x86)/atollic/truestudio for stm32 9.0.1/armtools/bin/../lib/gcc/arm-atollic-eabi/6.3.1/armv7e-m/fpu/crtbegin.o

.preinit_array  0x0800da58        0x0
                0x0800da58                PROVIDE (__preinit_array_start, .)
 *(.preinit_array*)
                0x0800da58                PROVIDE (__preinit_array_end, .)

.init_array     0x0800da58        0x4
                0x0800da58                PROVIDE (__init_array_start, .)
 *(SORT(.init_array.*))
 *(.init_array*)
 .init_array    0x0800da58        0x4 c:/program files (x86)/atollic/truestudio for stm32 9.0.1/armtools/bin/../lib/gcc/arm-atollic-eabi/6.3.1/armv7e-m/fpu/crtbegin.o
                0x0800da5c                PROVIDE (__init_array_end, .)

.fini_array     0x0800da5c        0x4
                [!provide]                PROVIDE (__fini_array_start, .)
 *(SORT(.fini_array.*))
 *(.fini_array*)
 .fini_array    0x0800da5c        0x4 c:/program files (x86)/atollic/truestudio for stm32 9.0.1/armtools/bin/../lib/gcc/arm-atollic-eabi/6.3.1/armv7e-m/fpu/crtbegin.o
                [!provide]                PROVIDE (__fini_array_end, .)
                0x0800da60                _sidata = LOADADDR (.data)

.data           0x20000000      0x67c load address 0x0800da60
                0x20000000                . = ALIGN (0x4)
                0x20000000                _sdata = .
 *(.data)
 *(.data*)
 .data.uwTickPrio
                0x20000000        0x4 Drivers\STM32F3xx_HAL_Driver\Src\stm32f3xx_hal.o
                0x20000000                uwTickPrio
 .data.uwTickFreq
                0x20000004        0x1 Drivers\STM32F3xx_HAL_Driver\Src\stm32f3xx_hal.o
                0x20000004                uwTickFreq
 *fill*         0x20000005        0x3 
 .data.SystemCoreClock
                0x20000008        0x4 Src\system_stm32f3xx.o
                0x20000008                SystemCoreClock
 .data._impure_ptr
                0x2000000c        0x4 c:/program files (x86)/atollic/truestudio for stm32 9.0.1/armtools/bin/../lib/gcc/arm-atollic-eabi/6.3.1/../../../../arm-atollic-eabi/lib/armv7e-m/fpu\libc.a(lib_a-impure.o)
                0x2000000c                _impure_ptr
 .data.impure_data
                0x20000010       0xf0 c:/program files (x86)/atollic/truestudio for stm32 9.0.1/armtools/bin/../lib/gcc/arm-atollic-eabi/6.3.1/../../../../arm-atollic-eabi/lib/armv7e-m/fpu\libc.a(lib_a-impure.o)
 .data.__malloc_av_
                0x20000100      0x408 c:/program files (x86)/atollic/truestudio for stm32 9.0.1/armtools/bin/../lib/gcc/arm-atollic-eabi/6.3.1/../../../../arm-atollic-eabi/lib/armv7e-m/fpu\libc.a(lib_a-mallocr.o)
                0x20000100                __malloc_av_
 .data.__malloc_sbrk_base
                0x20000508        0x4 c:/program files (x86)/atollic/truestudio for stm32 9.0.1/armtools/bin/../lib/gcc/arm-atollic-eabi/6.3.1/../../../../arm-atollic-eabi/lib/armv7e-m/fpu\libc.a(lib_a-mallocr.o)
                0x20000508                __malloc_sbrk_base
 .data.__malloc_trim_threshold
                0x2000050c        0x4 c:/program files (x86)/atollic/truestudio for stm32 9.0.1/armtools/bin/../lib/gcc/arm-atollic-eabi/6.3.1/../../../../arm-atollic-eabi/lib/armv7e-m/fpu\libc.a(lib_a-mallocr.o)
                0x2000050c                __malloc_trim_threshold
 .data.__global_locale
                0x20000510      0x16c c:/program files (x86)/atollic/truestudio for stm32 9.0.1/armtools/bin/../lib/gcc/arm-atollic-eabi/6.3.1/../../../../arm-atollic-eabi/lib/armv7e-m/fpu\libc.a(lib_a-locale.o)
                0x20000510                __global_locale
                0x2000067c                . = ALIGN (0x4)
                0x2000067c                _edata = .
                0x0800e0dc                _siccmram = LOADADDR (.ccmram)

.igot.plt       0x2000067c        0x0 load address 0x0800e0dc
 .igot.plt      0x2000067c        0x0 c:/program files (x86)/atollic/truestudio for stm32 9.0.1/armtools/bin/../lib/gcc/arm-atollic-eabi/6.3.1/armv7e-m/fpu/crtbegin.o

.ccmram         0x10000000        0x0 load address 0x0800e0dc
                0x10000000                . = ALIGN (0x4)
                0x10000000                _sccmram = .
 *(.ccmram)
 *(.ccmram*)
                0x10000000                . = ALIGN (0x4)
                0x10000000                _eccmram = .
                0x10000000                . = ALIGN (0x4)

.bss            0x2000067c      0x324
                0x2000067c                _sbss = .
                0x2000067c                __bss_start__ = _sbss
 *(.bss)
 .bss           0x2000067c       0x1c c:/program files (x86)/atollic/truestudio for stm32 9.0.1/armtools/bin/../lib/gcc/arm-atollic-eabi/6.3.1/armv7e-m/fpu/crtbegin.o
 .bss           0x20000698       0x2a Inc\ADC\ADC.o
                0x20000698                adcValue1
                0x200006a4                adcValue2
                0x200006b0                ADCValue
 *fill*         0x200006c2        0x2 
 .bss           0x200006c4        0x4 Inc\Application\Application.o
                0x200006c4                tx_led
 .bss           0x200006c8       0x29 Inc\CAN\CAN.o
                0x200006c8                RxFIFO_Data
                0x200006d0                RXmsg
                0x200006ec                rx_led
                0x200006f0                CanRxFlag
 *fill*         0x200006f1        0x3 
 .bss           0x200006f4        0x8 Inc\InterruptIvent\interrupt.o
                0x200006f4                IntFlag
                0x200006f8                warikan
 *(.bss*)
 .bss.HAL_RCC_ADC12_CLK_ENABLED
                0x200006fc        0x4 Src\adc.o
 .bss.heap_end.7031
                0x20000700        0x4 Src\syscalls.o
 .bss.__malloc_current_mallinfo
                0x20000704       0x28 c:/program files (x86)/atollic/truestudio for stm32 9.0.1/armtools/bin/../lib/gcc/arm-atollic-eabi/6.3.1/../../../../arm-atollic-eabi/lib/armv7e-m/fpu\libc.a(lib_a-mallocr.o)
                0x20000704                __malloc_current_mallinfo
 .bss.__malloc_max_sbrked_mem
                0x2000072c        0x4 c:/program files (x86)/atollic/truestudio for stm32 9.0.1/armtools/bin/../lib/gcc/arm-atollic-eabi/6.3.1/../../../../arm-atollic-eabi/lib/armv7e-m/fpu\libc.a(lib_a-mallocr.o)
                0x2000072c                __malloc_max_sbrked_mem
 .bss.__malloc_max_total_mem
                0x20000730        0x4 c:/program files (x86)/atollic/truestudio for stm32 9.0.1/armtools/bin/../lib/gcc/arm-atollic-eabi/6.3.1/../../../../arm-atollic-eabi/lib/armv7e-m/fpu\libc.a(lib_a-mallocr.o)
                0x20000730                __malloc_max_total_mem
 .bss.__malloc_top_pad
                0x20000734        0x4 c:/program files (x86)/atollic/truestudio for stm32 9.0.1/armtools/bin/../lib/gcc/arm-atollic-eabi/6.3.1/../../../../arm-atollic-eabi/lib/armv7e-m/fpu\libc.a(lib_a-mallocr.o)
                0x20000734                __malloc_top_pad
 *(COMMON)
 COMMON         0x20000738        0x4 Drivers\STM32F3xx_HAL_Driver\Src\stm32f3xx_hal.o
                0x20000738                uwTick
 COMMON         0x2000073c      0x130 Src\adc.o
                0x2000073c                hadc2
                0x20000790                hadc1
                0x200007e4                hdma_adc1
                0x20000828                hdma_adc2
 COMMON         0x2000086c       0x28 Src\can.o
                0x2000086c                hcan
 COMMON         0x20000894       0x4c Src\i2c.o
                0x20000894                hi2c1
 COMMON         0x200008e0       0x40 Src\tim.o
                0x200008e0                htim6
 COMMON         0x20000920       0x70 Src\usart.o
                0x20000920                huart2
 COMMON         0x20000990        0x9 c:/program files (x86)/atollic/truestudio for stm32 9.0.1/armtools/bin/../lib/gcc/arm-atollic-eabi/6.3.1/../../../../arm-atollic-eabi/lib/armv7e-m/fpu\libc.a(lib_a-lock.o)
                0x20000990                __lock___atexit_recursive_mutex
                0x20000991                __lock___arc4random_mutex
                0x20000992                __lock___env_recursive_mutex
                0x20000993                __lock___sinit_recursive_mutex
                0x20000994                __lock___malloc_recursive_mutex
                0x20000995                __lock___at_quick_exit_mutex
                0x20000996                __lock___dd_hash_mutex
                0x20000997                __lock___tz_mutex
                0x20000998                __lock___sfp_recursive_mutex
 *fill*         0x20000999        0x3 
 COMMON         0x2000099c        0x4 c:/program files (x86)/atollic/truestudio for stm32 9.0.1/armtools/bin/../lib/gcc/arm-atollic-eabi/6.3.1/../../../../arm-atollic-eabi/lib/armv7e-m/fpu\libc.a(lib_a-reent.o)
                0x2000099c                errno
                0x200009a0                . = ALIGN (0x4)
                0x200009a0                _ebss = .
                0x200009a0                __bss_end__ = _ebss

._user_heap_stack
                0x200009a0      0x600
                0x200009a0                . = ALIGN (0x4)
                0x200009a0                PROVIDE (end, .)
                [!provide]                PROVIDE (_end, .)
                0x20000ba0                . = (. + _Min_Heap_Size)
 *fill*         0x200009a0      0x200 
                0x20000fa0                . = (. + _Min_Stack_Size)
 *fill*         0x20000ba0      0x400 
                0x20000fa0                . = ALIGN (0x4)

/DISCARD/
 libc.a(*)
 libm.a(*)
 libgcc.a(*)

.ARM.attributes
                0x00000000       0x30
 *(.ARM.attributes)
 .ARM.attributes
                0x00000000       0x22 c:/program files (x86)/atollic/truestudio for stm32 9.0.1/armtools/bin/../lib/gcc/arm-atollic-eabi/6.3.1/armv7e-m/fpu/crti.o
 .ARM.attributes
                0x00000022       0x34 c:/program files (x86)/atollic/truestudio for stm32 9.0.1/armtools/bin/../lib/gcc/arm-atollic-eabi/6.3.1/armv7e-m/fpu/crtbegin.o
 .ARM.attributes
                0x00000056       0x39 Drivers\STM32F3xx_HAL_Driver\Src\stm32f3xx_hal.o
 .ARM.attributes
                0x0000008f       0x39 Drivers\STM32F3xx_HAL_Driver\Src\stm32f3xx_hal_adc.o
 .ARM.attributes
                0x000000c8       0x39 Drivers\STM32F3xx_HAL_Driver\Src\stm32f3xx_hal_adc_ex.o
 .ARM.attributes
                0x00000101       0x39 Drivers\STM32F3xx_HAL_Driver\Src\stm32f3xx_hal_can.o
 .ARM.attributes
                0x0000013a       0x39 Drivers\STM32F3xx_HAL_Driver\Src\stm32f3xx_hal_cortex.o
 .ARM.attributes
                0x00000173       0x39 Drivers\STM32F3xx_HAL_Driver\Src\stm32f3xx_hal_dma.o
 .ARM.attributes
                0x000001ac       0x39 Drivers\STM32F3xx_HAL_Driver\Src\stm32f3xx_hal_gpio.o
 .ARM.attributes
                0x000001e5       0x39 Drivers\STM32F3xx_HAL_Driver\Src\stm32f3xx_hal_i2c.o
 .ARM.attributes
                0x0000021e       0x39 Drivers\STM32F3xx_HAL_Driver\Src\stm32f3xx_hal_i2c_ex.o
 .ARM.attributes
                0x00000257       0x39 Drivers\STM32F3xx_HAL_Driver\Src\stm32f3xx_hal_rcc.o
 .ARM.attributes
                0x00000290       0x39 Drivers\STM32F3xx_HAL_Driver\Src\stm32f3xx_hal_rcc_ex.o
 .ARM.attributes
                0x000002c9       0x39 Drivers\STM32F3xx_HAL_Driver\Src\stm32f3xx_hal_tim.o
 .ARM.attributes
                0x00000302       0x39 Drivers\STM32F3xx_HAL_Driver\Src\stm32f3xx_hal_tim_ex.o
 .ARM.attributes
                0x0000033b       0x39 Drivers\STM32F3xx_HAL_Driver\Src\stm32f3xx_hal_uart.o
 .ARM.attributes
                0x00000374       0x39 Inc\ADC\ADC.o
 .ARM.attributes
                0x000003ad       0x39 Inc\Application\Application.o
 .ARM.attributes
                0x000003e6       0x39 Inc\CAN\CAN.o
 .ARM.attributes
                0x0000041f       0x39 Inc\InterruptIvent\interrupt.o
 .ARM.attributes