Archive member included to satisfy reference by file (symbol)

c:/program files (x86)/atollic/truestudio for stm32 9.0.1/armtools/bin/../lib/gcc/arm-atollic-eabi/6.3.1/../../../../arm-atollic-eabi/lib/armv7e-m/fpu\libc.a(lib_a-errno.o)
                              Src\syscalls.o (__errno)
c:/program files (x86)/atollic/truestudio for stm32 9.0.1/armtools/bin/../lib/gcc/arm-atollic-eabi/6.3.1/../../../../arm-atollic-eabi/lib/armv7e-m/fpu\libc.a(lib_a-impure.o)
                              c:/program files (x86)/atollic/truestudio for stm32 9.0.1/armtools/bin/../lib/gcc/arm-atollic-eabi/6.3.1/../../../../arm-atollic-eabi/lib/armv7e-m/fpu\libc.a(lib_a-errno.o) (_impure_ptr)
c:/program files (x86)/atollic/truestudio for stm32 9.0.1/armtools/bin/../lib/gcc/arm-atollic-eabi/6.3.1/../../../../arm-atollic-eabi/lib/armv7e-m/fpu\libc.a(lib_a-init.o)
                              startup\startup_stm32f303x8.o (__libc_init_array)
c:/program files (x86)/atollic/truestudio for stm32 9.0.1/armtools/bin/../lib/gcc/arm-atollic-eabi/6.3.1/../../../../arm-atollic-eabi/lib/armv7e-m/fpu\libc.a(lib_a-memset.o)
                              Src\adc.o (memset)
c:/program files (x86)/atollic/truestudio for stm32 9.0.1/armtools/bin/../lib/gcc/arm-atollic-eabi/6.3.1/../../../../arm-atollic-eabi/lib/armv7e-m/fpu\libc.a(lib_a-printf.o)
                              Inc\CAN\CAN.o (printf)
c:/program files (x86)/atollic/truestudio for stm32 9.0.1/armtools/bin/../lib/gcc/arm-atollic-eabi/6.3.1/../../../../arm-atollic-eabi/lib/armv7e-m/fpu\libc.a(lib_a-vfprintf.o)
                              c:/program files (x86)/atollic/truestudio for stm32 9.0.1/armtools/bin/../lib/gcc/arm-atollic-eabi/6.3.1/../../../../arm-atollic-eabi/lib/armv7e-m/fpu\libc.a(lib_a-printf.o) (_vfprintf_r)
c:/program files (x86)/atollic/truestudio for stm32 9.0.1/armtools/bin/../lib/gcc/arm-atollic-eabi/6.3.1/../../../../arm-atollic-eabi/lib/armv7e-m/fpu\libc.a(lib_a-wsetup.o)
                              c:/program files (x86)/atollic/truestudio for stm32 9.0.1/armtools/bin/../lib/gcc/arm-atollic-eabi/6.3.1/../../../../arm-atollic-eabi/lib/armv7e-m/fpu\libc.a(lib_a-vfprintf.o) (__swsetup_r)
c:/program files (x86)/atollic/truestudio for stm32 9.0.1/armtools/bin/../lib/gcc/arm-atollic-eabi/6.3.1/../../../../arm-atollic-eabi/lib/armv7e-m/fpu\libc.a(lib_a-dtoa.o)
                              c:/program files (x86)/atollic/truestudio for stm32 9.0.1/armtools/bin/../lib/gcc/arm-atollic-eabi/6.3.1/../../../../arm-atollic-eabi/lib/armv7e-m/fpu\libc.a(lib_a-vfprintf.o) (_dtoa_r)
c:/program files (x86)/atollic/truestudio for stm32 9.0.1/armtools/bin/../lib/gcc/arm-atollic-eabi/6.3.1/../../../../arm-atollic-eabi/lib/armv7e-m/fpu\libc.a(lib_a-fflush.o)
                              c:/program files (x86)/atollic/truestudio for stm32 9.0.1/armtools/bin/../lib/gcc/arm-atollic-eabi/6.3.1/../../../../arm-atollic-eabi/lib/armv7e-m/fpu\libc.a(lib_a-vfprintf.o) (_fflush_r)
c:/program files (x86)/atollic/truestudio for stm32 9.0.1/armtools/bin/../lib/gcc/arm-atollic-eabi/6.3.1/../../../../arm-atollic-eabi/lib/armv7e-m/fpu\libc.a(lib_a-findfp.o)
                              c:/program files (x86)/atollic/truestudio for stm32 9.0.1/armtools/bin/../lib/gcc/arm-atollic-eabi/6.3.1/../../../../arm-atollic-eabi/lib/armv7e-m/fpu\libc.a(lib_a-printf.o) (__sinit)
c:/program files (x86)/atollic/truestudio for stm32 9.0.1/armtools/bin/../lib/gcc/arm-atollic-eabi/6.3.1/../../../../arm-atollic-eabi/lib/armv7e-m/fpu\libc.a(lib_a-freer.o)
                              c:/program files (x86)/atollic/truestudio for stm32 9.0.1/armtools/bin/../lib/gcc/arm-atollic-eabi/6.3.1/../../../../arm-atollic-eabi/lib/armv7e-m/fpu\libc.a(lib_a-wsetup.o) (_free_r)
c:/program files (x86)/atollic/truestudio for stm32 9.0.1/armtools/bin/../lib/gcc/arm-atollic-eabi/6.3.1/../../../../arm-atollic-eabi/lib/armv7e-m/fpu\libc.a(lib_a-fwalk.o)
                              c:/program files (x86)/atollic/truestudio for stm32 9.0.1/armtools/bin/../lib/gcc/arm-atollic-eabi/6.3.1/../../../../arm-atollic-eabi/lib/armv7e-m/fpu\libc.a(lib_a-findfp.o) (_fwalk)
c:/program files (x86)/atollic/truestudio for stm32 9.0.1/armtools/bin/../lib/gcc/arm-atollic-eabi/6.3.1/../../../../arm-atollic-eabi/lib/armv7e-m/fpu\libc.a(lib_a-localeconv.o)
                              c:/program files (x86)/atollic/truestudio for stm32 9.0.1/armtools/bin/../lib/gcc/arm-atollic-eabi/6.3.1/../../../../arm-atollic-eabi/lib/armv7e-m/fpu\libc.a(lib_a-vfprintf.o) (_localeconv_r)
c:/program files (x86)/atollic/truestudio for stm32 9.0.1/armtools/bin/../lib/gcc/arm-atollic-eabi/6.3.1/../../../../arm-atollic-eabi/lib/armv7e-m/fpu\libc.a(lib_a-lock.o)
                              c:/program files (x86)/atollic/truestudio for stm32 9.0.1/armtools/bin/../lib/gcc/arm-atollic-eabi/6.3.1/../../../../arm-atollic-eabi/lib/armv7e-m/fpu\libc.a(lib_a-vfprintf.o) (__retarget_lock_init_recursive)
[...]
Memory Configuration

Name             Origin             Length             Attributes
RAM              0x20000000         0x00003000         xrw
CCMRAM           0x10000000         0x00001000         rw
FLASH            0x08000000         0x00010000         xr
*default*        0x00000000         0xffffffff

Linker script and memory map

LOAD c:/program files (x86)/atollic/truestudio for stm32 9.0.1/armtools/bin/../lib/gcc/arm-atollic-eabi/6.3.1/armv7e-m/fpu/crti.o
LOAD c:/program files (x86)/atollic/truestudio for stm32 9.0.1/armtools/bin/../lib/gcc/arm-atollic-eabi/6.3.1/armv7e-m/fpu/crtbegin.o
LOAD Drivers\STM32F3xx_HAL_Driver\Src\stm32f3xx_hal.o
LOAD Drivers\STM32F3xx_HAL_Driver\Src\stm32f3xx_hal_adc.o
LOAD Drivers\STM32F3xx_HAL_Driver\Src\stm32f3xx_hal_adc_ex.o
LOAD Drivers\STM32F3xx_HAL_Driver\Src\stm32f3xx_hal_can.o
LOAD Drivers\STM32F3xx_HAL_Driver\Src\stm32f3xx_hal_cortex.o
LOAD Drivers\STM32F3xx_HAL_Driver\Src\stm32f3xx_hal_dma.o
LOAD Drivers\STM32F3xx_HAL_Driver\Src\stm32f3xx_hal_flash.o
LOAD Drivers\STM32F3xx_HAL_Driver\Src\stm32f3xx_hal_flash_ex.o
LOAD Drivers\STM32F3xx_HAL_Driver\Src\stm32f3xx_hal_gpio.o
LOAD Drivers\STM32F3xx_HAL_Driver\Src\stm32f3xx_hal_i2c.o
LOAD Drivers\STM32F3xx_HAL_Driver\Src\stm32f3xx_hal_i2c_ex.o
LOAD Drivers\STM32F3xx_HAL_Driver\Src\stm32f3xx_hal_pwr.o
LOAD Drivers\STM32F3xx_HAL_Driver\Src\stm32f3xx_hal_pwr_ex.o
LOAD Drivers\STM32F3xx_HAL_Driver\Src\stm32f3xx_hal_rcc.o
LOAD Drivers\STM32F3xx_HAL_Driver\Src\stm32f3xx_hal_rcc_ex.o
LOAD Drivers\STM32F3xx_HAL_Driver\Src\stm32f3xx_hal_tim.o
LOAD Drivers\STM32F3xx_HAL_Driver\Src\stm32f3xx_hal_tim_ex.o
LOAD Drivers\STM32F3xx_HAL_Driver\Src\stm32f3xx_hal_uart.o
LOAD Drivers\STM32F3xx_HAL_Driver\Src\stm32f3xx_hal_uart_ex.o
LOAD Inc\ADC\ADC.o
LOAD Inc\Application\Application.o
LOAD Inc\CAN\CAN.o
LOAD Inc\InterruptIvent\interrupt.o
LOAD Inc\MicroSW\MicroSW.o
LOAD Src\adc.o
LOAD Src\can.o
LOAD Src\dma.o
LOAD Src\gpio.o
LOAD Src\main.o
LOAD Src\printf.o
LOAD Src\stm32f3xx_hal_msp.o
LOAD Src\stm32f3xx_it.o
LOAD Src\syscalls.o
LOAD Src\system_stm32f3xx.o
LOAD Src\tim.o
LOAD Src\usart.o
LOAD startup\startup_stm32f303x8.o
                0x00001000                malloc_getpagesize_P = 0x1000
START GROUP
LOAD c:/program files (x86)/atollic/truestudio for stm32 9.0.1/armtools/bin/../lib/gcc/arm-atollic-eabi/6.3.1/../../../../arm-atollic-eabi/lib/armv7e-m/fpu\libstdc++.a
LOAD c:/program files (x86)/atollic/truestudio for stm32 9.0.1/armtools/bin/../lib/gcc/arm-atollic-eabi/6.3.1/../../../../arm-atollic-eabi/lib/armv7e-m/fpu\libsupc++.a
END GROUP
LOAD c:/program files (x86)/atollic/truestudio for stm32 9.0.1/armtools/bin/../lib/gcc/arm-atollic-eabi/6.3.1/../../../../arm-atollic-eabi/lib/armv7e-m/fpu\libstdc++.a
LOAD c:/program files (x86)/atollic/truestudio for stm32 9.0.1/armtools/bin/../lib/gcc/arm-atollic-eabi/6.3.1/../../../../arm-atollic-eabi/lib/armv7e-m/fpu\libm.a
LOAD c:/program files (x86)/atollic/truestudio for stm32 9.0.1/armtools/bin/../lib/gcc/arm-atollic-eabi/6.3.1/../../../../arm-atollic-eabi/lib/armv7e-m/fpu\libc.a
START GROUP
LOAD c:/program files (x86)/atollic/truestudio for stm32 9.0.1/armtools/bin/../lib/gcc/arm-atollic-eabi/6.3.1/armv7e-m/fpu\libgcc.a
LOAD c:/program files (x86)/atollic/truestudio for stm32 9.0.1/armtools/bin/../lib/gcc/arm-atollic-eabi/6.3.1/../../../../arm-atollic-eabi/lib/armv7e-m/fpu\libc.a
END GROUP
START GROUP
LOAD c:/program files (x86)/atollic/truestudio for stm32 9.0.1/armtools/bin/../lib/gcc/arm-atollic-eabi/6.3.1/armv7e-m/fpu\libgcc.a
LOAD c:/program files (x86)/atollic/truestudio for stm32 9.0.1/armtools/bin/../lib/gcc/arm-atollic-eabi/6.3.1/../../../../arm-atollic-eabi/lib/armv7e-m/fpu\libc.a
LOAD c:/program files (x86)/atollic/truestudio for stm32 9.0.1/armtools/bin/../lib/gcc/arm-atollic-eabi/6.3.1/../../../../arm-atollic-eabi/lib/armv7e-m/fpu\libnosys.a
END GROUP
LOAD c:/program files (x86)/atollic/truestudio for stm32 9.0.1/armtools/bin/../lib/gcc/arm-atollic-eabi/6.3.1/armv7e-m/fpu/crtend.o
LOAD c:/program files (x86)/atollic/truestudio for stm32 9.0.1/armtools/bin/../lib/gcc/arm-atollic-eabi/6.3.1/armv7e-m/fpu/crtn.o
                0x20003000                _estack = 0x20003000
                0x00000200                _Min_Heap_Size = 0x200
                0x00000400                _Min_Stack_Size = 0x400

.isr_vector     0x08000000      0x188
                0x08000000                . = ALIGN (0x4)
 *(.isr_vector)
 .isr_vector    0x08000000      0x188 startup\startup_stm32f303x8.o
                0x08000000                g_pfnVectors
                0x08000188                . = ALIGN (0x4)

.text           0x08000190     0x867c
                0x08000190                . = ALIGN (0x4)
 *(.text)
 .text          0x08000190       0x40 c:/program files (x86)/atollic/truestudio for stm32 9.0.1/armtools/bin/../lib/gcc/arm-atollic-eabi/6.3.1/armv7e-m/fpu/crtbegin.o
 .text          0x080001d0       0xa0 c:/program files (x86)/atollic/truestudio for stm32 9.0.1/armtools/bin/../lib/gcc/arm-atollic-eabi/6.3.1/../../../../arm-atollic-eabi/lib/armv7e-m/fpu\libc.a(lib_a-memchr.o)
                0x080001d0                memchr
 .text          0x08000270       0x10 c:/program files (x86)/atollic/truestudio for stm32 9.0.1/armtools/bin/../lib/gcc/arm-atollic-eabi/6.3.1/../../../../arm-atollic-eabi/lib/armv7e-m/fpu\libc.a(lib_a-strlen.o)
                0x08000270                strlen
 .text          0x08000280      0x370 c:/program files (x86)/atollic/truestudio for stm32 9.0.1/armtools/bin/../lib/gcc/arm-atollic-eabi/6.3.1/armv7e-m/fpu\libgcc.a(_arm_addsubdf3.o)
                0x08000280                __aeabi_drsub
                0x08000288                __aeabi_dsub
                0x08000288                __subdf3
                0x0800028c                __aeabi_dadd
                0x0800028c                __adddf3
                0x08000504                __floatunsidf
                0x08000504                __aeabi_ui2d
                0x08000524                __floatsidf
                0x08000524                __aeabi_i2d
                0x08000548                __aeabi_f2d
                0x08000548                __extendsfdf2
                0x08000584                __floatundidf
                0x08000584                __aeabi_ul2d
                0x08000594                __floatdidf
                0x08000594                __aeabi_l2d
 .text          0x080005f0      0x424 c:/program files (x86)/atollic/truestudio for stm32 9.0.1/armtools/bin/../lib/gcc/arm-atollic-eabi/6.3.1/armv7e-m/fpu\libgcc.a(_arm_muldivdf3.o)
                0x080005f0                __aeabi_dmul
                0x080005f0                __muldf3
                0x08000844                __divdf3
                0x08000844                __aeabi_ddiv
 .text          0x08000a14      0x110 c:/program files (x86)/atollic/truestudio for stm32 9.0.1/armtools/bin/../lib/gcc/arm-atollic-eabi/6.3.1/armv7e-m/fpu\libgcc.a(_arm_cmpdf2.o)
                0x08000a14                __gtdf2
                0x08000a14                __gedf2
                0x08000a1c                __ltdf2
                0x08000a1c                __ledf2
                0x08000a24                __nedf2
                0x08000a24                __eqdf2
                0x08000a24                __cmpdf2
                0x08000aa0                __aeabi_cdrcmple
                0x08000ab0                __aeabi_cdcmpeq
                0x08000ab0                __aeabi_cdcmple
                0x08000ac0                __aeabi_dcmpeq
                0x08000ad4                __aeabi_dcmplt
                0x08000ae8                __aeabi_dcmple
                0x08000afc                __aeabi_dcmpge
                0x08000b10                __aeabi_dcmpgt
 .text          0x08000b24       0x2c c:/program files (x86)/atollic/truestudio for stm32 9.0.1/armtools/bin/../lib/gcc/arm-atollic-eabi/6.3.1/armv7e-m/fpu\libgcc.a(_arm_unorddf2.o)
                0x08000b24                __unorddf2
                0x08000b24                __aeabi_dcmpun
 .text          0x08000b50       0x50 c:/program files (x86)/atollic/truestudio for stm32 9.0.1/armtools/bin/../lib/gcc/arm-atollic-eabi/6.3.1/armv7e-m/fpu\libgcc.a(_arm_fixdfsi.o)
                0x08000b50                __aeabi_d2iz
                0x08000b50                __fixdfsi
 .text          0x08000ba0       0x30 c:/program files (x86)/atollic/truestudio for stm32 9.0.1/armtools/bin/../lib/gcc/arm-atollic-eabi/6.3.1/armv7e-m/fpu\libgcc.a(_aeabi_uldivmod.o)
                0x08000ba0                __aeabi_uldivmod
 .text          0x08000bd0      0x2dc c:/program files (x86)/atollic/truestudio for stm32 9.0.1/armtools/bin/../lib/gcc/arm-atollic-eabi/6.3.1/armv7e-m/fpu\libgcc.a(_udivmoddi4.o)
                0x08000bd0                __udivmoddi4
 .text          0x08000eac      0x9cc c:/program files (x86)/atollic/truestudio for stm32 9.0.1/armtools/bin/../lib/gcc/arm-atollic-eabi/6.3.1/armv7e-m/fpu\libgcc.a(unwind-arm.o)
                0x0800116c                _Unwind_GetCFA
                0x08001170                __gnu_Unwind_RaiseException
                0x080011d0                __gnu_Unwind_ForcedUnwind
                0x080011e4                __gnu_Unwind_Resume
                0x08001228                __gnu_Unwind_Resume_or_Rethrow
                0x08001238                _Unwind_Complete
                0x0800123c                _Unwind_DeleteException
                0x08001248                _Unwind_VRS_Get
                0x08001294                _Unwind_VRS_Set
                0x080012e4                __gnu_Unwind_Backtrace
                0x08001624                __aeabi_unwind_cpp_pr0
                0x08001628                __aeabi_unwind_cpp_pr1
                0x0800162c                __aeabi_unwind_cpp_pr2
                0x08001630                _Unwind_VRS_Pop
 .text          0x08001878      0x1ac c:/program files (x86)/atollic/truestudio for stm32 9.0.1/armtools/bin/../lib/gcc/arm-atollic-eabi/6.3.1/armv7e-m/fpu\libgcc.a(libunwind.o)
                0x08001878                __restore_core_regs
                0x08001878                restore_core_regs
                0x08001890                __gnu_Unwind_Restore_VFP
                0x08001898                __gnu_Unwind_Save_VFP
                0x080018a0                __gnu_Unwind_Restore_VFP_D
                0x080018a8                __gnu_Unwind_Save_VFP_D
                0x080018b0                __gnu_Unwind_Restore_VFP_D_16_to_31
                0x080018b8                __gnu_Unwind_Save_VFP_D_16_to_31
                0x080018c0                __gnu_Unwind_Restore_WMMXD
                0x08001904                __gnu_Unwind_Save_WMMXD
                0x08001948                __gnu_Unwind_Restore_WMMXC
                0x0800195c                __gnu_Unwind_Save_WMMXC
                0x08001970                ___Unwind_RaiseException
                0x08001970                _Unwind_RaiseException
                0x08001994                _Unwind_Resume
                0x08001994                ___Unwind_Resume
                0x080019b8                _Unwind_Resume_or_Rethrow
                0x080019b8                ___Unwind_Resume_or_Rethrow
                0x080019dc                _Unwind_ForcedUnwind
                0x080019dc                ___Unwind_ForcedUnwind
                0x08001a00                ___Unwind_Backtrace
                0x08001a00                _Unwind_Backtrace
 .text          0x08001a24      0x380 c:/program files (x86)/atollic/truestudio for stm32 9.0.1/armtools/bin/../lib/gcc/arm-atollic-eabi/6.3.1/armv7e-m/fpu\libgcc.a(pr-support.o)
                0x08001a7c                __gnu_unwind_execute
                0x08001d4c                __gnu_unwind_frame
                0x08001d74                _Unwind_GetRegionStart
                0x08001d80                _Unwind_GetLanguageSpecificData
                0x08001d94                _Unwind_GetTextRelBase
                0x08001d9c                _Unwind_GetDataRelBase
 .text          0x08001da4        0x4 c:/program files (x86)/atollic/truestudio for stm32 9.0.1/armtools/bin/../lib/gcc/arm-atollic-eabi/6.3.1/armv7e-m/fpu\libgcc.a(_dvmd_tls.o)
                0x08001da4                __aeabi_idiv0
                0x08001da4                __aeabi_ldiv0
 *(.text*)
 .text.HAL_InitTick
                0x08001da8       0x48 Drivers\STM32F3xx_HAL_Driver\Src\stm32f3xx_hal.o
                0x08001da8                HAL_InitTick
 .text.HAL_Init
                0x08001df0       0x24 Drivers\STM32F3xx_HAL_Driver\Src\stm32f3xx_hal.o
                0x08001df0                HAL_Init
 .text.HAL_IncTick
                0x08001e14       0x18 Drivers\STM32F3xx_HAL_Driver\Src\stm32f3xx_hal.o
                0x08001e14                HAL_IncTick
 .text.HAL_GetTick
                0x08001e2c        0xc Drivers\STM32F3xx_HAL_Driver\Src\stm32f3xx_hal.o
                0x08001e2c                HAL_GetTick
 .text.ADC_Disable
                0x08001e38       0x6e Drivers\STM32F3xx_HAL_Driver\Src\stm32f3xx_hal_adc_ex.o
 *fill*         0x08001ea6        0x2 
 .text.HAL_ADC_Init
                0x08001ea8      0x1f0 Drivers\STM32F3xx_HAL_Driver\Src\stm32f3xx_hal_adc_ex.o
                0x08001ea8                HAL_ADC_Init
 .text.HAL_ADC_ConfigChannel
                0x08002098      0x300 Drivers\STM32F3xx_HAL_Driver\Src\stm32f3xx_hal_adc_ex.o
                0x08002098                HAL_ADC_ConfigChannel
 .text.HAL_ADCEx_MultiModeConfigChannel
                0x08002398       0xe8 Drivers\STM32F3xx_HAL_Driver\Src\stm32f3xx_hal_adc_ex.o
                0x08002398                HAL_ADCEx_MultiModeConfigChannel
 .text.HAL_CAN_Init
                0x08002480       0xf6 Drivers\STM32F3xx_HAL_Driver\Src\stm32f3xx_hal_can.o
                0x08002480                HAL_CAN_Init
 .text.HAL_CAN_AddTxMessage
                0x08002576       0x9a Drivers\STM32F3xx_HAL_Driver\Src\stm32f3xx_hal_can.o
                0x08002576                HAL_CAN_AddTxMessage
 .text.HAL_CAN_GetRxMessage
                0x08002610       0xec Drivers\STM32F3xx_HAL_Driver\Src\stm32f3xx_hal_can.o
                0x08002610                HAL_CAN_GetRxMessage
 .text.HAL_CAN_TxMailbox0CompleteCallback
                0x080026fc        0x2 Drivers\STM32F3xx_HAL_Driver\Src\stm32f3xx_hal_can.o
                0x080026fc                HAL_CAN_TxMailbox0CompleteCallback
 .text.HAL_CAN_TxMailbox1CompleteCallback
                0x080026fe        0x2 Drivers\STM32F3xx_HAL_Driver\Src\stm32f3xx_hal_can.o
                0x080026fe                HAL_CAN_TxMailbox1CompleteCallback
 .text.HAL_CAN_TxMailbox2CompleteCallback
                0x08002700        0x2 Drivers\STM32F3xx_HAL_Driver\Src\stm32f3xx_hal_can.o
                0x08002700                HAL_CAN_TxMailbox2CompleteCallback
 .text.HAL_CAN_TxMailbox0AbortCallback
                0x08002702        0x2 Drivers\STM32F3xx_HAL_Driver\Src\stm32f3xx_hal_can.o
                0x08002702                HAL_CAN_TxMailbox0AbortCallback
 .text.HAL_CAN_TxMailbox1AbortCallback
                0x08002704        0x2 Drivers\STM32F3xx_HAL_Driver\Src\stm32f3xx_hal_can.o
                0x08002704                HAL_CAN_TxMailbox1AbortCallback
 .text.HAL_CAN_TxMailbox2AbortCallback
                0x08002706        0x2 Drivers\STM32F3xx_HAL_Driver\Src\stm32f3xx_hal_can.o
                0x08002706                HAL_CAN_TxMailbox2AbortCallback
 .text.HAL_CAN_RxFifo0FullCallback
                0x08002708        0x2 Drivers\STM32F3xx_HAL_Driver\Src\stm32f3xx_hal_can.o
                0x08002708                HAL_CAN_RxFifo0FullCallback
 .text.HAL_CAN_RxFifo1MsgPendingCallback
                0x0800270a        0x2 Drivers\STM32F3xx_HAL_Driver\Src\stm32f3xx_hal_can.o
                0x0800270a                HAL_CAN_RxFifo1MsgPendingCallback
 .text.HAL_CAN_RxFifo1FullCallback
                0x0800270c        0x2 Drivers\STM32F3xx_HAL_Driver\Src\stm32f3xx_hal_can.o
                0x0800270c                HAL_CAN_RxFifo1FullCallback
 .text.HAL_CAN_SleepCallback
                0x0800270e        0x2 Drivers\STM32F3xx_HAL_Driver\Src\stm32f3xx_hal_can.o
                0x0800270e                HAL_CAN_SleepCallback
 .text.HAL_CAN_WakeUpFromRxMsgCallback
                0x08002710        0x2 Drivers\STM32F3xx_HAL_Driver\Src\stm32f3xx_hal_can.o
                0x08002710                HAL_CAN_WakeUpFromRxMsgCallback
 .text.HAL_CAN_ErrorCallback
                0x08002712        0x2 Drivers\STM32F3xx_HAL_Driver\Src\stm32f3xx_hal_can.o
                0x08002712                HAL_CAN_ErrorCallback
 .text.HAL_CAN_IRQHandler
                0x08002714      0x1fc Drivers\STM32F3xx_HAL_Driver\Src\stm32f3xx_hal_can.o
                0x08002714                HAL_CAN_IRQHandler
 .text.HAL_NVIC_SetPriorityGrouping
                0x08002910       0x24 Drivers\STM32F3xx_HAL_Driver\Src\stm32f3xx_hal_cortex.o
                0x08002910                HAL_NVIC_SetPriorityGrouping
 .text.HAL_NVIC_SetPriority
                0x08002934       0x68 Drivers\STM32F3xx_HAL_Driver\Src\stm32f3xx_hal_cortex.o
                0x08002934                HAL_NVIC_SetPriority
 .text.HAL_NVIC_EnableIRQ
                0x0800299c       0x18 Drivers\STM32F3xx_HAL_Driver\Src\stm32f3xx_hal_cortex.o
                0x0800299c                HAL_NVIC_EnableIRQ
 .text.HAL_SYSTICK_Config
                0x080029b4       0x2c Drivers\STM32F3xx_HAL_Driver\Src\stm32f3xx_hal_cortex.o
                0x080029b4                HAL_SYSTICK_Config
 .text.HAL_DMA_Init
                0x080029e0       0x60 Drivers\STM32F3xx_HAL_Driver\Src\stm32f3xx_hal_dma.o
                0x080029e0                HAL_DMA_Init
 .text.HAL_DMA_IRQHandler
                0x08002a40       0x90 Drivers\STM32F3xx_HAL_Driver\Src\stm32f3xx_hal_dma.o
                0x08002a40                HAL_DMA_IRQHandler
 .text.HAL_GPIO_Init
                0x08002ad0      0x174 Drivers\STM32F3xx_HAL_Driver\Src\stm32f3xx_hal_gpio.o
                0x08002ad0                HAL_GPIO_Init
 .text.HAL_GPIO_ReadPin
                0x08002c44        0xc Drivers\STM32F3xx_HAL_Driver\Src\stm32f3xx_hal_gpio.o
                0x08002c44                HAL_GPIO_ReadPin
 .text.HAL_GPIO_WritePin
                0x08002c50        0xa Drivers\STM32F3xx_HAL_Driver\Src\stm32f3xx_hal_gpio.o
                0x08002c50                HAL_GPIO_WritePin
 .text.HAL_GPIO_TogglePin
                0x08002c5a        0x8 Drivers\STM32F3xx_HAL_Driver\Src\stm32f3xx_hal_gpio.o
                0x08002c5a                HAL_GPIO_TogglePin
 *fill*         0x08002c62        0x2 
 .text.HAL_RCC_OscConfig
                0x08002c64      0x4ec Drivers\STM32F3xx_HAL_Driver\Src\stm32f3xx_hal_rcc.o
                0x08002c64                HAL_RCC_OscConfig
 .text.HAL_RCC_GetSysClockFreq
                0x08003150       0x64 Drivers\STM32F3xx_HAL_Driver\Src\stm32f3xx_hal_rcc.o
                0x08003150                HAL_RCC_GetSysClockFreq
 .text.HAL_RCC_ClockConfig
                0x080031b4      0x154 Drivers\STM32F3xx_HAL_Driver\Src\stm32f3xx_hal_rcc.o
                0x080031b4                HAL_RCC_ClockConfig
 .text.HAL_RCC_GetPCLK1Freq
                0x08003308       0x30 Drivers\STM32F3xx_HAL_Driver\Src\stm32f3xx_hal_rcc.o
                0x08003308                HAL_RCC_GetPCLK1Freq
 .text.HAL_RCC_GetPCLK2Freq
                0x08003338       0x30 Drivers\STM32F3xx_HAL_Driver\Src\stm32f3xx_hal_rcc.o
                0x08003338                HAL_RCC_GetPCLK2Freq
 .text.HAL_RCCEx_PeriphCLKConfig
                0x08003368      0x15c Drivers\STM32F3xx_HAL_Driver\Src\stm32f3xx_hal_rcc_ex.o
                0x08003368                HAL_RCCEx_PeriphCLKConfig
 .text.HAL_TIM_Base_Start_IT
                0x080034c4       0x16 Drivers\STM32F3xx_HAL_Driver\Src\stm32f3xx_hal_tim.o
                0x080034c4                HAL_TIM_Base_Start_IT
 .text.HAL_TIM_OC_DelayElapsedCallback
                0x080034da        0x2 Drivers\STM32F3xx_HAL_Driver\Src\stm32f3xx_hal_tim.o
                0x080034da                HAL_TIM_OC_DelayElapsedCallback
 .text.HAL_TIM_IC_CaptureCallback
                0x080034dc        0x2 Drivers\STM32F3xx_HAL_Driver\Src\stm32f3xx_hal_tim.o
                0x080034dc                HAL_TIM_IC_CaptureCallback
 .text.HAL_TIM_PWM_PulseFinishedCallback
                0x080034de        0x2 Drivers\STM32F3xx_HAL_Driver\Src\stm32f3xx_hal_tim.o
                0x080034de                HAL_TIM_PWM_PulseFinishedCallback
 .text.HAL_TIM_TriggerCallback
                0x080034e0        0x2 Drivers\STM32F3xx_HAL_Driver\Src\stm32f3xx_hal_tim.o
                0x080034e0                HAL_TIM_TriggerCallback
 .text.HAL_TIM_IRQHandler
                0x080034e2      0x160 Drivers\STM32F3xx_HAL_Driver\Src\stm32f3xx_hal_tim.o
                0x080034e2                HAL_TIM_IRQHandler
 *fill*         0x08003642        0x2 
 .text.TIM_Base_SetConfig
                0x08003644       0x94 Drivers\STM32F3xx_HAL_Driver\Src\stm32f3xx_hal_tim.o
                0x08003644                TIM_Base_SetConfig
 .text.HAL_TIM_Base_Init
                0x080036d8       0x34 Drivers\STM32F3xx_HAL_Driver\Src\stm32f3xx_hal_tim.o
                0x080036d8                HAL_TIM_Base_Init
 .text.HAL_TIMEx_MasterConfigSynchronization
                0x0800370c       0x44 Drivers\STM32F3xx_HAL_Driver\Src\stm32f3xx_hal_tim_ex.o
                0x0800370c                HAL_TIMEx_MasterConfigSynchronization
 .text.HAL_TIMEx_CommutationCallback
                0x08003750        0x2 Drivers\STM32F3xx_HAL_Driver\Src\stm32f3xx_hal_tim_ex.o
                0x08003750                HAL_TIMEx_CommutationCallback
 .text.HAL_TIMEx_BreakCallback
                0x08003752        0x2 Drivers\STM32F3xx_HAL_Driver\Src\stm32f3xx_hal_tim_ex.o
                0x08003752                HAL_TIMEx_BreakCallback
 .text.HAL_TIMEx_Break2Callback
                0x08003754        0x2 Drivers\STM32F3xx_HAL_Driver\Src\stm32f3xx_hal_tim_ex.o
                0x08003754                HAL_TIMEx_Break2Callback
 *fill*         0x08003756        0x2 
 .text.UART_SetConfig
                0x08003758      0x14c Drivers\STM32F3xx_HAL_Driver\Src\stm32f3xx_hal_uart.o
                0x08003758                UART_SetConfig
 .text.UART_AdvFeatureConfig
                0x080038a4       0xa8 Drivers\STM32F3xx_HAL_Driver\Src\stm32f3xx_hal_uart.o
                0x080038a4                UART_AdvFeatureConfig
 .text.UART_WaitOnFlagUntilTimeout
                0x0800394c       0x62 Drivers\STM32F3xx_HAL_Driver\Src\stm32f3xx_hal_uart.o
                0x0800394c                UART_WaitOnFlagUntilTimeout
 .text.HAL_UART_Transmit
                0x080039ae       0xb2 Drivers\STM32F3xx_HAL_Driver\Src\stm32f3xx_hal_uart.o
                0x080039ae                HAL_UART_Transmit
 .text.HAL_UART_Receive
                0x08003a60       0xde Drivers\STM32F3xx_HAL_Driver\Src\stm32f3xx_hal_uart.o
                0x08003a60                HAL_UART_Receive
 .text.UART_CheckIdleState
                0x08003b3e       0x64 Drivers\STM32F3xx_HAL_Driver\Src\stm32f3xx_hal_uart.o
                0x08003b3e                UART_CheckIdleState
 .text.HAL_UART_Init
                0x08003ba2       0x64 Drivers\STM32F3xx_HAL_Driver\Src\stm32f3xx_hal_uart.o
                0x08003ba2                HAL_UART_Init
 *fill*         0x08003c06        0x2 
 .text._ZN3ADC8GetValueEv
                0x08003c08       0x50 Inc\ADC\ADC.o
                0x08003c08                ADC::GetValue()
 .text._ZN3App10DivideDataEv
                0x08003c58      0x1ac Inc\Application\Application.o
                0x08003c58                App::DivideData()
 .text._ZN3App9TaskShiftEv
                0x08003e04       0x88 Inc\Application\Application.o
                0x08003e04                App::TaskShift()
 .text.HAL_CAN_RxFifo0MsgPendingCallback
                0x08003e8c       0x30 Inc\CAN\CAN.o
                0x08003e8c                HAL_CAN_RxFifo0MsgPendingCallback
 .text._ZN6CanBus4SendEmhPh
                0x08003ebc      0x23c Inc\CAN\CAN.o
                0x08003ebc                CanBus::Send(unsigned long, unsigned char, unsigned char*)
 .text.HAL_TIM_PeriodElapsedCallback
                0x080040f8       0x2c Inc\InterruptIvent\interrupt.o
                0x080040f8                HAL_TIM_PeriodElapsedCallback
 .text._ZN7MicroSw7GetPushEv
                0x08004124       0x24 Inc\MicroSW\MicroSW.o
                0x08004124                MicroSw::GetPush()
 .text.MX_ADC1_Init
                0x08004148       0xa8 Src\adc.o
                0x08004148                MX_ADC1_Init
 .text.MX_ADC2_Init
                0x080041f0       0x94 Src\adc.o
                0x080041f0                MX_ADC2_Init
 .text.HAL_ADC_MspInit
                0x08004284      0x100 Src\adc.o
                0x08004284                HAL_ADC_MspInit
 .text.MX_CAN_Init
                0x08004384       0x44 Src\can.o
                0x08004384                MX_CAN_Init
 .text.HAL_CAN_MspInit
                0x080043c8       0x84 Src\can.o
                0x080043c8                HAL_CAN_MspInit
 .text.MX_DMA_Init
                0x0800444c       0x40 Src\dma.o
                0x0800444c                MX_DMA_Init
 .text.MX_GPIO_Init
                0x0800448c       0x98 Src\gpio.o
                0x0800448c                MX_GPIO_Init
 .text._ZN6CanBusC2Emm
                0x08004524       0x4e Src\main.o
                0x08004524                CanBus::CanBus(unsigned long, unsigned long)
                0x08004524                CanBus::CanBus(unsigned long, unsigned long)
 .text._ZN7MicroSwC2EP12GPIO_TypeDeft
                0x08004572       0x28 Src\main.o
                0x08004572                MicroSw::MicroSw(GPIO_TypeDef*, unsigned short)
                0x08004572                MicroSw::MicroSw(GPIO_TypeDef*, unsigned short)
 .text._ZN3ADCC2Ess
                0x0800459a       0x2a Src\main.o
                0x0800459a                ADC::ADC(short, short)
                0x0800459a                ADC::ADC(short, short)
 .text._ZN21LowlayerHandelTypedefC2Ev
                0x080045c4       0xd8 Src\main.o
                0x080045c4                LowlayerHandelTypedef::LowlayerHandelTypedef()
                0x080045c4                LowlayerHandelTypedef::LowlayerHandelTypedef()
 .text._ZN3AppC2EP21LowlayerHandelTypedef
                0x0800469c       0x3e Src\main.o
                0x0800469c                App::App(LowlayerHandelTypedef*)
                0x0800469c                App::App(LowlayerHandelTypedef*)
 *fill*         0x080046da        0x2 
 .text._ZN6Timer1C2EP17TIM_HandleTypeDeff
                0x080046dc      0x100 Src\main.o
                0x080046dc                Timer1::Timer1(TIM_HandleTypeDef*, float)
                0x080046dc                Timer1::Timer1(TIM_HandleTypeDef*, float)
 .text._ZN6Timer15StartEv
                0x080047dc       0x1a Src\main.o
                0x080047dc                Timer1::Start()
 *fill*         0x080047f6        0x2 
 .text.main     0x080047f8       0x6c Src\main.o
                0x080047f8                main
 .text._Z18SystemClock_Configv
                0x08004864       0xd8 Src\main.o
                0x08004864                SystemClock_Config()
 .text.Error_Handler
                0x0800493c        0xe Src\main.o
                0x0800493c                Error_Handler
 *fill*         0x0800494a        0x2 
 .text.__io_putchar
                0x0800494c       0x1c Src\printf.o
                0x0800494c                __io_putchar
 .text.__io_getchar
                0x08004968       0x20 Src\printf.o
                0x08004968                __io_getchar
 .text.HAL_MspInit
                0x08004988       0x30 Src\stm32f3xx_hal_msp.o
                0x08004988                HAL_MspInit
 .text.NMI_Handler
                0x080049b8        0x2 Src\stm32f3xx_it.o
                0x080049b8                NMI_Handler
 .text.HardFault_Handler
                0x080049ba        0x2 Src\stm32f3xx_it.o
                0x080049ba                HardFault_Handler
 .text.MemManage_Handler
                0x080049bc        0x2 Src\stm32f3xx_it.o
                0x080049bc                MemManage_Handler
 .text.BusFault_Handler
                0x080049be        0x2 Src\stm32f3xx_it.o
                0x080049be                BusFault_Handler
 .text.UsageFault_Handler
                0x080049c0        0x2 Src\stm32f3xx_it.o
                0x080049c0                UsageFault_Handler
 .text.SVC_Handler
                0x080049c2        0x2 Src\stm32f3xx_it.o
                0x080049c2                SVC_Handler
 .text.DebugMon_Handler
                0x080049c4        0x2 Src\stm32f3xx_it.o
                0x080049c4                DebugMon_Handler
 .text.PendSV_Handler
                0x080049c6        0x2 Src\stm32f3xx_it.o
                0x080049c6                PendSV_Handler
 .text.SysTick_Handler
                0x080049c8        0x4 Src\stm32f3xx_it.o
                0x080049c8                SysTick_Handler
 .text.DMA1_Channel1_IRQHandler
                0x080049cc        0xc Src\stm32f3xx_it.o
                0x080049cc                DMA1_Channel1_IRQHandler
 .text.DMA1_Channel2_IRQHandler
                0x080049d8        0xc Src\stm32f3xx_it.o
                0x080049d8                DMA1_Channel2_IRQHandler
 .text.CAN_RX1_IRQHandler
                0x080049e4        0xc Src\stm32f3xx_it.o
                0x080049e4                CAN_RX1_IRQHandler
 .text.CAN_RX0_IRQHandler
                0x080049f0        0x4 Src\stm32f3xx_it.o
                0x080049f0                CAN_RX0_IRQHandler
 .text.TIM6_DAC1_IRQHandler
                0x080049f4        0xc Src\stm32f3xx_it.o
                0x080049f4                TIM6_DAC1_IRQHandler
 .text._getpid  0x08004a00        0x4 Src\syscalls.o
                0x08004a00                _getpid
 .text._kill    0x08004a04       0x10 Src\syscalls.o
                0x08004a04                _kill
 .text._exit    0x08004a14        0xc Src\syscalls.o
                0x08004a14                _exit
 .text._read    0x08004a20       0x1c Src\syscalls.o
                0x08004a20                _read
 .text._write   0x08004a3c       0x1c Src\syscalls.o
                0x08004a3c                _write
 .text._sbrk    0x08004a58       0x34 Src\syscalls.o
                0x08004a58                _sbrk
 .text._close   0x08004a8c        0x6 Src\syscalls.o
                0x08004a8c                _close
 .text._fstat   0x08004a92        0xa Src\syscalls.o
                0x08004a92                _fstat
 .text._isatty  0x08004a9c        0x4 Src\syscalls.o
                0x08004a9c                _isatty
 .text._lseek   0x08004aa0        0x4 Src\syscalls.o
                0x08004aa0                _lseek
 .text.SystemInit
                0x08004aa4       0x68 Src\system_stm32f3xx.o
                0x08004aa4                SystemInit
 .text.MX_TIM6_Init
                0x08004b0c       0x40 Src\tim.o
                0x08004b0c                MX_TIM6_Init
 .text.HAL_TIM_Base_MspInit
                0x08004b4c       0x3c Src\tim.o
                0x08004b4c                HAL_TIM_Base_MspInit
 .text.MX_USART2_UART_Init
                0x08004b88       0x3c Src\usart.o
                0x08004b88                MX_USART2_UART_Init
 .text.HAL_UART_MspInit
                0x08004bc4       0x64 Src\usart.o
                0x08004bc4                HAL_UART_MspInit
 .text.Reset_Handler
                0x08004c28       0x50 startup\startup_stm32f303x8.o
                0x08004c28                Reset_Handler
 .text.Default_Handler
                0x08004c78        0x2 startup\startup_stm32f303x8.o
                0x08004c78                RTC_Alarm_IRQHandler
                0x08004c78                TIM1_CC_IRQHandler
                0x08004c78                PVD_IRQHandler
                0x08004c78                TAMP_STAMP_IRQHandler
                0x08004c78                EXTI3_IRQHandler
                0x08004c78                EXTI0_IRQHandler
                0x08004c78                FPU_IRQHandler
                0x08004c78                CAN_TX_IRQHandler
                0x08004c78                TIM1_UP_TIM16_IRQHandler
                0x08004c78                ADC1_2_IRQHandler
                0x08004c78                SPI1_IRQHandler
                0x08004c78                CAN_SCE_IRQHandler
                0x08004c78                DMA1_Channel4_IRQHandler
                0x08004c78                USART3_IRQHandler
                0x08004c78                DMA1_Channel7_IRQHandler
                0x08004c78                TIM7_DAC2_IRQHandler
                0x08004c78                I2C1_EV_IRQHandler
                0x08004c78                DMA1_Channel6_IRQHandler
                0x08004c78                TIM3_IRQHandler
                0x08004c78                RCC_IRQHandler
                0x08004c78                Default_Handler
                0x08004c78                EXTI15_10_IRQHandler
                0x08004c78                COMP2_IRQHandler
                0x08004c78                EXTI9_5_IRQHandler
                0x08004c78                RTC_WKUP_IRQHandler
                0x08004c78                DMA1_Channel5_IRQHandler
                0x08004c78                EXTI4_IRQHandler
                0x08004c78                TIM1_TRG_COM_TIM17_IRQHandler
                0x08004c78                DMA1_Channel3_IRQHandler
                0x08004c78                WWDG_IRQHandler
                0x08004c78                TIM2_IRQHandler
                0x08004c78                EXTI1_IRQHandler
                0x08004c78                COMP4_6_IRQHandler
                0x08004c78                USART2_IRQHandler
                0x08004c78                FLASH_IRQHandler
                0x08004c78                USART1_IRQHandler
                0x08004c78                I2C1_ER_IRQHandler
                0x08004c78                EXTI2_TSC_IRQHandler
                0x08004c78                TIM1_BRK_TIM15_IRQHandler
 *fill*         0x08004c7a        0x2 
 .text.__errno  0x08004c7c        0xc c:/program files (x86)/atollic/truestudio for stm32 9.0.1/armtools/bin/../lib/gcc/arm-atollic-eabi/6.3.1/../../../../arm-atollic-eabi/lib/armv7e-m/fpu\libc.a(lib_a-errno.o)
                0x08004c7c                __errno
 .text.__libc_init_array
                0x08004c88       0x48 c:/program files (x86)/atollic/truestudio for stm32 9.0.1/armtools/bin/../lib/gcc/arm-atollic-eabi/6.3.1/../../../../arm-atollic-eabi/lib/armv7e-m/fpu\libc.a(lib_a-init.o)
                0x08004c88                __libc_init_array
 .text.memset   0x08004cd0       0x10 c:/program files (x86)/atollic/truestudio for stm32 9.0.1/armtools/bin/../lib/gcc/arm-atollic-eabi/6.3.1/../../../../arm-atollic-eabi/lib/armv7e-m/fpu\libc.a(lib_a-memset.o)
                0x08004cd0                memset
 .text.printf   0x08004ce0       0x30 c:/program files (x86)/atollic/truestudio for stm32 9.0.1/armtools/bin/../lib/gcc/arm-atollic-eabi/6.3.1/../../../../arm-atollic-eabi/lib/armv7e-m/fpu\libc.a(lib_a-printf.o)
                0x08004ce0                printf
 .text._vfprintf_r
                0x08004d10     0x1078 c:/program files (x86)/atollic/truestudio for stm32 9.0.1/armtools/bin/../lib/gcc/arm-atollic-eabi/6.3.1/../../../../arm-atollic-eabi/lib/armv7e-m/fpu\libc.a(lib_a-vfprintf.o)
                0x08004d10                _vfprintf_r
 .text.__sbprintf
                0x08005d88       0x80 c:/program files (x86)/atollic/truestudio for stm32 9.0.1/armtools/bin/../lib/gcc/arm-atollic-eabi/6.3.1/../../../../arm-atollic-eabi/lib/armv7e-m/fpu\libc.a(lib_a-vfprintf.o)
 .text.__swsetup_r
                0x08005e08       0xdc c:/program files (x86)/atollic/truestudio for stm32 9.0.1/armtools/bin/../lib/gcc/arm-atollic-eabi/6.3.1/../../../../arm-atollic-eabi/lib/armv7e-m/fpu\libc.a(lib_a-wsetup.o)
                0x08005e08                __swsetup_r
 .text.quorem   0x08005ee4      0x118 c:/program files (x86)/atollic/truestudio for stm32 9.0.1/armtools/bin/../lib/gcc/arm-atollic-eabi/6.3.1/../../../../arm-atollic-eabi/lib/armv7e-m/fpu\libc.a(lib_a-dtoa.o)
 *fill*         0x08005ffc        0x4 
 .text._dtoa_r  0x08006000      0xb9c c:/program files (x86)/atollic/truestudio for stm32 9.0.1/armtools/bin/../lib/gcc/arm-atollic-eabi/6.3.1/../../../../arm-atollic-eabi/lib/armv7e-m/fpu\libc.a(lib_a-dtoa.o)
                0x08006000                _dtoa_r
 .text.__sflush_r
                0x08006b9c      0x124 c:/program files (x86)/atollic/truestudio for stm32 9.0.1/armtools/bin/../lib/gcc/arm-atollic-eabi/6.3.1/../../../../arm-atollic-eabi/lib/armv7e-m/fpu\libc.a(lib_a-fflush.o)
                0x08006b9c                __sflush_r
 .text._fflush_r
                0x08006cc0       0x78 c:/program files (x86)/atollic/truestudio for stm32 9.0.1/armtools/bin/../lib/gcc/arm-atollic-eabi/6.3.1/../../../../arm-atollic-eabi/lib/armv7e-m/fpu\libc.a(lib_a-fflush.o)
                0x08006cc0                _fflush_r
 .text._cleanup_r
                0x08006d38        0xc c:/program files (x86)/atollic/truestudio for stm32 9.0.1/armtools/bin/../lib/gcc/arm-atollic-eabi/6.3.1/../../../../arm-atollic-eabi/lib/armv7e-m/fpu\libc.a(lib_a-findfp.o)
                0x08006d38                _cleanup_r
 .text.std.isra.0
                0x08006d44       0x48 c:/program files (x86)/atollic/truestudio for stm32 9.0.1/armtools/bin/../lib/gcc/arm-atollic-eabi/6.3.1/../../../../arm-atollic-eabi/lib/armv7e-m/fpu\libc.a(lib_a-findfp.o)
 .text.__sfmoreglue
                0x08006d8c       0x2c c:/program files (x86)/atollic/truestudio for stm32 9.0.1/armtools/bin/../lib/gcc/arm-atollic-eabi/6.3.1/../../../../arm-atollic-eabi/lib/armv7e-m/fpu\libc.a(lib_a-findfp.o)
                0x08006d8c                __sfmoreglue
 .text.__sfp_lock_acquire
                0x08006db8        0xc c:/program files (x86)/atollic/truestudio for stm32 9.0.1/armtools/bin/../lib/gcc/arm-atollic-eabi/6.3.1/../../../../arm-atollic-eabi/lib/armv7e-m/fpu\libc.a(lib_a-findfp.o)
                0x08006db8                __sfp_lock_acquire
 .text.__sfp_lock_release
                0x08006dc4        0xc c:/program files (x86)/atollic/truestudio for stm32 9.0.1/armtools/bin/../lib/gcc/arm-atollic-eabi/6.3.1/../../../../arm-atollic-eabi/lib/armv7e-m/fpu\libc.a(lib_a-findfp.o)
                0x08006dc4                __sfp_lock_release
 .text.__sinit_lock_acquire
                0x08006dd0        0xc c:/program files (x86)/atollic/truestudio for stm32 9.0.1/armtools/bin/../lib/gcc/arm-atollic-eabi/6.3.1/../../../../arm-atollic-eabi/lib/armv7e-m/fpu\libc.a(lib_a-findfp.o)
                0x08006dd0                __sinit_lock_acquire
 .text.__sinit_lock_release
                0x08006ddc        0xc c:/program files (x86)/atollic/truestudio for stm32 9.0.1/armtools/bin/../lib/gcc/arm-atollic-eabi/6.3.1/../../../../arm-atollic-eabi/lib/armv7e-m/fpu\libc.a(lib_a-findfp.o)
                0x08006ddc                __sinit_lock_release
 .text.__sinit  0x08006de8       0x74 c:/program files (x86)/atollic/truestudio for stm32 9.0.1/armtools/bin/../lib/gcc/arm-atollic-eabi/6.3.1/../../../../arm-atollic-eabi/lib/armv7e-m/fpu\libc.a(lib_a-findfp.o)
                0x08006de8                __sinit
 .text.__sfp    0x08006e5c       0x8c c:/program files (x86)/atollic/truestudio for stm32 9.0.1/armtools/bin/../lib/gcc/arm-atollic-eabi/6.3.1/../../../../arm-atollic-eabi/lib/armv7e-m/fpu\libc.a(lib_a-findfp.o)
                0x08006e5c                __sfp
 .text._malloc_trim_r
                0x08006ee8       0xac c:/program files (x86)/atollic/truestudio for stm32 9.0.1/armtools/bin/../lib/gcc/arm-atollic-eabi/6.3.1/../../../../arm-atollic-eabi/lib/armv7e-m/fpu\libc.a(lib_a-freer.o)
                0x08006ee8                _malloc_trim_r
 .text._free_r  0x08006f94      0x178 c:/program files (x86)/atollic/truestudio for stm32 9.0.1/armtools/bin/../lib/gcc/arm-atollic-eabi/6.3.1/../../../../arm-atollic-eabi/lib/armv7e-m/fpu\libc.a(lib_a-freer.o)
                0x08006f94                _free_r
 .text._fwalk_reent
                0x0800710c       0x3c c:/program files (x86)/atollic/truestudio for stm32 9.0.1/armtools/bin/../lib/gcc/arm-atollic-eabi/6.3.1/../../../../arm-atollic-eabi/lib/armv7e-m/fpu\libc.a(lib_a-fwalk.o)
                0x0800710c                _fwalk_reent
 .text._localeconv_r
                0x08007148       0x1c c:/program files (x86)/atollic/truestudio for stm32 9.0.1/armtools/bin/../lib/gcc/arm-atollic-eabi/6.3.1/../../../../arm-atollic-eabi/lib/armv7e-m/fpu\libc.a(lib_a-localeconv.o)
                0x08007148                _localeconv_r
 .text.__retarget_lock_init_recursive
                0x08007164        0x2 c:/program files (x86)/atollic/truestudio for stm32 9.0.1/armtools/bin/../lib/gcc/arm-atollic-eabi/6.3.1/../../../../arm-atollic-eabi/lib/armv7e-m/fpu\libc.a(lib_a-lock.o)
                0x08007164                __retarget_lock_init_recursive
 .text.__retarget_lock_close_recursive
                0x08007166        0x2 c:/program files (x86)/atollic/truestudio for stm32 9.0.1/armtools/bin/../lib/gcc/arm-atollic-eabi/6.3.1/../../../../arm-atollic-eabi/lib/armv7e-m/fpu\libc.a(lib_a-lock.o)
                0x08007166                __retarget_lock_close_recursive
 .text.__retarget_lock_acquire_recursive
                0x08007168        0x2 c:/program files (x86)/atollic/truestudio for stm32 9.0.1/armtools/bin/../lib/gcc/arm-atollic-eabi/6.3.1/../../../../arm-atollic-eabi/lib/armv7e-m/fpu\libc.a(lib_a-lock.o)
                0x08007168                __retarget_lock_acquire_recursive
 .text.__retarget_lock_release_recursive
                0x0800716a        0x2 c:/program files (x86)/atollic/truestudio for stm32 9.0.1/armtools/bin/../lib/gcc/arm-atollic-eabi/6.3.1/../../../../arm-atollic-eabi/lib/armv7e-m/fpu\libc.a(lib_a-lock.o)
                0x0800716a                __retarget_lock_release_recursive
 .text.__swhatbuf_r
                0x0800716c       0x56 c:/program files (x86)/atollic/truestudio for stm32 9.0.1/armtools/bin/../lib/gcc/arm-atollic-eabi/6.3.1/../../../../arm-atollic-eabi/lib/armv7e-m/fpu\libc.a(lib_a-makebuf.o)
                0x0800716c                __swhatbuf_r
 *fill*         0x080071c2        0x2 
 .text.__smakebuf_r
                0x080071c4       0x80 c:/program files (x86)/atollic/truestudio for stm32 9.0.1/armtools/bin/../lib/gcc/arm-atollic-eabi/6.3.1/../../../../arm-atollic-eabi/lib/armv7e-m/fpu\libc.a(lib_a-makebuf.o)
                0x080071c4                __smakebuf_r
 .text.malloc   0x08007244       0x10 c:/program files (x86)/atollic/truestudio for stm32 9.0.1/armtools/bin/../lib/gcc/arm-atollic-eabi/6.3.1/../../../../arm-atollic-eabi/lib/armv7e-m/fpu\libc.a(lib_a-malloc.o)
                0x08007244                malloc
 .text._malloc_r
                0x08007254      0x41c c:/program files (x86)/atollic/truestudio for stm32 9.0.1/armtools/bin/../lib/gcc/arm-atollic-eabi/6.3.1/../../../../arm-atollic-eabi/lib/armv7e-m/fpu\libc.a(lib_a-mallocr.o)
                0x08007254                _malloc_r
 .text.memcpy   0x08007670       0x16 c:/program files (x86)/atollic/truestudio for stm32 9.0.1/armtools/bin/../lib/gcc/arm-atollic-eabi/6.3.1/../../../../arm-atollic-eabi/lib/armv7e-m/fpu\libc.a(lib_a-memcpy-stub.o)
                0x08007670                memcpy
 *fill*         0x08007686        0x2 
 .text.__malloc_lock
                0x08007688        0xc c:/program files (x86)/atollic/truestudio for stm32 9.0.1/armtools/bin/../lib/gcc/arm-atollic-eabi/6.3.1/../../../../arm-atollic-eabi/lib/armv7e-m/fpu\libc.a(lib_a-mlock.o)
                0x08007688                __malloc_lock
 .text.__malloc_unlock
                0x08007694        0xc c:/program files (x86)/atollic/truestudio for stm32 9.0.1/armtools/bin/../lib/gcc/arm-atollic-eabi/6.3.1/../../../../arm-atollic-eabi/lib/armv7e-m/fpu\libc.a(lib_a-mlock.o)
                0x08007694                __malloc_unlock
 .text._Balloc  0x080076a0       0x68 c:/program files (x86)/atollic/truestudio for stm32 9.0.1/armtools/bin/../lib/gcc/arm-atollic-eabi/6.3.1/../../../../arm-atollic-eabi/lib/armv7e-m/fpu\libc.a(lib_a-mprec.o)
                0x080076a0                _Balloc
 .text._Bfree   0x08007708       0x2e c:/program files (x86)/atollic/truestudio for stm32 9.0.1/armtools/bin/../lib/gcc/arm-atollic-eabi/6.3.1/../../../../arm-atollic-eabi/lib/armv7e-m/fpu\libc.a(lib_a-mprec.o)
                0x08007708                _Bfree
 .text.__multadd
                0x08007736       0x76 c:/program files (x86)/atollic/truestudio for stm32 9.0.1/armtools/bin/../lib/gcc/arm-atollic-eabi/6.3.1/../../../../arm-atollic-eabi/lib/armv7e-m/fpu\libc.a(lib_a-mprec.o)
                0x08007736                __multadd
 .text.__hi0bits
                0x080077ac       0x3e c:/program files (x86)/atollic/truestudio for stm32 9.0.1/armtools/bin/../lib/gcc/arm-atollic-eabi/6.3.1/../../../../arm-atollic-eabi/lib/armv7e-m/fpu\libc.a(lib_a-mprec.o)
                0x080077ac                __hi0bits
 .text.__lo0bits
                0x080077ea       0x5e c:/program files (x86)/atollic/truestudio for stm32 9.0.1/armtools/bin/../lib/gcc/arm-atollic-eabi/6.3.1/../../../../arm-atollic-eabi/lib/armv7e-m/fpu\libc.a(lib_a-mprec.o)
                0x080077ea                __lo0bits
 .text.__i2b    0x08007848       0x12 c:/program files (x86)/atollic/truestudio for stm32 9.0.1/armtools/bin/../lib/gcc/arm-atollic-eabi/6.3.1/../../../../arm-atollic-eabi/lib/armv7e-m/fpu\libc.a(lib_a-mprec.o)
                0x08007848                __i2b
 .text.__multiply
                0x0800785a      0x11a c:/program files (x86)/atollic/truestudio for stm32 9.0.1/armtools/bin/../lib/gcc/arm-atollic-eabi/6.3.1/../../../../arm-atollic-eabi/lib/armv7e-m/fpu\libc.a(lib_a-mprec.o)
                0x0800785a                __multiply
 .text.__pow5mult
                0x08007974       0x9c c:/program files (x86)/atollic/truestudio for stm32 9.0.1/armtools/bin/../lib/gcc/arm-atollic-eabi/6.3.1/../../../../arm-atollic-eabi/lib/armv7e-m/fpu\libc.a(lib_a-mprec.o)
                0x08007974                __pow5mult
 .text.__lshift
                0x08007a10       0xa2 c:/program files (x86)/atollic/truestudio for stm32 9.0.1/armtools/bin/../lib/gcc/arm-atollic-eabi/6.3.1/../../../../arm-atollic-eabi/lib/armv7e-m/fpu\libc.a(lib_a-mprec.o)
                0x08007a10                __lshift
 .text.__mcmp   0x08007ab2       0x34 c:/program files (x86)/atollic/truestudio for stm32 9.0.1/armtools/bin/../lib/gcc/arm-atollic-eabi/6.3.1/../../../../arm-atollic-eabi/lib/armv7e-m/fpu\libc.a(lib_a-mprec.o)
                0x08007ab2                __mcmp
 .text.__mdiff  0x08007ae6       0xbc c:/program files (x86)/atollic/truestudio for stm32 9.0.1/armtools/bin/../lib/gcc/arm-atollic-eabi/6.3.1/../../../../arm-atollic-eabi/lib/armv7e-m/fpu\libc.a(lib_a-mprec.o)
                0x08007ae6                __mdiff
 .text.__d2b    0x08007ba2       0x9e c:/program files (x86)/atollic/truestudio for stm32 9.0.1/armtools/bin/../lib/gcc/arm-atollic-eabi/6.3.1/../../../../arm-atollic-eabi/lib/armv7e-m/fpu\libc.a(lib_a-mprec.o)
                0x08007ba2                __d2b
 .text._sbrk_r  0x08007c40       0x20 c:/program files (x86)/atollic/truestudio for stm32 9.0.1/armtools/bin/../lib/gcc/arm-atollic-eabi/6.3.1/../../../../arm-atollic-eabi/lib/armv7e-m/fpu\libc.a(lib_a-sbrkr.o)
                0x08007c40                _sbrk_r
 .text.__sread  0x08007c60       0x22 c:/program files (x86)/atollic/truestudio for stm32 9.0.1/armtools/bin/../lib/gcc/arm-atollic-eabi/6.3.1/../../../../arm-atollic-eabi/lib/armv7e-m/fpu\libc.a(lib_a-stdio.o)
                0x08007c60                __sread
 .text.__swrite
                0x08007c82       0x38 c:/program files (x86)/atollic/truestudio for stm32 9.0.1/armtools/bin/../lib/gcc/arm-atollic-eabi/6.3.1/../../../../arm-atollic-eabi/lib/armv7e-m/fpu\libc.a(lib_a-stdio.o)
                0x08007c82                __swrite
 .text.__sseek  0x08007cba       0x24 c:/program files (x86)/atollic/truestudio for stm32 9.0.1/armtools/bin/../lib/gcc/arm-atollic-eabi/6.3.1/../../../../arm-atollic-eabi/lib/armv7e-m/fpu\libc.a(lib_a-stdio.o)
                0x08007cba                __sseek
 .text.__sclose
                0x08007cde        0x8 c:/program files (x86)/atollic/truestudio for stm32 9.0.1/armtools/bin/../lib/gcc/arm-atollic-eabi/6.3.1/../../../../arm-atollic-eabi/lib/armv7e-m/fpu\libc.a(lib_a-stdio.o)
                0x08007cde                __sclose
 .text.__sprint_r
                0x08007ce6       0x6a c:/program files (x86)/atollic/truestudio for stm32 9.0.1/armtools/bin/../lib/gcc/arm-atollic-eabi/6.3.1/../../../../arm-atollic-eabi/lib/armv7e-m/fpu\libc.a(lib_a-vfiprintf.o)
                0x08007ce6                __sprint_r
 .text._write_r
                0x08007d50       0x24 c:/program files (x86)/atollic/truestudio for stm32 9.0.1/armtools/bin/../lib/gcc/arm-atollic-eabi/6.3.1/../../../../arm-atollic-eabi/lib/armv7e-m/fpu\libc.a(lib_a-writer.o)
                0x08007d50                _write_r
 .text._calloc_r
                0x08007d74       0x5a c:/program files (x86)/atollic/truestudio for stm32 9.0.1/armtools/bin/../lib/gcc/arm-atollic-eabi/6.3.1/../../../../arm-atollic-eabi/lib/armv7e-m/fpu\libc.a(lib_a-callocr.o)
                0x08007d74                _calloc_r
 *fill*         0x08007dce        0x2 
 .text._close_r
                0x08007dd0       0x20 c:/program files (x86)/atollic/truestudio for stm32 9.0.1/armtools/bin/../lib/gcc/arm-atollic-eabi/6.3.1/../../../../arm-atollic-eabi/lib/armv7e-m/fpu\libc.a(lib_a-closer.o)
                0x08007dd0                _close_r
 .text._fclose_r
                0x08007df0       0xd8 c:/program files (x86)/atollic/truestudio for stm32 9.0.1/armtools/bin/../lib/gcc/arm-atollic-eabi/6.3.1/../../../../arm-atollic-eabi/lib/armv7e-m/fpu\libc.a(lib_a-fclose.o)
                0x08007df0                _fclose_r
 .text.__fputwc
                0x08007ec8       0x82 c:/program files (x86)/atollic/truestudio for stm32 9.0.1/armtools/bin/../lib/gcc/arm-atollic-eabi/6.3.1/../../../../arm-atollic-eabi/lib/armv7e-m/fpu\libc.a(lib_a-fputwc.o)
                0x08007ec8                __fputwc
 .text._fputwc_r
                0x08007f4a       0x52 c:/program files (x86)/atollic/truestudio for stm32 9.0.1/armtools/bin/../lib/gcc/arm-atollic-eabi/6.3.1/../../../../arm-atollic-eabi/lib/armv7e-m/fpu\libc.a(lib_a-fputwc.o)
                0x08007f4a                _fputwc_r
 .text._fstat_r
                0x08007f9c       0x24 c:/program files (x86)/atollic/truestudio for stm32 9.0.1/armtools/bin/../lib/gcc/arm-atollic-eabi/6.3.1/../../../../arm-atollic-eabi/lib/armv7e-m/fpu\libc.a(lib_a-fstatr.o)
                0x08007f9c                _fstat_r
 .text.__sfvwrite_r
                0x08007fc0      0x29c c:/program files (x86)/atollic/truestudio for stm32 9.0.1/armtools/bin/../lib/gcc/arm-atollic-eabi/6.3.1/../../../../arm-atollic-eabi/lib/armv7e-m/fpu\libc.a(lib_a-fvwrite.o)
                0x08007fc0                __sfvwrite_r
 .text._isatty_r
                0x0800825c       0x20 c:/program files (x86)/atollic/truestudio for stm32 9.0.1/armtools/bin/../lib/gcc/arm-atollic-eabi/6.3.1/../../../../arm-atollic-eabi/lib/armv7e-m/fpu\libc.a(lib_a-isattyr.o)
                0x0800825c                _isatty_r
 .text.__locale_mb_cur_max
                0x0800827c       0x1c c:/program files (x86)/atollic/truestudio for stm32 9.0.1/armtools/bin/../lib/gcc/arm-atollic-eabi/6.3.1/../../../../arm-atollic-eabi/lib/armv7e-m/fpu\libc.a(lib_a-locale.o)
                0x0800827c                __locale_mb_cur_max
 .text._lseek_r
                0x08008298       0x24 c:/program files (x86)/atollic/truestudio for stm32 9.0.1/armtools/bin/../lib/gcc/arm-atollic-eabi/6.3.1/../../../../arm-atollic-eabi/lib/armv7e-m/fpu\libc.a(lib_a-lseekr.o)
                0x08008298                _lseek_r
 .text.__ascii_mbtowc
                0x080082bc       0x24 c:/program files (x86)/atollic/truestudio for stm32 9.0.1/armtools/bin/../lib/gcc/arm-atollic-eabi/6.3.1/../../../../arm-atollic-eabi/lib/armv7e-m/fpu\libc.a(lib_a-mbtowc_r.o)
                0x080082bc                __ascii_mbtowc
 .text.memmove  0x080082e0       0x34 c:/program files (x86)/atollic/truestudio for stm32 9.0.1/armtools/bin/../lib/gcc/arm-atollic-eabi/6.3.1/../../../../arm-atollic-eabi/lib/armv7e-m/fpu\libc.a(lib_a-memmove.o)
                0x080082e0                memmove
 .text._read_r  0x08008314       0x24 c:/program files (x86)/atollic/truestudio for stm32 9.0.1/armtools/bin/../lib/gcc/arm-atollic-eabi/6.3.1/../../../../arm-atollic-eabi/lib/armv7e-m/fpu\libc.a(lib_a-readr.o)
                0x08008314                _read_r
 .text._realloc_r
                0x08008338      0x300 c:/program files (x86)/atollic/truestudio for stm32 9.0.1/armtools/bin/../lib/gcc/arm-atollic-eabi/6.3.1/../../../../arm-atollic-eabi/lib/armv7e-m/fpu\libc.a(lib_a-reallocr.o)
                0x08008338                _realloc_r
 .text.__swbuf_r
                0x08008638       0xbc c:/program files (x86)/atollic/truestudio for stm32 9.0.1/armtools/bin/../lib/gcc/arm-atollic-eabi/6.3.1/../../../../arm-atollic-eabi/lib/armv7e-m/fpu\libc.a(lib_a-wbuf.o)
                0x08008638                __swbuf_r
 .text._wcrtomb_r
                0x080086f4       0x50 c:/program files (x86)/atollic/truestudio for stm32 9.0.1/armtools/bin/../lib/gcc/arm-atollic-eabi/6.3.1/../../../../arm-atollic-eabi/lib/armv7e-m/fpu\libc.a(lib_a-wcrtomb.o)
                0x080086f4                _wcrtomb_r
 .text.__ascii_wctomb
                0x08008744       0x1a c:/program files (x86)/atollic/truestudio for stm32 9.0.1/armtools/bin/../lib/gcc/arm-atollic-eabi/6.3.1/../../../../arm-atollic-eabi/lib/armv7e-m/fpu\libc.a(lib_a-wctomb_r.o)
                0x08008744                __ascii_wctomb
 .text.abort    0x0800875e        0xe c:/program files (x86)/atollic/truestudio for stm32 9.0.1/armtools/bin/../lib/gcc/arm-atollic-eabi/6.3.1/../../../../arm-atollic-eabi/lib/armv7e-m/fpu\libc.a(lib_a-abort.o)
                0x0800875e                abort
 .text._raise_r
                0x0800876c       0x50 c:/program files (x86)/atollic/truestudio for stm32 9.0.1/armtools/bin/../lib/gcc/arm-atollic-eabi/6.3.1/../../../../arm-atollic-eabi/lib/armv7e-m/fpu\libc.a(lib_a-signal.o)
                0x0800876c                _raise_r
 .text.raise    0x080087bc       0x10 c:/program files (x86)/atollic/truestudio for stm32 9.0.1/armtools/bin/../lib/gcc/arm-atollic-eabi/6.3.1/../../../../arm-atollic-eabi/lib/armv7e-m/fpu\libc.a(lib_a-signal.o)
                0x080087bc                raise
 .text._kill_r  0x080087cc       0x24 c:/program files (x86)/atollic/truestudio for stm32 9.0.1/armtools/bin/../lib/gcc/arm-atollic-eabi/6.3.1/../../../../arm-atollic-eabi/lib/armv7e-m/fpu\libc.a(lib_a-signalr.o)
                0x080087cc                _kill_r
 .text._getpid_r
                0x080087f0        0x4 c:/program files (x86)/atollic/truestudio for stm32 9.0.1/armtools/bin/../lib/gcc/arm-atollic-eabi/6.3.1/../../../../arm-atollic-eabi/lib/armv7e-m/fpu\libc.a(lib_a-signalr.o)
                0x080087f0                _getpid_r
 *(.glue_7)
 .glue_7        0x080087f4        0x0 linker stubs
 *(.glue_7t)
 .glue_7t       0x080087f4        0x0 linker stubs
 *(.eh_frame)
 .eh_frame      0x080087f4        0x0 c:/program files (x86)/atollic/truestudio for stm32 9.0.1/armtools/bin/../lib/gcc/arm-atollic-eabi/6.3.1/armv7e-m/fpu/crtbegin.o
 *(.init)
 .init          0x080087f4        0x4 c:/program files (x86)/atollic/truestudio for stm32 9.0.1/armtools/bin/../lib/gcc/arm-atollic-eabi/6.3.1/armv7e-m/fpu/crti.o
                0x080087f4                _init
 .init          0x080087f8        0x8 c:/program files (x86)/atollic/truestudio for stm32 9.0.1/armtools/bin/../lib/gcc/arm-atollic-eabi/6.3.1/armv7e-m/fpu/crtn.o
 *(.fini)
 .fini          0x08008800        0x4 c:/program files (x86)/atollic/truestudio for stm32 9.0.1/armtools/bin/../lib/gcc/arm-atollic-eabi/6.3.1/armv7e-m/fpu/crti.o
                0x08008800                _fini
 .fini          0x08008804        0x8 c:/program files (x86)/atollic/truestudio for stm32 9.0.1/armtools/bin/../lib/gcc/arm-atollic-eabi/6.3.1/armv7e-m/fpu/crtn.o
                0x0800880c                . = ALIGN (0x4)
                0x0800880c                _etext = .

.vfp11_veneer   0x0800880c        0x0
 .vfp11_veneer  0x0800880c        0x0 linker stubs

.v4_bx          0x0800880c        0x0
 .v4_bx         0x0800880c        0x0 linker stubs

.iplt           0x0800880c        0x0
 .iplt          0x0800880c        0x0 c:/program files (x86)/atollic/truestudio for stm32 9.0.1/armtools/bin/../lib/gcc/arm-atollic-eabi/6.3.1/armv7e-m/fpu/crtbegin.o

.rodata         0x08008810      0x390
                0x08008810                . = ALIGN (0x4)
 *(.rodata)
 .rodata        0x08008810       0x80 Inc\CAN\CAN.o
 *(.rodata*)
 .rodata.aPLLMULFactorTable
                0x08008890       0x10 Drivers\STM32F3xx_HAL_Driver\Src\stm32f3xx_hal_rcc.o
                0x08008890                aPLLMULFactorTable
 .rodata.aPredivFactorTable
                0x080088a0       0x10 Drivers\STM32F3xx_HAL_Driver\Src\stm32f3xx_hal_rcc.o
                0x080088a0                aPredivFactorTable
 .rodata.CSWTCH.45
                0x080088b0        0x4 Drivers\STM32F3xx_HAL_Driver\Src\stm32f3xx_hal_uart.o
 .rodata.AHBPrescTable
                0x080088b4       0x10 Src\system_stm32f3xx.o
                0x080088b4                AHBPrescTable
 .rodata.APBPrescTable
                0x080088c4        0x8 Src\system_stm32f3xx.o
                0x080088c4                APBPrescTable
 .rodata._global_impure_ptr
                0x080088cc        0x4 c:/program files (x86)/atollic/truestudio for stm32 9.0.1/armtools/bin/../lib/gcc/arm-atollic-eabi/6.3.1/../../../../arm-atollic-eabi/lib/armv7e-m/fpu\libc.a(lib_a-impure.o)
                0x080088cc                _global_impure_ptr
 .rodata._vfprintf_r.str1.1
                0x080088d0       0x34 c:/program files (x86)/atollic/truestudio for stm32 9.0.1/armtools/bin/../lib/gcc/arm-atollic-eabi/6.3.1/../../../../arm-atollic-eabi/lib/armv7e-m/fpu\libc.a(lib_a-vfprintf.o)
 .rodata.blanks.8374
                0x08008904       0x10 c:/program files (x86)/atollic/truestudio for stm32 9.0.1/armtools/bin/../lib/gcc/arm-atollic-eabi/6.3.1/../../../../arm-atollic-eabi/lib/armv7e-m/fpu\libc.a(lib_a-vfprintf.o)
 .rodata.zeroes.8375
                0x08008914       0x10 c:/program files (x86)/atollic/truestudio for stm32 9.0.1/armtools/bin/../lib/gcc/arm-atollic-eabi/6.3.1/../../../../arm-atollic-eabi/lib/armv7e-m/fpu\libc.a(lib_a-vfprintf.o)
 .rodata._dtoa_r.str1.1
                0x08008924        0xd c:/program files (x86)/atollic/truestudio for stm32 9.0.1/armtools/bin/../lib/gcc/arm-atollic-eabi/6.3.1/../../../../arm-atollic-eabi/lib/armv7e-m/fpu\libc.a(lib_a-dtoa.o)
                                  0xf (size before relaxing)
 *fill*         0x08008931        0x3 
 .rodata.__sf_fake_stderr
                0x08008934       0x20 c:/program files (x86)/atollic/truestudio for stm32 9.0.1/armtools/bin/../lib/gcc/arm-atollic-eabi/6.3.1/../../../../arm-atollic-eabi/lib/armv7e-m/fpu\libc.a(lib_a-findfp.o)
                0x08008934                __sf_fake_stderr
 .rodata.__sf_fake_stdin
                0x08008954       0x20 c:/program files (x86)/atollic/truestudio for stm32 9.0.1/armtools/bin/../lib/gcc/arm-atollic-eabi/6.3.1/../../../../arm-atollic-eabi/lib/armv7e-m/fpu\libc.a(lib_a-findfp.o)
                0x08008954                __sf_fake_stdin
 .rodata.__sf_fake_stdout
                0x08008974       0x20 c:/program files (x86)/atollic/truestudio for stm32 9.0.1/armtools/bin/../lib/gcc/arm-atollic-eabi/6.3.1/../../../../arm-atollic-eabi/lib/armv7e-m/fpu\libc.a(lib_a-findfp.o)
                0x08008974                __sf_fake_stdout
 *fill*         0x08008994        0x4 
 .rodata.__mprec_bigtens
                0x08008998       0x28 c:/program files (x86)/atollic/truestudio for stm32 9.0.1/armtools/bin/../lib/gcc/arm-atollic-eabi/6.3.1/../../../../arm-atollic-eabi/lib/armv7e-m/fpu\libc.a(lib_a-mprec.o)
                0x08008998                __mprec_bigtens
 .rodata.__mprec_tens
                0x080089c0       0xc8 c:/program files (x86)/atollic/truestudio for stm32 9.0.1/armtools/bin/../lib/gcc/arm-atollic-eabi/6.3.1/../../../../arm-atollic-eabi/lib/armv7e-m/fpu\libc.a(lib_a-mprec.o)
                0x080089c0                __mprec_tens
 .rodata.p05.7196
                0x08008a88        0xc c:/program files (x86)/atollic/truestudio for stm32 9.0.1/armtools/bin/../lib/gcc/arm-atollic-eabi/6.3.1/../../../../arm-atollic-eabi/lib/armv7e-m/fpu\libc.a(lib_a-mprec.o)
 .rodata._setlocale_r.str1.1
                0x08008a94        0x8 c:/program files (x86)/atollic/truestudio for stm32 9.0.1/armtools/bin/../lib/gcc/arm-atollic-eabi/6.3.1/../../../../arm-atollic-eabi/lib/armv7e-m/fpu\libc.a(lib_a-locale.o)
                                  0x9 (size before relaxing)
 .rodata.str1.1
                0x08008a9c        0x2 c:/program files (x86)/atollic/truestudio for stm32 9.0.1/armtools/bin/../lib/gcc/arm-atollic-eabi/6.3.1/../../../../arm-atollic-eabi/lib/armv7e-m/fpu\libc.a(lib_a-locale.o)
 .rodata._ctype_
                0x08008a9e      0x101 c:/program files (x86)/atollic/truestudio for stm32 9.0.1/armtools/bin/../lib/gcc/arm-atollic-eabi/6.3.1/../../../../arm-atollic-eabi/lib/armv7e-m/fpu\libc.a(lib_a-ctype_.o)
                0x08008a9e                _ctype_
                0x08008ba0                . = ALIGN (0x4)
 *fill*         0x08008b9f        0x1 

.ARM.extab      0x08008ba0       0x84
 *(.ARM.extab* .gnu.linkonce.armextab.*)
 .ARM.extab.text._ZN3App10DivideDataEv
                0x08008ba0        0xc Inc\Application\Application.o
 .ARM.extab.text._ZN3App9TaskShiftEv
                0x08008bac        0xc Inc\Application\Application.o
 .ARM.extab.text.HAL_CAN_RxFifo0MsgPendingCallback
                0x08008bb8        0xc Inc\CAN\CAN.o
 .ARM.extab.text._ZN6CanBus4SendEmhPh
                0x08008bc4        0xc Inc\CAN\CAN.o
 .ARM.extab.text._ZN7MicroSw7GetPushEv
                0x08008bd0        0xc Inc\MicroSW\MicroSW.o
 .ARM.extab.text._ZN6CanBusC2Emm
                0x08008bdc        0x0 Src\main.o
 .ARM.extab.text._ZN7MicroSwC2EP12GPIO_TypeDeft
                0x08008bdc        0x0 Src\main.o
 .ARM.extab.text._ZN3ADCC2Ess
                0x08008bdc        0x0 Src\main.o
 .ARM.extab.text._ZN21LowlayerHandelTypedefC2Ev
                0x08008bdc        0x0 Src\main.o
 .ARM.extab.text._ZN3AppC2EP21LowlayerHandelTypedef
                0x08008bdc        0x0 Src\main.o
 .ARM.extab.text._ZN6Timer1C2EP17TIM_HandleTypeDeff
                0x08008bdc        0xc Src\main.o
 .ARM.extab.text._ZN6Timer15StartEv
                0x08008be8        0xc Src\main.o
 .ARM.extab.text.main
                0x08008bf4        0xc Src\main.o
 .ARM.extab.text._Z18SystemClock_Configv
                0x08008c00        0xc Src\main.o
 .ARM.extab     0x08008c0c       0x18 c:/program files (x86)/atollic/truestudio for stm32 9.0.1/armtools/bin/../lib/gcc/arm-atollic-eabi/6.3.1/armv7e-m/fpu\libgcc.a(pr-support.o)

.ARM            0x08008c24      0x118
                0x08008c24                __exidx_start = .
 *(.ARM.exidx*)
 .ARM.exidx.text._ZN3ADC8GetValueEv
                0x08008cdc        0x0 Inc\ADC\ADC.o
                                  0x8 (size before relaxing)
 .ARM.exidx.text._ZN3App10DivideDataEv
                0x08008cdc        0x8 Inc\Application\Application.o
 .ARM.exidx.text._ZN3App9TaskShiftEv
                0x08008ce4        0x8 Inc\Application\Application.o
 .ARM.exidx.text.HAL_CAN_RxFifo0MsgPendingCallback
                0x08008cec        0x8 Inc\CAN\CAN.o
 .ARM.exidx.text._ZN6CanBus4SendEmhPh
                0x08008cf4        0x8 Inc\CAN\CAN.o
 .ARM.exidx.text.HAL_TIM_PeriodElapsedCallback
                0x08008cfc        0x8 Inc\InterruptIvent\interrupt.o
 .ARM.exidx.text._ZN7MicroSw7GetPushEv
                0x08008d04       0x10 Inc\MicroSW\MicroSW.o
                                  0x8 (size before relaxing)
 .ARM.exidx.text._ZN6CanBusC2Emm
                0x08008d14        0x0 Src\main.o
                                  0x8 (size before relaxing)
 .ARM.exidx.text._ZN7MicroSwC2EP12GPIO_TypeDeft
                0x08008d14        0x0 Src\main.o
                                  0x8 (size before relaxing)
 .ARM.exidx.text._ZN3ADCC2Ess
                0x08008d14        0x0 Src\main.o
                                  0x8 (size before relaxing)
 .ARM.exidx.text._ZN21LowlayerHandelTypedefC2Ev
                0x08008d14        0x0 Src\main.o
                                  0x8 (size before relaxing)
 .ARM.exidx.text._ZN3AppC2EP21LowlayerHandelTypedef
                0x08008d14        0x0 Src\main.o
                                  0x8 (size before relaxing)
 .ARM.exidx.text._ZN6Timer1C2EP17TIM_HandleTypeDeff
                0x08008d14        0x8 Src\main.o
 .ARM.exidx.text._ZN6Timer15StartEv
                0x08008d1c        0x8 Src\main.o
 .ARM.exidx.text.main
                0x08008d24        0x8 Src\main.o
 .ARM.exidx.text._Z18SystemClock_Configv
                0x08008d2c        0x8 Src\main.o
 .ARM.exidx.text.Error_Handler
                0x08008d34        0x8 Src\main.o
 .ARM.exidx     0x08008c24        0x8 c:/program files (x86)/atollic/truestudio for stm32 9.0.1/armtools/bin/../lib/gcc/arm-atollic-eabi/6.3.1/armv7e-m/fpu\libgcc.a(_udivmoddi4.o)
 .ARM.exidx     0x08008c2c       0x78 c:/program files (x86)/atollic/truestudio for stm32 9.0.1/armtools/bin/../lib/gcc/arm-atollic-eabi/6.3.1/armv7e-m/fpu\libgcc.a(unwind-arm.o)
                                 0xd8 (size before relaxing)
 .ARM.exidx     0x08008ca4       0x38 c:/program files (x86)/atollic/truestudio for stm32 9.0.1/armtools/bin/../lib/gcc/arm-atollic-eabi/6.3.1/armv7e-m/fpu\libgcc.a(pr-support.o)
                                 0x48 (size before relaxing)
                0x08008d3c                __exidx_end = .

.rel.dyn        0x08008d3c        0x0
 .rel.iplt      0x08008d3c        0x0 c:/program files (x86)/atollic/truestudio for stm32 9.0.1/armtools/bin/../lib/gcc/arm-atollic-eabi/6.3.1/armv7e-m/fpu/crtbegin.o

.preinit_array  0x08008d3c        0x0
                0x08008d3c                PROVIDE (__preinit_array_start, .)
 *(.preinit_array*)
                0x08008d3c                PROVIDE (__preinit_array_end, .)

.init_array     0x08008d3c        0x4
                0x08008d3c                PROVIDE (__init_array_start, .)
 *(SORT(.init_array.*))
 *(.init_array*)
 .init_array    0x08008d3c        0x4 c:/program files (x86)/atollic/truestudio for stm32 9.0.1/armtools/bin/../lib/gcc/arm-atollic-eabi/6.3.1/armv7e-m/fpu/crtbegin.o
                0x08008d40                PROVIDE (__init_array_end, .)

.fini_array     0x08008d40        0x4
                [!provide]                PROVIDE (__fini_array_start, .)
 *(SORT(.fini_array.*))
 *(.fini_array*)
 .fini_array    0x08008d40        0x4 c:/program files (x86)/atollic/truestudio for stm32 9.0.1/armtools/bin/../lib/gcc/arm-atollic-eabi/6.3.1/armv7e-m/fpu/crtbegin.o
                [!provide]                PROVIDE (__fini_array_end, .)
                0x08008d44                _sidata = LOADADDR (.data)

.data           0x20000000      0x67c load address 0x08008d44
                0x20000000                . = ALIGN (0x4)
                0x20000000                _sdata = .
 *(.data)
 *(.data*)
 .data.uwTickFreq
                0x20000000        0x1 Drivers\STM32F3xx_HAL_Driver\Src\stm32f3xx_hal.o
                0x20000000                uwTickFreq
 *fill*         0x20000001        0x3 
 .data.uwTickPrio
                0x20000004        0x4 Drivers\STM32F3xx_HAL_Driver\Src\stm32f3xx_hal.o
                0x20000004                uwTickPrio
 .data.SystemCoreClock
                0x20000008        0x4 Src\system_stm32f3xx.o
                0x20000008                SystemCoreClock
 .data._impure_ptr
                0x2000000c        0x4 c:/program files (x86)/atollic/truestudio for stm32 9.0.1/armtools/bin/../lib/gcc/arm-atollic-eabi/6.3.1/../../../../arm-atollic-eabi/lib/armv7e-m/fpu\libc.a(lib_a-impure.o)
                0x2000000c                _impure_ptr
 .data.impure_data
                0x20000010       0xf0 c:/program files (x86)/atollic/truestudio for stm32 9.0.1/armtools/bin/../lib/gcc/arm-atollic-eabi/6.3.1/../../../../arm-atollic-eabi/lib/armv7e-m/fpu\libc.a(lib_a-impure.o)
 .data.__malloc_av_
                0x20000100      0x408 c:/program files (x86)/atollic/truestudio for stm32 9.0.1/armtools/bin/../lib/gcc/arm-atollic-eabi/6.3.1/../../../../arm-atollic-eabi/lib/armv7e-m/fpu\libc.a(lib_a-mallocr.o)
                0x20000100                __malloc_av_
 .data.__malloc_sbrk_base
                0x20000508        0x4 c:/program files (x86)/atollic/truestudio for stm32 9.0.1/armtools/bin/../lib/gcc/arm-atollic-eabi/6.3.1/../../../../arm-atollic-eabi/lib/armv7e-m/fpu\libc.a(lib_a-mallocr.o)
                0x20000508                __malloc_sbrk_base
 .data.__malloc_trim_threshold
                0x2000050c        0x4 c:/program files (x86)/atollic/truestudio for stm32 9.0.1/armtools/bin/../lib/gcc/arm-atollic-eabi/6.3.1/../../../../arm-atollic-eabi/lib/armv7e-m/fpu\libc.a(lib_a-mallocr.o)
                0x2000050c                __malloc_trim_threshold
 .data.__global_locale
                0x20000510      0x16c c:/program files (x86)/atollic/truestudio for stm32 9.0.1/armtools/bin/../lib/gcc/arm-atollic-eabi/6.3.1/../../../../arm-atollic-eabi/lib/armv7e-m/fpu\libc.a(lib_a-locale.o)
                0x20000510                __global_locale
                0x2000067c                . = ALIGN (0x4)
                0x2000067c                _edata = .
                0x080093c0                _siccmram = LOADADDR (.ccmram)

.igot.plt       0x2000067c        0x0 load address 0x080093c0
 .igot.plt      0x2000067c        0x0 c:/program files (x86)/atollic/truestudio for stm32 9.0.1/armtools/bin/../lib/gcc/arm-atollic-eabi/6.3.1/armv7e-m/fpu/crtbegin.o

.ccmram         0x10000000        0x0 load address 0x080093c0
                0x10000000                . = ALIGN (0x4)
                0x10000000                _sccmram = .
 *(.ccmram)
 *(.ccmram*)
                0x10000000                . = ALIGN (0x4)
                0x10000000                _eccmram = .
                0x10000000                . = ALIGN (0x4)

.bss            0x2000067c      0x2bc
                0x2000067c                _sbss = .
                0x2000067c                __bss_start__ = _sbss
 *(.bss)
 .bss           0x2000067c       0x1c c:/program files (x86)/atollic/truestudio for stm32 9.0.1/armtools/bin/../lib/gcc/arm-atollic-eabi/6.3.1/armv7e-m/fpu/crtbegin.o
 .bss           0x20000698       0x18 Inc\ADC\ADC.o
                0x20000698                adcValue1
                0x200006a4                adcValue2
 .bss           0x200006b0       0x25 Inc\CAN\CAN.o
                0x200006b0                RxFIFO_Data
                0x200006b8                RXmsg
                0x200006d4                CanRxFlag
 *fill*         0x200006d5        0x3 
 .bss           0x200006d8        0x8 Inc\InterruptIvent\interrupt.o
                0x200006d8                IntFlag
                0x200006dc                warikan
 *(.bss*)
 .bss.HAL_RCC_ADC12_CLK_ENABLED
                0x200006e0        0x4 Src\adc.o
 .bss.heap_end.7031
                0x200006e4        0x4 Src\syscalls.o
 .bss.__malloc_current_mallinfo
                0x200006e8       0x28 c:/program files (x86)/atollic/truestudio for stm32 9.0.1/armtools/bin/../lib/gcc/arm-atollic-eabi/6.3.1/../../../../arm-atollic-eabi/lib/armv7e-m/fpu\libc.a(lib_a-mallocr.o)
                0x200006e8                __malloc_current_mallinfo
 .bss.__malloc_max_sbrked_mem
                0x20000710        0x4 c:/program files (x86)/atollic/truestudio for stm32 9.0.1/armtools/bin/../lib/gcc/arm-atollic-eabi/6.3.1/../../../../arm-atollic-eabi/lib/armv7e-m/fpu\libc.a(lib_a-mallocr.o)
                0x20000710                __malloc_max_sbrked_mem
 .bss.__malloc_max_total_mem
                0x20000714        0x4 c:/program files (x86)/atollic/truestudio for stm32 9.0.1/armtools/bin/../lib/gcc/arm-atollic-eabi/6.3.1/../../../../arm-atollic-eabi/lib/armv7e-m/fpu\libc.a(lib_a-mallocr.o)
                0x20000714                __malloc_max_total_mem
 .bss.__malloc_top_pad
                0x20000718        0x4 c:/program files (x86)/atollic/truestudio for stm32 9.0.1/armtools/bin/../lib/gcc/arm-atollic-eabi/6.3.1/../../../../arm-atollic-eabi/lib/armv7e-m/fpu\libc.a(lib_a-mallocr.o)
                0x20000718                __malloc_top_pad
 *(COMMON)
 COMMON         0x2000071c        0x4 Drivers\STM32F3xx_HAL_Driver\Src\stm32f3xx_hal.o
                0x2000071c                uwTick
 COMMON         0x20000720      0x130 Src\adc.o
                0x20000720                hadc2
                0x20000774                hadc1
                0x200007c8                hdma_adc1
                0x2000080c                hdma_adc2
 COMMON         0x20000850       0x28 Src\can.o
                0x20000850                hcan
 COMMON         0x20000878       0x40 Src\tim.o
                0x20000878                htim6
 COMMON         0x200008b8       0x70 Src\usart.o
                0x200008b8                huart2
 COMMON         0x20000928        0x9 c:/program files (x86)/atollic/truestudio for stm32 9.0.1/armtools/bin/../lib/gcc/arm-atollic-eabi/6.3.1/../../../../arm-atollic-eabi/lib/armv7e-m/fpu\libc.a(lib_a-lock.o)
                0x20000928                __lock___atexit_recursive_mutex
                0x20000929                __lock___arc4random_mutex
                0x2000092a                __lock___env_recursive_mutex
                0x2000092b                __lock___sinit_recursive_mutex
                0x2000092c                __lock___malloc_recursive_mutex
                0x2000092d                __lock___at_quick_exit_mutex
                0x2000092e                __lock___dd_hash_mutex
                0x2000092f                __lock___tz_mutex
                0x20000930                __lock___sfp_recursive_mutex
 *fill*         0x20000931        0x3 
 COMMON         0x20000934        0x4 c:/program files (x86)/atollic/truestudio for stm32 9.0.1/armtools/bin/../lib/gcc/arm-atollic-eabi/6.3.1/../../../../arm-atollic-eabi/lib/armv7e-m/fpu\libc.a(lib_a-reent.o)
                0x20000934                errno
                0x20000938                . = ALIGN (0x4)
                0x20000938                _ebss = .
                0x20000938                __bss_end__ = _ebss

._user_heap_stack
                0x20000938      0x600
                0x20000938                . = ALIGN (0x4)
                0x20000938                PROVIDE (end, .)
                [!provide]                PROVIDE (_end, .)
                0x20000b38                . = (. + _Min_Heap_Size)
 *fill*         0x20000938      0x200 
                0x20000f38                . = (. + _Min_Stack_Size)
 *fill*         0x20000b38      0x400 
                0x20000f38                . = ALIGN (0x4)

/DISCARD/
 libc.a(*)
 libm.a(*)
 libgcc.a(*)

.ARM.attributes
                0x00000000       0x30
 *(.ARM.attributes)
 .ARM.attributes
                0x00000000       0x22 c:/program files (x86)/atollic/truestudio for stm32 9.0.1/armtools/bin/../lib/gcc/arm-atollic-eabi/6.3.1/armv7e-m/fpu/crti.o
 .ARM.attributes
                0x00000022       0x34 c:/program files (x86)/atollic/truestudio for stm32 9.0.1/armtools/bin/../lib/gcc/arm-atollic-eabi/6.3.1/armv7e-m/fpu/crtbegin.o
 .ARM.attributes
                0x00000056       0x39 Drivers\STM32F3xx_HAL_Driver\Src\stm32f3xx_hal.o
 .ARM.attributes
                0x0000008f       0x39 Drivers\STM32F3xx_HAL_Driver\Src\stm32f3xx_hal_adc_ex.o
 .ARM.attributes
                0x000000c8       0x39 Drivers\STM32F3xx_HAL_Driver\Src\stm32f3xx_hal_can.o
 .ARM.attributes
                0x00000101       0x39 Drivers\STM32F3xx_HAL_Driver\Src\stm32f3xx_hal_cortex.o
 .ARM.attributes
                0x0000013a       0x39 Drivers\STM32F3xx_HAL_Driver\Src\stm32f3xx_hal_dma.o
 .ARM.attributes
                0x00000173       0x39 Drivers\STM32F3xx_HAL_Driver\Src\stm32f3xx_hal_gpio.o
 .ARM.attributes
                0x000001ac       0x39 Drivers\STM32F3xx_HAL_Driver\Src\stm32f3xx_hal_rcc.o
 .ARM.attributes
                0x000001e5       0x39 Drivers\STM32F3xx_HAL_Driver\Src\stm32f3xx_hal_rcc_ex.o
 .ARM.attributes
                0x0000021e       0x39 Drivers\STM32F3xx_HAL_Driver\Src\stm32f3xx_hal_tim.o
 .ARM.attributes
                0x00000257       0x39 Drivers\STM32F3xx_HAL_Driver\Src\stm32f3xx_hal_tim_ex.o
 .ARM.attributes
                0x00000290       0x39 Drivers\STM32F3xx_HAL_Driver\Src\stm32f3xx_hal_uart.o
 .ARM.attributes
                0x000002c9       0x39 Inc\ADC\ADC.o
 .ARM.attributes
                0x00000302       0x39 Inc\Application\Application.o
 .ARM.attributes
                0x0000033b       0x39 Inc\CAN\CAN.o
 .ARM.attributes
                0x00000374       0x39 Inc\InterruptIvent\interrupt.o
 .ARM.attributes
                0x000003ad       0x39 Inc\MicroSW\MicroSW.o
 .ARM.attributes
                0x000003e6       0x39 Src\adc.o
 .ARM.attributes
                0x0000041f       0x39 Src\can.o
 .ARM.attributes
                0x00000458       0x39 Src\dma.o
 .ARM.attributes
                0x00000491       0x39 Src\gpio.o
 .ARM.attributes
                0x000004ca       0x39 Src\main.o
 .ARM.attributes
                0x00000503       0x39 Src\printf.o
 .ARM.attributes
                0x0000053c       0x39 Src\stm32f3xx_hal_msp.o
 .ARM.attributes
                0x00000575       0x39 Src\stm32f3xx_it.o
 .ARM.attributes
                0x000005ae       0x39 Src\syscalls.o
 .ARM.attributes
                0x000005e7       0x39 Src\system_stm32f3xx.o
 .ARM.attributes
                0x00000620       0x39 Src\tim.o
 .ARM.attributes
                0x00000659       0x39 Src\usart.o
 .ARM.attributes
                0x00000692       0x21 startup\startup_stm32f303x8.o
 .ARM.attributes
                0x000006b3       0x34 c:/program files (x86)/atollic/truestudio for stm32 9.0.1/armtools/bin/../lib/gcc/arm-atollic-eabi/6.3.1/../../../../arm-atollic-eabi/lib/armv7e-m/fpu\libc.a(lib_a-errno.o)
 .ARM.attributes
                0x000006e7       0x34 c:/program files (x86)/atollic/truestudio for stm32 9.0.1/armtools/bin/../lib/gcc/arm-atollic-eabi/6.3.1/../../../../arm-atollic-eabi/lib/armv7e-m/fpu\libc.a(lib_a-impure.o)
 .ARM.attributes
                0x0000071b       0x34 c:/program files (x86)/atollic/truestudio for stm32 9.0.1/armtools/bin/../lib/gcc/arm-atollic-eabi/6.3.1/../../../../arm-atollic-eabi/lib/armv7e-m/fpu\libc.a(lib_a-init.o)
 .ARM.attributes
                0x0000074f       0x34 c:/program files (x86)/atollic/truestudio for stm32 9.0.1/armtools/bin/../lib/gcc/arm-atollic-eabi/6.3.1/../../../../arm-atollic-eabi/lib/armv7e-m/fpu\libc.a(lib_a-memset.o)
 .ARM.attributes
                0x00000783       0x34 c:/program files (x86)/atollic/truestudio for stm32 9.0.1/armtools/bin/../lib/gcc/arm-atollic-eabi/6.3.1/../../../../arm-atollic-eabi/lib/armv7e-m/fpu\libc.a(lib_a-printf.o)
 .ARM.attributes
                0x000007b7       0x34 c:/program files (x86)/atollic/truestudio for stm32 9.0.1/armtools/bin/../lib/gcc/arm-atollic-eabi/6.3.1/../../../../arm-atollic-eabi/lib/armv7e-m/fpu\libc.a(lib_a-vfprintf.o)
 .ARM.attributes
                0x000007eb       0x34 c:/program files (x86)/atollic/truestudio for stm32 9.0.1/armtools/bin/../lib/gcc/arm-atollic-eabi/6.3.1/../../../../arm-atollic-eabi/lib/armv7e-m/fpu\libc.a(lib_a-wsetup.o)
 .ARM.attributes
                0x0000081f       0x34 c:/program files (x86)/atollic/truestudio for stm32 9.0.1/armtools/bin/../lib/gcc/arm-atollic-eabi/6.3.1/../../../../arm-atollic-eabi/lib/armv7e-m/fpu\libc.a(lib_a-dtoa.o)
 .ARM.attributes
                0x00000853       0x34 c:/program files (x86)/atollic/truestudio for stm32 9.0.1/armtools/bin/../lib/gcc/arm-atollic-eabi/6.3.1/../../../../arm-atollic-eabi/lib/armv7e-m/fpu\libc.a(lib_a-fflush.o)
 .ARM.attributes
                0x00000887       0x34 c:/program files (x86)/atollic/truestudio for stm32 9.0.1/armtools/bin/../lib/gcc/arm-atollic-eabi/6.3.1/../../../../arm-atollic-eabi/lib/armv7e-m/fpu\libc.a(lib_a-findfp.o)
 .ARM.attributes
                0x000008bb       0x34 c:/program files (x86)/atollic/truestudio for stm32 9.0.1/armtools/bin/../lib/gcc/arm-atollic-eabi/6.3.1/../../../../arm-atollic-eabi/lib/armv7e-m/fpu\libc.a(lib_a-freer.o)
 .ARM.attributes
                0x000008ef       0x34 c:/program files (x86)/atollic/truestudio for stm32 9.0.1/armtools/bin/../lib/gcc/arm-atollic-eabi/6.3.1/../../../../arm-atollic-eabi/lib/armv7e-m/fpu\libc.a(lib_a-fwalk.o)
 .ARM.attributes
                0x00000923       0x34 c:/program files (x86)/atollic/truestudio for stm32 9.0.1/armtools/bin/../lib/gcc/arm-atollic-eabi/6.3.1/../../../../arm-atollic-eabi/lib/armv7e-m/fpu\libc.a(lib_a-localeconv.o)
 .ARM.attributes
                0x00000957       0x34 c:/program files (x86)/atollic/truestudio for stm32 9.0.1/armtools/bin/../lib/gcc/arm-atollic-eabi/6.3.1/../../../../arm-atollic-eabi/lib/armv7e-m/fpu\libc.a(lib_a-lock.o)
 .ARM.attributes
                0x0000098b       0x34 c:/program files (x86)/atollic/truestudio for stm32 9.0.1/armtools/bin/../lib/gcc/arm-atollic-eabi/6.3.1/../../../../arm-atollic-eabi/lib/armv7e-m/fpu\libc.a(lib_a-makebuf.o)
 .ARM.attributes
                0x000009bf       0x34 c:/program files (x86)/atollic/truestudio for stm32 9.0.1/armtools/bin/../lib/gcc/arm-atollic-eabi/6.3.1/../../../../arm-atollic-eabi/lib/armv7e-m/fpu\libc.a(lib_a-malloc.o)
 .ARM.attributes
                0x000009f3       0x34 c:/program files (x86)/atollic/truestudio for stm32 9.0.1/armtools/bin/../lib/gcc/arm-atollic-eabi/6.3.1/../../../../arm-atollic-eabi/lib/armv7e-m/fpu\libc.a(lib_a-mallocr.o)
 .ARM.attributes
                0x00000a27       0x20 c:/program files (x86)/atollic/truestudio for stm32 9.0.1/armtools/bin/../lib/gcc/arm-atollic-eabi/6.3.1/../../../../arm-atollic-eabi/lib/armv7e-m/fpu\libc.a(lib_a-memchr.o)
 .ARM.attributes
                0x00000a47       0x34 c:/program files (x86)/atollic/truestudio for stm32 9.0.1/armtools/bin/../lib/gcc/arm-atollic-eabi/6.3.1/../../../../arm-atollic-eabi/lib/armv7e-m/fpu\libc.a(lib_a-memcpy-stub.o)
 .ARM.attributes
                0x00000a7b       0x34 c:/program files (x86)/atollic/truestudio for stm32 9.0.1/armtools/bin/../lib/gcc/arm-atollic-eabi/6.3.1/../../../../arm-atollic-eabi/lib/armv7e-m/fpu\libc.a(lib_a-mlock.o)
 .ARM.attributes
                0x00000aaf       0x34 c:/program files (x86)/atollic/truestudio for stm32 9.0.1/armtools/bin/../lib/gcc/arm-atollic-eabi/6.3.1/../../../../arm-atollic-eabi/lib/armv7e-m/fpu\libc.a(lib_a-mprec.o)
 .ARM.attributes
                0x00000ae3       0x34 c:/program files (x86)/atollic/truestudio for stm32 9.0.1/armtools/bin/../lib/gcc/arm-atollic-eabi/6.3.1/../../../../arm-atollic-eabi/lib/armv7e-m/fpu\libc.a(lib_a-sbrkr.o)
 .ARM.attributes
                0x00000b17       0x34 c:/program files (x86)/atollic/truestudio for stm32 9.0.1/armtools/bin/../lib/gcc/arm-atollic-eabi/6.3.1/../../../../arm-atollic-eabi/lib/armv7e-m/fpu\libc.a(lib_a-stdio.o)
 .ARM.attributes
                0x00000b4b       0x1b c:/program files (x86)/atollic/truestudio for stm32 9.0.1/armtools/bin/../lib/gcc/arm-atollic-eabi/6.3.1/../../../../arm-atollic-eabi/lib/armv7e-m/fpu\libc.a(lib_a-strlen.o)
 .ARM.attributes
                0x00000b66       0x34 c:/program files (x86)/atollic/truestudio for stm32 9.0.1/armtools/bin/../lib/gcc/arm-atollic-eabi/6.3.1/../../../../arm-atollic-eabi/lib/armv7e-m/fpu\libc.a(lib_a-vfiprintf.o)
 .ARM.attributes
                0x00000b9a       0x34 c:/program files (x86)/atollic/truestudio for stm32 9.0.1/armtools/bin/../lib/gcc/arm-atollic-eabi/6.3.1/../../../../arm-atollic-eabi/lib/armv7e-m/fpu\libc.a(lib_a-writer.o)
 .ARM.attributes
                0x00000bce       0x34 c:/program files (x86)/atollic/truestudio for stm32 9.0.1/armtools/bin/../lib/gcc/arm-atollic-eabi/6.3.1/../../../../arm-atollic-eabi/lib/armv7e-m/fpu\libc.a(lib_a-callocr.o)
 .ARM.attributes
                0x00000c02       0x34 c:/program files (x86)/atollic/truestudio for stm32 9.0.1/armtools/bin/../lib/gcc/arm-atollic-eabi/6.3.1/../../../../arm-atollic-eabi/lib/armv7e-m/fpu\libc.a(lib_a-closer.o)
 .ARM.attributes
                0x00000c36       0x34 c:/program files (x86)/atollic/truestudio for stm32 9.0.1/armtools/bin/../lib/gcc/arm-atollic-eabi/6.3.1/../../../../arm-atollic-eabi/lib/armv7e-m/fpu\libc.a(lib_a-fclose.o)
 .ARM.attributes
                0x00000c6a       0x34 c:/program files (x86)/atollic/truestudio for stm32 9.0.1/armtools/bin/../lib/gcc/arm-atollic-eabi/6.3.1/../../../../arm-atollic-eabi/lib/armv7e-m/fpu\libc.a(lib_a-fputwc.o)
 .ARM.attributes
                0x00000c9e       0x34 c:/program files (x86)/atollic/truestudio for stm32 9.0.1/armtools/bin/../lib/gcc/arm-atollic-eabi/6.3.1/../../../../arm-atollic-eabi/lib/armv7e-m/fpu\libc.a(lib_a-fstatr.o)
 .ARM.attributes
                0x00000cd2       0x34 c:/program files (x86)/atollic/truestudio for stm32 9.0.1/armtools/bin/../lib/gcc/arm-atollic-eabi/6.3.1/../../../../arm-atollic-eabi/lib/armv7e-m/fpu\libc.a(lib_a-fvwrite.o)
 .ARM.attributes
                0x00000d06       0x34 c:/program files (x86)/atollic/truestudio for stm32 9.0.1/armtools/bin/../lib/gcc/arm-atollic-eabi/6.3.1/../../../../arm-atollic-eabi/lib/armv7e-m/fpu\libc.a(lib_a-isattyr.o)
 .ARM.attributes
                0x00000d3a       0x34 c:/program files (x86)/atollic/truestudio for stm32 9.0.1/armtools/bin/../lib/gcc/arm-atollic-eabi/6.3.1/../../../../arm-atollic-eabi/lib/armv7e-m/fpu\libc.a(lib_a-locale.o)
 .ARM.attributes
                0x00000d6e       0x34 c:/program files (x86)/atollic/truestudio for stm32 9.0.1/armtools/bin/../lib/gcc/arm-atollic-eabi/6.3.1/../../../../arm-atollic-eabi/lib/armv7e-m/fpu\libc.a(lib_a-lseekr.o)
 .ARM.attributes
                0x00000da2       0x34 c:/program files (x86)/atollic/truestudio for stm32 9.0.1/armtools/bin/../lib/gcc/arm-atollic-eabi/6.3.1/../../../../arm-atollic-eabi/lib/armv7e-m/fpu\libc.a(lib_a-mbtowc_r.o)
 .ARM.attributes
                0x00000dd6       0x34 c:/program files (x86)/atollic/truestudio for stm32 9.0.1/armtools/bin/../lib/gcc/arm-atollic-eabi/6.3.1/../../../../arm-atollic-eabi/lib/armv7e-m/fpu\libc.a(lib_a-memmove.o)
 .ARM.attributes
                0x00000e0a       0x34 c:/program files (x86)/atollic/truestudio for stm32 9.0.1/armtools/bin/../lib/gcc/arm-atollic-eabi/6.3.1/../../../../arm-atollic-eabi/lib/armv7e-m/fpu\libc.a(lib_a-readr.o)
 .ARM.attributes
                0x00000e3e       0x34 c:/program files (x86)/atollic/truestudio for stm32 9.0.1/armtools/bin/../lib/gcc/arm-atollic-eabi/6.3.1/../../../../arm-atollic-eabi/lib/armv7e-m/fpu\libc.a(lib_a-reallocr.o)
 .ARM.attributes
                0x00000e72       0x34 c:/program files (x86)/atollic/truestudio for stm32 9.0.1/armtools/bin/../lib/gcc/arm-atollic-eabi/6.3.1/../../../../arm-atollic-eabi/lib/armv7e-m/fpu\libc.a(lib_a-reent.o)
 .ARM.attributes
                0x00000ea6       0x34 c:/program files (x86)/atollic/truestudio for stm32 9.0.1/armtools/bin/../lib/gcc/arm-atollic-eabi/6.3.1/../../../../arm-atollic-eabi/lib/armv7e-m/fpu\libc.a(lib_a-wbuf.o)
 .ARM.attributes
                0x00000eda       0x34 c:/program files (x86)/atollic/truestudio for stm32 9.0.1/armtools/bin/../lib/gcc/arm-atollic-eabi/6.3.1/../../../../arm-atollic-eabi/lib/armv7e-m/fpu\libc.a(lib_a-wcrtomb.o)
 .ARM.attributes
                0x00000f0e       0x34 c:/program files (x86)/atollic/truestudio for stm32 9.0.1/armtools/bin/../lib/gcc/arm-atollic-eabi/6.3.1/../../../../arm-atollic-eabi/lib/armv7e-m/fpu\libc.a(lib_a-wctomb_r.o)
 .ARM.attributes
                0x00000f42       0x34 c:/program files (x86)/atollic/truestudio for stm32 9.0.1/armtools/bin/../lib/gcc/arm-atollic-eabi/6.3.1/../../../../arm-atollic-eabi/lib/armv7e-m/fpu\libc.a(lib_a-ctype_.o)
 .ARM.attributes
                0x00000f76       0x22 c:/program files (x86)/atollic/truestudio for stm32 9.0.1/armtools/bin/../lib/gcc/arm-atollic-eabi/6.3.1/armv7e-m/fpu\libgcc.a(_arm_addsubdf3.o)
 .ARM.attributes
                0x00000f98       0x22 c:/program files (x86)/atollic/truestudio for stm32 9.0.1/armtools/bin/../lib/gcc/arm-atollic-eabi/6.3.1/armv7e-m/fpu\libgcc.a(_arm_muldivdf3.o)
 .ARM.attributes
                0x00000fba       0x22 c:/program files (x86)/atollic/truestudio for stm32 9.0.1/armtools/bin/../lib/gcc/arm-atollic-eabi/6.3.1/armv7e-m/fpu\libgcc.a(_arm_cmpdf2.o)
 .ARM.attributes
                0x00000fdc       0x22 c:/program files (x86)/atollic/truestudio for stm32 9.0.1/armtools/bin/../lib/gcc/arm-atollic-eabi/6.3.1/armv7e-m/fpu\libgcc.a(_arm_unorddf2.o)
 .ARM.attributes
                0x00000ffe       0x22 c:/program files (x86)/atollic/truestudio for stm32 9.0.1/armtools/bin/../lib/gcc/arm-atollic-eabi/6.3.1/armv7e-m/fpu\libgcc.a(_arm_fixdfsi.o)
 .ARM.attributes
                0x00001020       0x22 c:/program files (x86)/atollic/truestudio for stm32 9.0.1/armtools/bin/../lib/gcc/arm-atollic-eabi/6.3.1/armv7e-m/fpu\libgcc.a(_aeabi_uldivmod.o)
 .ARM.attributes
                0x00001042       0x34 c:/program files (x86)/atollic/truestudio for stm32 9.0.1/armtools/bin/../lib/gcc/arm-atollic-eabi/6.3.1/armv7e-m/fpu\libgcc.a(_udivmoddi4.o)
 .ARM.attributes
                0x00001076       0x34 c:/program files (x86)/atollic/truestudio for stm32 9.0.1/armtools/bin/../lib/gcc/arm-atollic-eabi/6.3.1/armv7e-m/fpu\libgcc.a(unwind-arm.o)
 .ARM.attributes
                0x000010aa       0x22 c:/program files (x86)/atollic/truestudio for stm32 9.0.1/armtools/bin/../lib/gcc/arm-atollic-eabi/6.3.1/armv7e-m/fpu\libgcc.a(libunwind.o)
 .ARM.attributes
                0x000010cc       0x34 c:/program files (x86)/atollic/truestudio for stm32 9.0.1/armtools/bin/../lib/gcc/arm-atollic-eabi/6.3.1/armv7e-m/fpu\libgcc.a(pr-support.o)
 .ARM.attributes
                0x00001100       0x22 c:/program files (x86)/atollic/truestudio for stm32 9.0.1/armtools/bin/../lib/gcc/arm-atollic-eabi/6.3.1/armv7e-m/fpu\libgcc.a(_dvmd_tls.o)
 .ARM.attributes
                0x00001122       0x34 c:/program files (x86)/atollic/truestudio for stm32 9.0.1/armtools/bin/../lib/gcc/arm-atollic-eabi/6.3.1/../../../../arm-atollic-eabi/lib/armv7e-m/fpu\libc.a(lib_a-abort.o)
 .ARM.attributes
                0x00001156       0x34 c:/program files (x86)/atollic/truestudio for stm32 9.0.1/armtools/bin/../lib/gcc/arm-atollic-eabi/6.3.1/../../../../arm-atollic-eabi/lib/armv7e-m/fpu\libc.a(lib_a-signal.o)
 .ARM.attributes
                0x0000118a       0x34 c:/program files (x86)/atollic/truestudio for stm32 9.0.1/armtools/bin/../lib/gcc/arm-atollic-eabi/6.3.1/../../../../arm-atollic-eabi/lib/armv7e-m/fpu\libc.a(lib_a-signalr.o)
 .ARM.attributes
                0x000011be       0x22 c:/program files (x86)/atollic/truestudio for stm32 9.0.1/armtools/bin/../lib/gcc/arm-atollic-eabi/6.3.1/armv7e-m/fpu/crtn.o
OUTPUT(SympleSensorBoard.elf elf32-littlearm)

.debug_info     0x00000000    0x259f1
 .debug_info    0x00000000     0x1043 Drivers\STM32F3xx_HAL_Driver\Src\stm32f3xx_hal.o
 .debug_info    0x00001043     0x22e0 Drivers\STM32F3xx_HAL_Driver\Src\stm32f3xx_hal_adc_ex.o
 .debug_info    0x00003323     0x191b Drivers\STM32F3xx_HAL_Driver\Src\stm32f3xx_hal_can.o
 .debug_info    0x00004c3e     0x14d7 Drivers\STM32F3xx_HAL_Driver\Src\stm32f3xx_hal_cortex.o
 .debug_info    0x00006115     0x10ad Drivers\STM32F3xx_HAL_Driver\Src\stm32f3xx_hal_dma.o
 .debug_info    0x000071c2     0x1005 Drivers\STM32F3xx_HAL_Driver\Src\stm32f3xx_hal_gpio.o
 .debug_info    0x000081c7     0x1be0 Drivers\STM32F3xx_HAL_Driver\Src\stm32f3xx_hal_rcc.o
 .debug_info    0x00009da7      0xea0 Drivers\STM32F3xx_HAL_Driver\Src\stm32f3xx_hal_rcc_ex.o
 .debug_info    0x0000ac47     0x3d7d Drivers\STM32F3xx_HAL_Driver\Src\stm32f3xx_hal_tim.o
 .debug_info    0x0000e9c4     0x1da0 Drivers\STM32F3xx_HAL_Driver\Src\stm32f3xx_hal_tim_ex.o
 .debug_info    0x00010764     0x228e Drivers\STM32F3xx_HAL_Driver\Src\stm32f3xx_hal_uart.o
 .debug_info    0x000129f2     0x10a0 Inc\ADC\ADC.o
 .debug_info    0x00013a92     0x1512 Inc\Application\Application.o
 .debug_info    0x00014fa4     0x174c Inc\CAN\CAN.o
 .debug_info    0x000166f0     0x165d Inc\InterruptIvent\interrupt.o
 .debug_info    0x00017d4d      0xb04 Inc\MicroSW\MicroSW.o
 .debug_info    0x00018851     0x1583 Src\adc.o
 .debug_info    0x00019dd4     0x127e Src\can.o
 .debug_info    0x0001b052      0xc46 Src\dma.o
 .debug_info    0x0001bc98      0xca4 Src\gpio.o
 .debug_info    0x0001c93c     0x227f Src\main.o
 .debug_info    0x0001ebbb      0xf56 Src\printf.o
 .debug_info    0x0001fb11      0xaa1 Src\stm32f3xx_hal_msp.o
 .debug_info    0x000205b2     0x1341 Src\stm32f3xx_it.o
 .debug_info    0x000218f3      0xffa Src\syscalls.o
 .debug_info    0x000228ed      0xc8d Src\system_stm32f3xx.o
 .debug_info    0x0002357a     0x120e Src\tim.o
 .debug_info    0x00024788     0x11fa Src\usart.o
 .debug_info    0x00025982       0x6f startup\startup_stm32f303x8.o

.debug_abbrev   0x00000000     0x4ae0
 .debug_abbrev  0x00000000      0x2f5 Drivers\STM32F3xx_HAL_Driver\Src\stm32f3xx_hal.o
 .debug_abbrev  0x000002f5      0x359 Drivers\STM32F3xx_HAL_Driver\Src\stm32f3xx_hal_adc_ex.o
 .debug_abbrev  0x0000064e      0x36a Drivers\STM32F3xx_HAL_Driver\Src\stm32f3xx_hal_can.o
 .debug_abbrev  0x000009b8      0x374 Drivers\STM32F3xx_HAL_Driver\Src\stm32f3xx_hal_cortex.o
 .debug_abbrev  0x00000d2c      0x2ad Drivers\STM32F3xx_HAL_Driver\Src\stm32f3xx_hal_dma.o
 .debug_abbrev  0x00000fd9      0x268 Drivers\STM32F3xx_HAL_Driver\Src\stm32f3xx_hal_gpio.o
 .debug_abbrev  0x00001241      0x358 Drivers\STM32F3xx_HAL_Driver\Src\stm32f3xx_hal_rcc.o
 .debug_abbrev  0x00001599      0x318 Drivers\STM32F3xx_HAL_Driver\Src\stm32f3xx_hal_rcc_ex.o
 .debug_abbrev  0x000018b1      0x3ab Drivers\STM32F3xx_HAL_Driver\Src\stm32f3xx_hal_tim.o
 .debug_abbrev  0x00001c5c      0x30d Drivers\STM32F3xx_HAL_Driver\Src\stm32f3xx_hal_tim_ex.o
 .debug_abbrev  0x00001f69      0x384 Drivers\STM32F3xx_HAL_Driver\Src\stm32f3xx_hal_uart.o