VL53L0X.cpp:39:1:VL53L0X::VL53L0X(short unsigned int)	16	static
VL53L0X.cpp:47:6:void VL53L0X::setAddress(uint8_t)	16	static
VL53L0X.cpp:61:6:bool VL53L0X::init(bool)	32	static
VL53L0X.cpp:283:6:void VL53L0X::writeReg(uint8_t, uint8_t)	32	static
VL53L0X.cpp:289:6:void VL53L0X::writeReg16Bit(uint8_t, uint16_t)	40	static
VL53L0X.cpp:298:6:void VL53L0X::writeReg32Bit(uint8_t, uint32_t)	48	static
VL53L0X.cpp:309:9:uint8_t VL53L0X::readReg(uint8_t)	40	static
VL53L0X.cpp:317:10:uint16_t VL53L0X::readReg16Bit(uint8_t)	40	static
VL53L0X.cpp:328:10:uint32_t VL53L0X::readReg32Bit(uint8_t)	40	static
VL53L0X.cpp:342:6:void VL53L0X::writeMulti(uint8_t, const uint8_t*, uint8_t)	40	static
VL53L0X.cpp:349:6:void VL53L0X::readMulti(uint8_t, uint8_t*, uint8_t)	40	static
VL53L0X.cpp:362:6:bool VL53L0X::setSignalRateLimit(float)	24	static
VL53L0X.cpp:372:7:float VL53L0X::getSignalRateLimit()	16	static
VL53L0X.cpp:384:6:bool VL53L0X::setMeasurementTimingBudget(uint32_t)	80	static
VL53L0X.cpp:473:10:uint32_t VL53L0X::getMeasurementTimingBudget()	64	static
VL53L0X.cpp:527:6:bool VL53L0X::setVcselPulsePeriod(VL53L0X::vcselPeriodType, uint8_t)	56	static
VL53L0X.cpp:704:9:uint8_t VL53L0X::getVcselPulsePeriod(VL53L0X::vcselPeriodType)	16	static
VL53L0X.cpp:723:6:void VL53L0X::startContinuous(uint32_t)	24	static
VL53L0X.cpp:761:6:void VL53L0X::stopContinuous()	16	static
VL53L0X.cpp:775:10:uint16_t VL53L0X::readRangeContinuousMillimeters()	24	static
VL53L0X.cpp:799:10:uint16_t VL53L0X::readRangeSingleMillimeters()	16	static
VL53L0X.cpp:827:6:bool VL53L0X::timeoutOccurred()	24	static
VL53L0X.cpp:839:6:bool VL53L0X::getSpadInfo(uint8_t*, bool*)	32	static
VL53L0X.cpp:881:6:void VL53L0X::getSequenceStepEnables(VL53L0X::SequenceStepEnables*)	24	static
VL53L0X.cpp:896:6:void VL53L0X::getSequenceStepTimeouts(const VL53L0X::SequenceStepEnables*, VL53L0X::SequenceStepTimeouts*)	24	static
VL53L0X.cpp:930:10:static uint16_t VL53L0X::decodeTimeout(uint16_t)	16	static
VL53L0X.cpp:941:10:static uint16_t VL53L0X::encodeTimeout(uint16_t)	24	static
VL53L0X.cpp:965:10:static uint32_t VL53L0X::timeoutMclksToMicroseconds(uint16_t, uint8_t)	24	static
VL53L0X.cpp:974:10:static uint32_t VL53L0X::timeoutMicrosecondsToMclks(uint32_t, uint8_t)	24	static
VL53L0X.cpp:983:6:bool VL53L0X::performSingleRefCalibration(uint8_t)	16	static
